07-19 11:07:36.535  6552  6583 I Unity   : UnityEngine.StackTraceUtility:ExtractStackTrace () (at /Users/bokken/buildslave/unity/build/Runtime/Export/Scripting/StackTrace.cs:37)
07-19 11:07:36.535  6552  6583 I Unity   : UnityEngine.DebugLogHandler:LogFormat (UnityEngine.LogType,UnityEngine.Object,string,object[])
07-19 11:07:36.535  6552  6583 I Unity   : UnityEngine.Logger:Log (UnityEngine.LogType,object)
07-19 11:07:36.535  6552  6583 I Unity   : UnityEngine.Debug:Log (object)
07-19 11:07:36.535  6552  6583 I Unity   : HeadsetMotionGetter:Update () (at D:/UnityProjects/natml-test/Assets/HeadsetMotionGetter.cs:31)
07-19 11:07:36.535  6552  6583 I Unity   : 
07-19 11:07:36.535  6552  6583 I Unity   : VX:-0.009477316
07-19 11:07:36.535  6552  6583 I Unity   : UnityEngine.StackTraceUtility:ExtractStackTrace () (at /Users/bokken/buildslave/unity/build/Runtime/Export/Scripting/StackTrace.cs:37)
07-19 11:07:36.535  6552  6583 I Unity   : UnityEngine.DebugLogHandler:LogFormat (UnityEngine.LogType,UnityEngine.Object,string,object[])
07-19 11:07:36.535  6552  6583 I Unity   : UnityEngine.Logger:Log (UnityEngine.LogType,object)
07-19 11:07:36.535  6552  6583 I Unity   : UnityEngine.Debug:Log (object)
07-19 11:07:36.535  6552  6583 I Unity   : HeadsetMotionGetter:Update () (at D:/UnityProjects/natml-test/Assets/HeadsetMotionGetter.cs:35)
07-19 11:07:36.535  6552  6583 I Unity   : 
07-19 11:07:36.536  6552  6583 I Unity   : AX:-0.2911679
07-19 11:07:36.536  6552  6583 I Unity   : UnityEngine.StackTraceUtility:ExtractStackTrace () (at /Users/bokken/buildslave/unity/build/Runtime/Export/Scripting/StackTrace.cs:37)
07-19 11:07:36.536  6552  6583 I Unity   : UnityEngine.DebugLogHandler:LogFormat (UnityEngine.LogType,UnityEngine.Object,string,object[])
07-19 11:07:36.536  6552  6583 I Unity   : UnityEngine.Logger:Log (UnityEngine.LogType,object)
07-19 11:07:36.536  6552  6583 I Unity   : UnityEngine.Debug:Log (object)
07-19 11:07:36.536  6552  6583 I Unity   : HeadsetMotionGetter:Update () (at D:/UnityProjects/natml-test/Assets/HeadsetMotionGetter.cs:36)
07-19 11:07:36.536  6552  6583 I Unity   : 
07-19 11:07:36.536  6552  6583 I Unity   : Output data: 0
07-19 11:07:36.536  6552  6583 I Unity   : UnityEngine.StackTraceUtility:ExtractStackTrace () (at /Users/bokken/buildslave/unity/build/Runtime/Export/Scripting/StackTrace.cs:37)
07-19 11:07:36.536  6552  6583 I Unity   : UnityEngine.DebugLogHandler:LogFormat (UnityEngine.LogType,UnityEngine.Object,string,object[])
07-19 11:07:36.536  6552  6583 I Unity   : UnityEngine.Logger:Log (UnityEngine.LogType,object)
07-19 11:07:36.536  6552  6583 I Unity   : UnityEngine.Debug:Log (object)
07-19 11:07:36.536  6552  6583 I Unity   : PredictDataScript:Update () (at D:/UnityProjects/natml-test/Assets/PredictDataScript.cs:56)
07-19 11:07:36.536  6552  6583 I Unity   : 
07-19 11:07:36.542  2601  2712 I GuardianSurfaceMgr: [GuardianSurfaceMgr::GetSurfaceMapData] surface 0 does not exist in map.
07-19 11:07:36.549  6552  6583 I Unity   : PX:-0.0005487651
07-19 11:07:36.549  6552  6583 I Unity   : UnityEngine.StackTraceUtility:ExtractStackTrace () (at /Users/bokken/buildslave/unity/build/Runtime/Export/Scripting/StackTrace.cs:37)
07-19 11:07:36.549  6552  6583 I Unity   : UnityEngine.DebugLogHandler:LogFormat (UnityEngine.LogType,UnityEngine.Object,string,object[])
07-19 11:07:36.549  6552  6583 I Unity   : UnityEngine.Logger:Log (UnityEngine.LogType,object)
07-19 11:07:36.549  6552  6583 I Unity   : UnityEngine.Debug:Log (object)
07-19 11:07:36.549  6552  6583 I Unity   : HeadsetMotionGetter:Update () (at D:/UnityProjects/natml-test/Assets/HeadsetMotionGetter.cs:31)
07-19 11:07:36.549  6552  6583 I Unity   : 
07-19 11:07:36.549  6552  6583 I Unity   : VX:-0.009473938
07-19 11:07:36.549  6552  6583 I Unity   : UnityEngine.StackTraceUtility:ExtractStackTrace () (at /Users/bokken/buildslave/unity/build/Runtime/Export/Scripting/StackTrace.cs:37)
07-19 11:07:36.549  6552  6583 I Unity   : UnityEngine.DebugLogHandler:LogFormat (UnityEngine.LogType,UnityEngine.Object,string,object[])
07-19 11:07:36.549  6552  6583 I Unity   : UnityEngine.Logger:Log (UnityEngine.LogType,object)
07-19 11:07:36.549  6552  6583 I Unity   : UnityEngine.Debug:Log (object)
07-19 11:07:36.549  6552  6583 I Unity   : HeadsetMotionGetter:Update () (at D:/UnityProjects/natml-test/Assets/HeadsetMotionGetter.cs:35)
07-19 11:07:36.549  6552  6583 I Unity   : 
07-19 11:07:36.549  6552  6583 I Unity   : AX:0.0002405616
07-19 11:07:36.549  6552  6583 I Unity   : UnityEngine.StackTraceUtility:ExtractStackTrace () (at /Users/bokken/buildslave/unity/build/Runtime/Export/Scripting/StackTrace.cs:37)
07-19 11:07:36.549  6552  6583 I Unity   : UnityEngine.DebugLogHandler:LogFormat (UnityEngine.LogType,UnityEngine.Object,string,object[])
07-19 11:07:36.549  6552  6583 I Unity   : UnityEngine.Logger:Log (UnityEngine.LogType,object)
07-19 11:07:36.549  6552  6583 I Unity   : UnityEngine.Debug:Log (object)
07-19 11:07:36.549  6552  6583 I Unity   : HeadsetMotionGetter:Update () (at D:/UnityProjects/natml-test/Assets/HeadsetMotionGetter.cs:36)
07-19 11:07:36.549  6552  6583 I Unity   : 
07-19 11:07:36.550  6552  6583 I Unity   : Output data: 0
07-19 11:07:36.550  6552  6583 I Unity   : UnityEngine.StackTraceUtility:ExtractStackTrace () (at /Users/bokken/buildslave/unity/build/Runtime/Export/Scripting/StackTrace.cs:37)
07-19 11:07:36.550  6552  6583 I Unity   : UnityEngine.DebugLogHandler:LogFormat (UnityEngine.LogType,UnityEngine.Object,string,object[])
07-19 11:07:36.550  6552  6583 I Unity   : UnityEngine.Logger:Log (UnityEngine.LogType,object)
07-19 11:07:36.550  6552  6583 I Unity   : UnityEngine.Debug:Log (object)
07-19 11:07:36.550  6552  6583 I Unity   : PredictDataScript:Update () (at D:/UnityProjects/natml-test/Assets/PredictDataScript.cs:56)
07-19 11:07:36.550  6552  6583 I Unity   : 
07-19 11:07:36.556  2601  2712 I GuardianSurfaceMgr: [GuardianSurfaceMgr::GetSurfaceMapData] surface 0 does not exist in map.
07-19 11:07:36.563  6552  6583 I Unity   : PX:-0.0006498843
07-19 11:07:36.563  6552  6583 I Unity   : UnityEngine.StackTraceUtility:ExtractStackTrace () (at /Users/bokken/buildslave/unity/build/Runtime/Export/Scripting/StackTrace.cs:37)
07-19 11:07:36.563  6552  6583 I Unity   : UnityEngine.DebugLogHandler:LogFormat (UnityEngine.LogType,UnityEngine.Object,string,object[])
07-19 11:07:36.563  6552  6583 I Unity   : UnityEngine.Logger:Log (UnityEngine.LogType,object)
07-19 11:07:36.563  6552  6583 I Unity   : UnityEngine.Debug:Log (object)
07-19 11:07:36.563  6552  6583 I Unity   : HeadsetMotionGetter:Update () (at D:/UnityProjects/natml-test/Assets/HeadsetMotionGetter.cs:31)
07-19 11:07:36.563  6552  6583 I Unity   : 
07-19 11:07:36.563  6552  6583 I Unity   : VX:-0.007384872
07-19 11:07:36.563  6552  6583 I Unity   : UnityEngine.StackTraceUtility:ExtractStackTrace () (at /Users/bokken/buildslave/unity/build/Runtime/Export/Scripting/StackTrace.cs:37)
07-19 11:07:36.563  6552  6583 I Unity   : UnityEngine.DebugLogHandler:LogFormat (UnityEngine.LogType,UnityEngine.Object,string,object[])
07-19 11:07:36.563  6552  6583 I Unity   : UnityEngine.Logger:Log (UnityEngine.LogType,object)
07-19 11:07:36.563  6552  6583 I Unity   : UnityEngine.Debug:Log (object)
07-19 11:07:36.563  6552  6583 I Unity   : HeadsetMotionGetter:Update () (at D:/UnityProjects/natml-test/Assets/HeadsetMotionGetter.cs:35)
07-19 11:07:36.563  6552  6583 I Unity   : 
07-19 11:07:36.563  6552  6583 I Unity   : AX:0.1525672
07-19 11:07:36.563  6552  6583 I Unity   : UnityEngine.StackTraceUtility:ExtractStackTrace () (at /Users/bokken/buildslave/unity/build/Runtime/Export/Scripting/StackTrace.cs:37)
07-19 11:07:36.563  6552  6583 I Unity   : UnityEngine.DebugLogHandler:LogFormat (UnityEngine.LogType,UnityEngine.Object,string,object[])
07-19 11:07:36.563  6552  6583 I Unity   : UnityEngine.Logger:Log (UnityEngine.LogType,object)
07-19 11:07:36.563  6552  6583 I Unity   : UnityEngine.Debug:Log (object)
07-19 11:07:36.563  6552  6583 I Unity   : HeadsetMotionGetter:Update () (at D:/UnityProjects/natml-test/Assets/HeadsetMotionGetter.cs:36)
07-19 11:07:36.563  6552  6583 I Unity   : 
07-19 11:07:36.564  6552  6583 I Unity   : Output data: 0
07-19 11:07:36.564  6552  6583 I Unity   : UnityEngine.StackTraceUtility:ExtractStackTrace () (at /Users/bokken/buildslave/unity/build/Runtime/Export/Scripting/StackTrace.cs:37)
07-19 11:07:36.564  6552  6583 I Unity   : UnityEngine.DebugLogHandler:LogFormat (UnityEngine.LogType,UnityEngine.Object,string,object[])
07-19 11:07:36.564  6552  6583 I Unity   : UnityEngine.Logger:Log (UnityEngine.LogType,object)
07-19 11:07:36.564  6552  6583 I Unity   : UnityEngine.Debug:Log (object)
07-19 11:07:36.564  6552  6583 I Unity   : PredictDataScript:Update () (at D:/UnityProjects/natml-test/Assets/PredictDataScript.cs:56)
07-19 11:07:36.564  6552  6583 I Unity   : 
07-19 11:07:36.570  2601  2712 I GuardianSurfaceMgr: [GuardianSurfaceMgr::GetSurfaceMapData] surface 0 does not exist in map.
07-19 11:07:36.577  6552  6583 I Unity   : PX:-0.0007483363
07-19 11:07:36.577  6552  6583 I Unity   : UnityEngine.StackTraceUtility:ExtractStackTrace () (at /Users/bokken/buildslave/unity/build/Runtime/Export/Scripting/StackTrace.cs:37)
07-19 11:07:36.577  6552  6583 I Unity   : UnityEngine.DebugLogHandler:LogFormat (UnityEngine.LogType,UnityEngine.Object,string,object[])
07-19 11:07:36.577  6552  6583 I Unity   : UnityEngine.Logger:Log (UnityEngine.LogType,object)
07-19 11:07:36.577  6552  6583 I Unity   : UnityEngine.Debug:Log (object)
07-19 11:07:36.577  6552  6583 I Unity   : HeadsetMotionGetter:Update () (at D:/UnityProjects/natml-test/Assets/HeadsetMotionGetter.cs:31)
07-19 11:07:36.577  6552  6583 I Unity   : 
07-19 11:07:36.577  6552  6583 I Unity   : VX:-0.007026768
07-19 11:07:36.577  6552  6583 I Unity   : UnityEngine.StackTraceUtility:ExtractStackTrace () (at /Users/bokken/buildslave/unity/build/Runtime/Export/Scripting/StackTrace.cs:37)
07-19 11:07:36.577  6552  6583 I Unity   : UnityEngine.DebugLogHandler:LogFormat (UnityEngine.LogType,UnityEngine.Object,string,object[])
07-19 11:07:36.577  6552  6583 I Unity   : UnityEngine.Logger:Log (UnityEngine.LogType,object)
07-19 11:07:36.577  6552  6583 I Unity   : UnityEngine.Debug:Log (object)
07-19 11:07:36.577  6552  6583 I Unity   : HeadsetMotionGetter:Update () (at D:/UnityProjects/natml-test/Assets/HeadsetMotionGetter.cs:35)
07-19 11:07:36.577  6552  6583 I Unity   : 
07-19 11:07:36.577  6552  6583 I Unity   : AX:0.02555881
07-19 11:07:36.577  6552  6583 I Unity   : UnityEngine.StackTraceUtility:ExtractStackTrace () (at /Users/bokken/buildslave/unity/build/Runtime/Export/Scripting/StackTrace.cs:37)
07-19 11:07:36.577  6552  6583 I Unity   : UnityEngine.DebugLogHandler:LogFormat (UnityEngine.LogType,UnityEngine.Object,string,object[])
07-19 11:07:36.577  6552  6583 I Unity   : UnityEngine.Logger:Log (UnityEngine.LogType,object)
07-19 11:07:36.577  6552  6583 I Unity   : UnityEngine.Debug:Log (object)
07-19 11:07:36.577  6552  6583 I Unity   : HeadsetMotionGetter:Update () (at D:/UnityProjects/natml-test/Assets/HeadsetMotionGetter.cs:36)
07-19 11:07:36.577  6552  6583 I Unity   : 
07-19 11:07:36.578  6552  6583 I Unity   : Output data: 0
07-19 11:07:36.578  6552  6583 I Unity   : UnityEngine.StackTraceUtility:ExtractStackTrace () (at /Users/bokken/buildslave/unity/build/Runtime/Export/Scripting/StackTrace.cs:37)
07-19 11:07:36.578  6552  6583 I Unity   : UnityEngine.DebugLogHandler:LogFormat (UnityEngine.LogType,UnityEngine.Object,string,object[])
07-19 11:07:36.578  6552  6583 I Unity   : UnityEngine.Logger:Log (UnityEngine.LogType,object)
07-19 11:07:36.578  6552  6583 I Unity   : UnityEngine.Debug:Log (object)
07-19 11:07:36.578  6552  6583 I Unity   : PredictDataScript:Update () (at D:/UnityProjects/natml-test/Assets/PredictDataScript.cs:56)
07-19 11:07:36.578  6552  6583 I Unity   : 
07-19 11:07:36.583  2601  2712 I GuardianSurfaceMgr: [GuardianSurfaceMgr::GetSurfaceMapData] surface 0 does not exist in map.
07-19 11:07:36.591  6552  6583 I Unity   : PX:-0.0008270741
07-19 11:07:36.591  6552  6583 I Unity   : UnityEngine.StackTraceUtility:ExtractStackTrace () (at /Users/bokken/buildslave/unity/build/Runtime/Export/Scripting/StackTrace.cs:37)
07-19 11:07:36.591  6552  6583 I Unity   : UnityEngine.DebugLogHandler:LogFormat (UnityEngine.LogType,UnityEngine.Object,string,object[])
07-19 11:07:36.591  6552  6583 I Unity   : UnityEngine.Logger:Log (UnityEngine.LogType,object)
07-19 11:07:36.591  6552  6583 I Unity   : UnityEngine.Debug:Log (object)
07-19 11:07:36.591  6552  6583 I Unity   : HeadsetMotionGetter:Update () (at D:/UnityProjects/natml-test/Assets/HeadsetMotionGetter.cs:31)
07-19 11:07:36.591  6552  6583 I Unity   : 
07-19 11:07:36.591  6552  6583 I Unity   : VX:-0.005660386
07-19 11:07:36.591  6552  6583 I Unity   : UnityEngine.StackTraceUtility:ExtractStackTrace () (at /Users/bokken/buildslave/unity/build/Runtime/Export/Scripting/StackTrace.cs:37)
07-19 11:07:36.591  6552  6583 I Unity   : UnityEngine.DebugLogHandler:LogFormat (UnityEngine.LogType,UnityEngine.Object,string,object[])
07-19 11:07:36.591  6552  6583 I Unity   : UnityEngine.Logger:Log (UnityEngine.LogType,object)
07-19 11:07:36.591  6552  6583 I Unity   : UnityEngine.Debug:Log (object)
07-19 11:07:36.591  6552  6583 I Unity   : HeadsetMotionGetter:Update () (at D:/UnityProjects/natml-test/Assets/HeadsetMotionGetter.cs:35)
07-19 11:07:36.591  6552  6583 I Unity   : 
07-19 11:07:36.591  6552  6583 I Unity   : AX:0.09822796
07-19 11:07:36.591  6552  6583 I Unity   : UnityEngine.StackTraceUtility:ExtractStackTrace () (at /Users/bokken/buildslave/unity/build/Runtime/Export/Scripting/StackTrace.cs:37)
07-19 11:07:36.591  6552  6583 I Unity   : UnityEngine.DebugLogHandler:LogFormat (UnityEngine.LogType,UnityEngine.Object,string,object[])
07-19 11:07:36.591  6552  6583 I Unity   : UnityEngine.Logger:Log (UnityEngine.LogType,object)
07-19 11:07:36.591  6552  6583 I Unity   : UnityEngine.Debug:Log (object)
07-19 11:07:36.591  6552  6583 I Unity   : HeadsetMotionGetter:Update () (at D:/UnityProjects/natml-test/Assets/HeadsetMotionGetter.cs:36)
07-19 11:07:36.591  6552  6583 I Unity   : 
07-19 11:07:36.592  6552  6583 I Unity   : Output data: 0
07-19 11:07:36.592  6552  6583 I Unity   : UnityEngine.StackTraceUtility:ExtractStackTrace () (at /Users/bokken/buildslave/unity/build/Runtime/Export/Scripting/StackTrace.cs:37)
07-19 11:07:36.592  6552  6583 I Unity   : UnityEngine.DebugLogHandler:LogFormat (UnityEngine.LogType,UnityEngine.Object,string,object[])
07-19 11:07:36.592  6552  6583 I Unity   : UnityEngine.Logger:Log (UnityEngine.LogType,object)
07-19 11:07:36.592  6552  6583 I Unity   : UnityEngine.Debug:Log (object)
07-19 11:07:36.592  6552  6583 I Unity   : PredictDataScript:Update () (at D:/UnityProjects/natml-test/Assets/PredictDataScript.cs:56)
07-19 11:07:36.592  6552  6583 I Unity   : 
07-19 11:07:36.597  2601  2712 I GuardianSurfaceMgr: [GuardianSurfaceMgr::GetSurfaceMapData] surface 0 does not exist in map.
07-19 11:07:36.605  6552  6583 I Unity   : PX:-0.0008736849
07-19 11:07:36.605  6552  6583 I Unity   : UnityEngine.StackTraceUtility:ExtractStackTrace () (at /Users/bokken/buildslave/unity/build/Runtime/Export/Scripting/StackTrace.cs:37)
07-19 11:07:36.605  6552  6583 I Unity   : UnityEngine.DebugLogHandler:LogFormat (UnityEngine.LogType,UnityEngine.Object,string,object[])
07-19 11:07:36.605  6552  6583 I Unity   : UnityEngine.Logger:Log (UnityEngine.LogType,object)
07-19 11:07:36.605  6552  6583 I Unity   : UnityEngine.Debug:Log (object)
07-19 11:07:36.605  6552  6583 I Unity   : HeadsetMotionGetter:Update () (at D:/UnityProjects/natml-test/Assets/HeadsetMotionGetter.cs:31)
07-19 11:07:36.605  6552  6583 I Unity   : 
07-19 11:07:36.605  6552  6583 I Unity   : VX:-0.003373827
07-19 11:07:36.605  6552  6583 I Unity   : UnityEngine.StackTraceUtility:ExtractStackTrace () (at /Users/bokken/buildslave/unity/build/Runtime/Export/Scripting/StackTrace.cs:37)
07-19 11:07:36.605  6552  6583 I Unity   : UnityEngine.DebugLogHandler:LogFormat (UnityEngine.LogType,UnityEngine.Object,string,object[])
07-19 11:07:36.605  6552  6583 I Unity   : UnityEngine.Logger:Log (UnityEngine.LogType,object)
07-19 11:07:36.605  6552  6583 I Unity   : UnityEngine.Debug:Log (object)
07-19 11:07:36.605  6552  6583 I Unity   : HeadsetMotionGetter:Update () (at D:/UnityProjects/natml-test/Assets/HeadsetMotionGetter.cs:35)
07-19 11:07:36.605  6552  6583 I Unity   : 
07-19 11:07:36.605  6552  6583 I Unity   : AX:0.1655078
07-19 11:07:36.605  6552  6583 I Unity   : UnityEngine.StackTraceUtility:ExtractStackTrace () (at /Users/bokken/buildslave/unity/build/Runtime/Export/Scripting/StackTrace.cs:37)
07-19 11:07:36.605  6552  6583 I Unity   : UnityEngine.DebugLogHandler:LogFormat (UnityEngine.LogType,UnityEngine.Object,string,object[])
07-19 11:07:36.605  6552  6583 I Unity   : UnityEngine.Logger:Log (UnityEngine.LogType,object)
07-19 11:07:36.605  6552  6583 I Unity   : UnityEngine.Debug:Log (object)
07-19 11:07:36.605  6552  6583 I Unity   : HeadsetMotionGetter:Update () (at D:/UnityProjects/natml-test/Assets/HeadsetMotionGetter.cs:36)
07-19 11:07:36.605  6552  6583 I Unity   : 
07-19 11:07:36.606  6552  6583 I Unity   : Output data: 0
07-19 11:07:36.606  6552  6583 I Unity   : UnityEngine.StackTraceUtility:ExtractStackTrace () (at /Users/bokken/buildslave/unity/build/Runtime/Export/Scripting/StackTrace.cs:37)
07-19 11:07:36.606  6552  6583 I Unity   : UnityEngine.DebugLogHandler:LogFormat (UnityEngine.LogType,UnityEngine.Object,string,object[])
07-19 11:07:36.606  6552  6583 I Unity   : UnityEngine.Logger:Log (UnityEngine.LogType,object)
07-19 11:07:36.606  6552  6583 I Unity   : UnityEngine.Debug:Log (object)
07-19 11:07:36.606  6552  6583 I Unity   : PredictDataScript:Update () (at D:/UnityProjects/natml-test/Assets/PredictDataScript.cs:56)
07-19 11:07:36.606  6552  6583 I Unity   : 
07-19 11:07:36.611  2601  2712 I GuardianSurfaceMgr: [GuardianSurfaceMgr::GetSurfaceMapData] surface 0 does not exist in map.
07-19 11:07:36.619  6552  6583 I Unity   : PX:-0.0009339005
07-19 11:07:36.619  6552  6583 I Unity   : UnityEngine.StackTraceUtility:ExtractStackTrace () (at /Users/bokken/buildslave/unity/build/Runtime/Export/Scripting/StackTrace.cs:37)
07-19 11:07:36.619  6552  6583 I Unity   : UnityEngine.DebugLogHandler:LogFormat (UnityEngine.LogType,UnityEngine.Object,string,object[])
07-19 11:07:36.619  6552  6583 I Unity   : UnityEngine.Logger:Log (UnityEngine.LogType,object)
07-19 11:07:36.619  6552  6583 I Unity   : UnityEngine.Debug:Log (object)
07-19 11:07:36.619  6552  6583 I Unity   : HeadsetMotionGetter:Update () (at D:/UnityProjects/natml-test/Assets/HeadsetMotionGetter.cs:31)
07-19 11:07:36.619  6552  6583 I Unity   : 
07-19 11:07:36.619  6552  6583 I Unity   : VX:-0.004280698
07-19 11:07:36.619  6552  6583 I Unity   : UnityEngine.StackTraceUtility:ExtractStackTrace () (at /Users/bokken/buildslave/unity/build/Runtime/Export/Scripting/StackTrace.cs:37)
07-19 11:07:36.619  6552  6583 I Unity   : UnityEngine.DebugLogHandler:LogFormat (UnityEngine.LogType,UnityEngine.Object,string,object[])
07-19 11:07:36.619  6552  6583 I Unity   : UnityEngine.Logger:Log (UnityEngine.LogType,object)
07-19 11:07:36.619  6552  6583 I Unity   : UnityEngine.Debug:Log (object)
07-19 11:07:36.619  6552  6583 I Unity   : HeadsetMotionGetter:Update () (at D:/UnityProjects/natml-test/Assets/HeadsetMotionGetter.cs:35)
07-19 11:07:36.619  6552  6583 I Unity   : 
07-19 11:07:36.619  6552  6583 I Unity   : AX:-0.06446897
07-19 11:07:36.619  6552  6583 I Unity   : UnityEngine.StackTraceUtility:ExtractStackTrace () (at /Users/bokken/buildslave/unity/build/Runtime/Export/Scripting/StackTrace.cs:37)
07-19 11:07:36.619  6552  6583 I Unity   : UnityEngine.DebugLogHandler:LogFormat (UnityEngine.LogType,UnityEngine.Object,string,object[])
07-19 11:07:36.619  6552  6583 I Unity   : UnityEngine.Logger:Log (UnityEngine.LogType,object)
07-19 11:07:36.619  6552  6583 I Unity   : UnityEngine.Debug:Log (object)
07-19 11:07:36.619  6552  6583 I Unity   : HeadsetMotionGetter:Update () (at D:/UnityProjects/natml-test/Assets/HeadsetMotionGetter.cs:36)
07-19 11:07:36.619  6552  6583 I Unity   : 
07-19 11:07:36.620  6552  6583 I Unity   : Output data: 0
07-19 11:07:36.620  6552  6583 I Unity   : UnityEngine.StackTraceUtility:ExtractStackTrace () (at /Users/bokken/buildslave/unity/build/Runtime/Export/Scripting/StackTrace.cs:37)
07-19 11:07:36.620  6552  6583 I Unity   : UnityEngine.DebugLogHandler:LogFormat (UnityEngine.LogType,UnityEngine.Object,string,object[])
07-19 11:07:36.620  6552  6583 I Unity   : UnityEngine.Logger:Log (UnityEngine.LogType,object)
07-19 11:07:36.620  6552  6583 I Unity   : UnityEngine.Debug:Log (object)
07-19 11:07:36.620  6552  6583 I Unity   : PredictDataScript:Update () (at D:/UnityProjects/natml-test/Assets/PredictDataScript.cs:56)
07-19 11:07:36.620  6552  6583 I Unity   : 
07-19 11:07:36.625  2601  2712 I GuardianSurfaceMgr: [GuardianSurfaceMgr::GetSurfaceMapData] surface 0 does not exist in map.
07-19 11:07:36.633  6552  6583 I Unity   : PX:-0.001051903
07-19 11:07:36.633  6552  6583 I Unity   : UnityEngine.StackTraceUtility:ExtractStackTrace () (at /Users/bokken/buildslave/unity/build/Runtime/Export/Scripting/StackTrace.cs:37)
07-19 11:07:36.633  6552  6583 I Unity   : UnityEngine.DebugLogHandler:LogFormat (UnityEngine.LogType,UnityEngine.Object,string,object[])
07-19 11:07:36.633  6552  6583 I Unity   : UnityEngine.Logger:Log (UnityEngine.LogType,object)
07-19 11:07:36.633  6552  6583 I Unity   : UnityEngine.Debug:Log (object)
07-19 11:07:36.633  6552  6583 I Unity   : HeadsetMotionGetter:Update () (at D:/UnityProjects/natml-test/Assets/HeadsetMotionGetter.cs:31)
07-19 11:07:36.633  6552  6583 I Unity   : 
07-19 11:07:36.633  6552  6583 I Unity   : VX:-0.008301921
07-19 11:07:36.633  6552  6583 I Unity   : UnityEngine.StackTraceUtility:ExtractStackTrace () (at /Users/bokken/buildslave/unity/build/Runtime/Export/Scripting/StackTrace.cs:37)
07-19 11:07:36.633  6552  6583 I Unity   : UnityEngine.DebugLogHandler:LogFormat (UnityEngine.LogType,UnityEngine.Object,string,object[])
07-19 11:07:36.633  6552  6583 I Unity   : UnityEngine.Logger:Log (UnityEngine.LogType,object)
07-19 11:07:36.633  6552  6583 I Unity   : UnityEngine.Debug:Log (object)
07-19 11:07:36.633  6552  6583 I Unity   : HeadsetMotionGetter:Update () (at D:/UnityProjects/natml-test/Assets/HeadsetMotionGetter.cs:35)
07-19 11:07:36.633  6552  6583 I Unity   : 
07-19 11:07:36.633  6552  6583 I Unity   : AX:-0.2829088
07-19 11:07:36.633  6552  6583 I Unity   : UnityEngine.StackTraceUtility:ExtractStackTrace () (at /Users/bokken/buildslave/unity/build/Runtime/Export/Scripting/StackTrace.cs:37)
07-19 11:07:36.633  6552  6583 I Unity   : UnityEngine.DebugLogHandler:LogFormat (UnityEngine.LogType,UnityEngine.Object,string,object[])
07-19 11:07:36.633  6552  6583 I Unity   : UnityEngine.Logger:Log (UnityEngine.LogType,object)
07-19 11:07:36.633  6552  6583 I Unity   : UnityEngine.Debug:Log (object)
07-19 11:07:36.633  6552  6583 I Unity   : HeadsetMotionGetter:Update () (at D:/UnityProjects/natml-test/Assets/HeadsetMotionGetter.cs:36)
07-19 11:07:36.633  6552  6583 I Unity   : 
07-19 11:07:36.634  6552  6583 I Unity   : Output data: 0
07-19 11:07:36.634  6552  6583 I Unity   : UnityEngine.StackTraceUtility:ExtractStackTrace () (at /Users/bokken/buildslave/unity/build/Runtime/Export/Scripting/StackTrace.cs:37)
07-19 11:07:36.634  6552  6583 I Unity   : UnityEngine.DebugLogHandler:LogFormat (UnityEngine.LogType,UnityEngine.Object,string,object[])
07-19 11:07:36.634  6552  6583 I Unity   : UnityEngine.Logger:Log (UnityEngine.LogType,object)
07-19 11:07:36.634  6552  6583 I Unity   : UnityEngine.Debug:Log (object)
07-19 11:07:36.634  6552  6583 I Unity   : PredictDataScript:Update () (at D:/UnityProjects/natml-test/Assets/PredictDataScript.cs:56)
07-19 11:07:36.634  6552  6583 I Unity   : 
07-19 11:07:36.640  2601  2712 I GuardianSurfaceMgr: [GuardianSurfaceMgr::GetSurfaceMapData] surface 0 does not exist in map.
07-19 11:07:36.647  6552  6583 I Unity   : PX:-0.001121193
07-19 11:07:36.647  6552  6583 I Unity   : UnityEngine.StackTraceUtility:ExtractStackTrace () (at /Users/bokken/buildslave/unity/build/Runtime/Export/Scripting/StackTrace.cs:37)
07-19 11:07:36.647  6552  6583 I Unity   : UnityEngine.DebugLogHandler:LogFormat (UnityEngine.LogType,UnityEngine.Object,string,object[])
07-19 11:07:36.647  6552  6583 I Unity   : UnityEngine.Logger:Log (UnityEngine.LogType,object)
07-19 11:07:36.647  6552  6583 I Unity   : UnityEngine.Debug:Log (object)
07-19 11:07:36.647  6552  6583 I Unity   : HeadsetMotionGetter:Update () (at D:/UnityProjects/natml-test/Assets/HeadsetMotionGetter.cs:31)
07-19 11:07:36.647  6552  6583 I Unity   : 
07-19 11:07:36.647  6552  6583 I Unity   : VX:-0.005095565
07-19 11:07:36.647  6552  6583 I Unity   : UnityEngine.StackTraceUtility:ExtractStackTrace () (at /Users/bokken/buildslave/unity/build/Runtime/Export/Scripting/StackTrace.cs:37)
07-19 11:07:36.647  6552  6583 I Unity   : UnityEngine.DebugLogHandler:LogFormat (UnityEngine.LogType,UnityEngine.Object,string,object[])
07-19 11:07:36.647  6552  6583 I Unity   : UnityEngine.Logger:Log (UnityEngine.LogType,object)
07-19 11:07:36.647  6552  6583 I Unity   : UnityEngine.Debug:Log (object)
07-19 11:07:36.647  6552  6583 I Unity   : HeadsetMotionGetter:Update () (at D:/UnityProjects/natml-test/Assets/HeadsetMotionGetter.cs:35)
07-19 11:07:36.647  6552  6583 I Unity   : 
07-19 11:07:36.647  6552  6583 I Unity   : AX:0.2357931
07-19 11:07:36.647  6552  6583 I Unity   : UnityEngine.StackTraceUtility:ExtractStackTrace () (at /Users/bokken/buildslave/unity/build/Runtime/Export/Scripting/StackTrace.cs:37)
07-19 11:07:36.647  6552  6583 I Unity   : UnityEngine.DebugLogHandler:LogFormat (UnityEngine.LogType,UnityEngine.Object,string,object[])
07-19 11:07:36.647  6552  6583 I Unity   : UnityEngine.Logger:Log (UnityEngine.LogType,object)
07-19 11:07:36.647  6552  6583 I Unity   : UnityEngine.Debug:Log (object)
07-19 11:07:36.647  6552  6583 I Unity   : HeadsetMotionGetter:Update () (at D:/UnityProjects/natml-test/Assets/HeadsetMotionGetter.cs:36)
07-19 11:07:36.647  6552  6583 I Unity   : 
07-19 11:07:36.648  6552  6583 I Unity   : Output data: 0
07-19 11:07:36.648  6552  6583 I Unity   : UnityEngine.StackTraceUtility:ExtractStackTrace () (at /Users/bokken/buildslave/unity/build/Runtime/Export/Scripting/StackTrace.cs:37)
07-19 11:07:36.648  6552  6583 I Unity   : UnityEngine.DebugLogHandler:LogFormat (UnityEngine.LogType,UnityEngine.Object,string,object[])
07-19 11:07:36.648  6552  6583 I Unity   : UnityEngine.Logger:Log (UnityEngine.LogType,object)
07-19 11:07:36.648  6552  6583 I Unity   : UnityEngine.Debug:Log (object)
07-19 11:07:36.648  6552  6583 I Unity   : PredictDataScript:Update () (at D:/UnityProjects/natml-test/Assets/PredictDataScript.cs:56)
07-19 11:07:36.648  6552  6583 I Unity   : 
07-19 11:07:36.653  2601  2712 I GuardianSurfaceMgr: [GuardianSurfaceMgr::GetSurfaceMapData] surface 0 does not exist in map.
07-19 11:07:36.661  6552  6583 I Unity   : PX:-0.001138315
07-19 11:07:36.661  6552  6583 I Unity   : UnityEngine.StackTraceUtility:ExtractStackTrace () (at /Users/bokken/buildslave/unity/build/Runtime/Export/Scripting/StackTrace.cs:37)
07-19 11:07:36.661  6552  6583 I Unity   : UnityEngine.DebugLogHandler:LogFormat (UnityEngine.LogType,UnityEngine.Object,string,object[])
07-19 11:07:36.661  6552  6583 I Unity   : UnityEngine.Logger:Log (UnityEngine.LogType,object)
07-19 11:07:36.661  6552  6583 I Unity   : UnityEngine.Debug:Log (object)
07-19 11:07:36.661  6552  6583 I Unity   : HeadsetMotionGetter:Update () (at D:/UnityProjects/natml-test/Assets/HeadsetMotionGetter.cs:31)
07-19 11:07:36.661  6552  6583 I Unity   : 
07-19 11:07:36.661  6552  6583 I Unity   : VX:-0.001201122
07-19 11:07:36.661  6552  6583 I Unity   : UnityEngine.StackTraceUtility:ExtractStackTrace () (at /Users/bokken/buildslave/unity/build/Runtime/Export/Scripting/StackTrace.cs:37)
07-19 11:07:36.661  6552  6583 I Unity   : UnityEngine.DebugLogHandler:LogFormat (UnityEngine.LogType,UnityEngine.Object,string,object[])
07-19 11:07:36.661  6552  6583 I Unity   : UnityEngine.Logger:Log (UnityEngine.LogType,object)
07-19 11:07:36.661  6552  6583 I Unity   : UnityEngine.Debug:Log (object)
07-19 11:07:36.661  6552  6583 I Unity   : HeadsetMotionGetter:Update () (at D:/UnityProjects/natml-test/Assets/HeadsetMotionGetter.cs:35)
07-19 11:07:36.661  6552  6583 I Unity   : 
07-19 11:07:36.661  6552  6583 I Unity   : AX:0.2732074
07-19 11:07:36.661  6552  6583 I Unity   : UnityEngine.StackTraceUtility:ExtractStackTrace () (at /Users/bokken/buildslave/unity/build/Runtime/Export/Scripting/StackTrace.cs:37)
07-19 11:07:36.661  6552  6583 I Unity   : UnityEngine.DebugLogHandler:LogFormat (UnityEngine.LogType,UnityEngine.Object,string,object[])
07-19 11:07:36.661  6552  6583 I Unity   : UnityEngine.Logger:Log (UnityEngine.LogType,object)
07-19 11:07:36.661  6552  6583 I Unity   : UnityEngine.Debug:Log (object)
07-19 11:07:36.661  6552  6583 I Unity   : HeadsetMotionGetter:Update () (at D:/UnityProjects/natml-test/Assets/HeadsetMotionGetter.cs:36)
07-19 11:07:36.661  6552  6583 I Unity   : 
07-19 11:07:36.662  6552  6583 I Unity   : Output data: 0
07-19 11:07:36.662  6552  6583 I Unity   : UnityEngine.StackTraceUtility:ExtractStackTrace () (at /Users/bokken/buildslave/unity/build/Runtime/Export/Scripting/StackTrace.cs:37)
07-19 11:07:36.662  6552  6583 I Unity   : UnityEngine.DebugLogHandler:LogFormat (UnityEngine.LogType,UnityEngine.Object,string,object[])
07-19 11:07:36.662  6552  6583 I Unity   : UnityEngine.Logger:Log (UnityEngine.LogType,object)
07-19 11:07:36.662  6552  6583 I Unity   : UnityEngine.Debug:Log (object)
07-19 11:07:36.662  6552  6583 I Unity   : PredictDataScript:Update () (at D:/UnityProjects/natml-test/Assets/PredictDataScript.cs:56)
07-19 11:07:36.662  6552  6583 I Unity   : 
07-19 11:07:36.667  2601  2712 I GuardianSurfaceMgr: [GuardianSurfaceMgr::GetSurfaceMapData] surface 0 does not exist in map.
07-19 11:07:36.674  6552  6583 I Unity   : PX:-0.001123503
07-19 11:07:36.674  6552  6583 I Unity   : UnityEngine.StackTraceUtility:ExtractStackTrace () (at /Users/bokken/buildslave/unity/build/Runtime/Export/Scripting/StackTrace.cs:37)
07-19 11:07:36.674  6552  6583 I Unity   : UnityEngine.DebugLogHandler:LogFormat (UnityEngine.LogType,UnityEngine.Object,string,object[])
07-19 11:07:36.674  6552  6583 I Unity   : UnityEngine.Logger:Log (UnityEngine.LogType,object)
07-19 11:07:36.674  6552  6583 I Unity   : UnityEngine.Debug:Log (object)
07-19 11:07:36.674  6552  6583 I Unity   : HeadsetMotionGetter:Update () (at D:/UnityProjects/natml-test/Assets/HeadsetMotionGetter.cs:31)
07-19 11:07:36.674  6552  6583 I Unity   : 
07-19 11:07:36.675  6552  6583 I Unity   : VX:0.001013372
07-19 11:07:36.675  6552  6583 I Unity   : UnityEngine.StackTraceUtility:ExtractStackTrace () (at /Users/bokken/buildslave/unity/build/Runtime/Export/Scripting/StackTrace.cs:37)
07-19 11:07:36.675  6552  6583 I Unity   : UnityEngine.DebugLogHandler:LogFormat (UnityEngine.LogType,UnityEngine.Object,string,object[])
07-19 11:07:36.675  6552  6583 I Unity   : UnityEngine.Logger:Log (UnityEngine.LogType,object)
07-19 11:07:36.675  6552  6583 I Unity   : UnityEngine.Debug:Log (object)
07-19 11:07:36.675  6552  6583 I Unity   : HeadsetMotionGetter:Update () (at D:/UnityProjects/natml-test/Assets/HeadsetMotionGetter.cs:35)
07-19 11:07:36.675  6552  6583 I Unity   : 
07-19 11:07:36.675  6552  6583 I Unity   : AX:0.1515085
07-19 11:07:36.675  6552  6583 I Unity   : UnityEngine.StackTraceUtility:ExtractStackTrace () (at /Users/bokken/buildslave/unity/build/Runtime/Export/Scripting/StackTrace.cs:37)
07-19 11:07:36.675  6552  6583 I Unity   : UnityEngine.DebugLogHandler:LogFormat (UnityEngine.LogType,UnityEngine.Object,string,object[])
07-19 11:07:36.675  6552  6583 I Unity   : UnityEngine.Logger:Log (UnityEngine.LogType,object)
07-19 11:07:36.675  6552  6583 I Unity   : UnityEngine.Debug:Log (object)
07-19 11:07:36.675  6552  6583 I Unity   : HeadsetMotionGetter:Update () (at D:/UnityProjects/natml-test/Assets/HeadsetMotionGetter.cs:36)
07-19 11:07:36.675  6552  6583 I Unity   : 
07-19 11:07:36.676  6552  6583 I Unity   : Output data: 0
07-19 11:07:36.676  6552  6583 I Unity   : UnityEngine.StackTraceUtility:ExtractStackTrace () (at /Users/bokken/buildslave/unity/build/Runtime/Export/Scripting/StackTrace.cs:37)
07-19 11:07:36.676  6552  6583 I Unity   : UnityEngine.DebugLogHandler:LogFormat (UnityEngine.LogType,UnityEngine.Object,string,object[])
07-19 11:07:36.676  6552  6583 I Unity   : UnityEngine.Logger:Log (UnityEngine.LogType,object)
07-19 11:07:36.676  6552  6583 I Unity   : UnityEngine.Debug:Log (object)
07-19 11:07:36.676  6552  6583 I Unity   : PredictDataScript:Update () (at D:/UnityProjects/natml-test/Assets/PredictDataScript.cs:56)
07-19 11:07:36.676  6552  6583 I Unity   : 
07-19 11:07:36.682  2601  2712 I GuardianSurfaceMgr: [GuardianSurfaceMgr::GetSurfaceMapData] surface 0 does not exist in map.
07-19 11:07:36.689  6552  6583 I Unity   : PX:-0.001102179
07-19 11:07:36.689  6552  6583 I Unity   : UnityEngine.StackTraceUtility:ExtractStackTrace () (at /Users/bokken/buildslave/unity/build/Runtime/Export/Scripting/StackTrace.cs:37)
07-19 11:07:36.689  6552  6583 I Unity   : UnityEngine.DebugLogHandler:LogFormat (UnityEngine.LogType,UnityEngine.Object,string,object[])
07-19 11:07:36.689  6552  6583 I Unity   : UnityEngine.Logger:Log (UnityEngine.LogType,object)
07-19 11:07:36.689  6552  6583 I Unity   : UnityEngine.Debug:Log (object)
07-19 11:07:36.689  6552  6583 I Unity   : HeadsetMotionGetter:Update () (at D:/UnityProjects/natml-test/Assets/HeadsetMotionGetter.cs:31)
07-19 11:07:36.689  6552  6583 I Unity   : 
07-19 11:07:36.689  6552  6583 I Unity   : VX:0.001633018
07-19 11:07:36.689  6552  6583 I Unity   : UnityEngine.StackTraceUtility:ExtractStackTrace () (at /Users/bokken/buildslave/unity/build/Runtime/Export/Scripting/StackTrace.cs:37)
07-19 11:07:36.689  6552  6583 I Unity   : UnityEngine.DebugLogHandler:LogFormat (UnityEngine.LogType,UnityEngine.Object,string,object[])
07-19 11:07:36.689  6552  6583 I Unity   : UnityEngine.Logger:Log (UnityEngine.LogType,object)
07-19 11:07:36.689  6552  6583 I Unity   : UnityEngine.Debug:Log (object)
07-19 11:07:36.689  6552  6583 I Unity   : HeadsetMotionGetter:Update () (at D:/UnityProjects/natml-test/Assets/HeadsetMotionGetter.cs:35)
07-19 11:07:36.689  6552  6583 I Unity   : 
07-19 11:07:36.689  6552  6583 I Unity   : AX:0.04745423
07-19 11:07:36.689  6552  6583 I Unity   : UnityEngine.StackTraceUtility:ExtractStackTrace () (at /Users/bokken/buildslave/unity/build/Runtime/Export/Scripting/StackTrace.cs:37)
07-19 11:07:36.689  6552  6583 I Unity   : UnityEngine.DebugLogHandler:LogFormat (UnityEngine.LogType,UnityEngine.Object,string,object[])
07-19 11:07:36.689  6552  6583 I Unity   : UnityEngine.Logger:Log (UnityEngine.LogType,object)
07-19 11:07:36.689  6552  6583 I Unity   : UnityEngine.Debug:Log (object)
07-19 11:07:36.689  6552  6583 I Unity   : HeadsetMotionGetter:Update () (at D:/UnityProjects/natml-test/Assets/HeadsetMotionGetter.cs:36)
07-19 11:07:36.689  6552  6583 I Unity   : 
07-19 11:07:36.690  6552  6583 I Unity   : Output data: 0
07-19 11:07:36.690  6552  6583 I Unity   : UnityEngine.StackTraceUtility:ExtractStackTrace () (at /Users/bokken/buildslave/unity/build/Runtime/Export/Scripting/StackTrace.cs:37)
07-19 11:07:36.690  6552  6583 I Unity   : UnityEngine.DebugLogHandler:LogFormat (UnityEngine.LogType,UnityEngine.Object,string,object[])
07-19 11:07:36.690  6552  6583 I Unity   : UnityEngine.Logger:Log (UnityEngine.LogType,object)
07-19 11:07:36.690  6552  6583 I Unity   : UnityEngine.Debug:Log (object)
07-19 11:07:36.690  6552  6583 I Unity   : PredictDataScript:Update () (at D:/UnityProjects/natml-test/Assets/PredictDataScript.cs:56)
07-19 11:07:36.690  6552  6583 I Unity   : 
07-19 11:07:36.695  2601  2712 I GuardianSurfaceMgr: [GuardianSurfaceMgr::GetSurfaceMapData] surface 0 does not exist in map.
07-19 11:07:36.703  6552  6583 I Unity   : PX:-0.001112208
07-19 11:07:36.703  6552  6583 I Unity   : UnityEngine.StackTraceUtility:ExtractStackTrace () (at /Users/bokken/buildslave/unity/build/Runtime/Export/Scripting/StackTrace.cs:37)
07-19 11:07:36.703  6552  6583 I Unity   : UnityEngine.DebugLogHandler:LogFormat (UnityEngine.LogType,UnityEngine.Object,string,object[])
07-19 11:07:36.703  6552  6583 I Unity   : UnityEngine.Logger:Log (UnityEngine.LogType,object)
07-19 11:07:36.703  6552  6583 I Unity   : UnityEngine.Debug:Log (object)
07-19 11:07:36.703  6552  6583 I Unity   : HeadsetMotionGetter:Update () (at D:/UnityProjects/natml-test/Assets/HeadsetMotionGetter.cs:31)
07-19 11:07:36.703  6552  6583 I Unity   : 
07-19 11:07:36.703  6552  6583 I Unity   : VX:-0.0007028438
07-19 11:07:36.703  6552  6583 I Unity   : UnityEngine.StackTraceUtility:ExtractStackTrace () (at /Users/bokken/buildslave/unity/build/Runtime/Export/Scripting/StackTrace.cs:37)
07-19 11:07:36.703  6552  6583 I Unity   : UnityEngine.DebugLogHandler:LogFormat (UnityEngine.LogType,UnityEngine.Object,string,object[])
07-19 11:07:36.703  6552  6583 I Unity   : UnityEngine.Logger:Log (UnityEngine.LogType,object)
07-19 11:07:36.703  6552  6583 I Unity   : UnityEngine.Debug:Log (object)
07-19 11:07:36.703  6552  6583 I Unity   : HeadsetMotionGetter:Update () (at D:/UnityProjects/natml-test/Assets/HeadsetMotionGetter.cs:35)
07-19 11:07:36.703  6552  6583 I Unity   : 
07-19 11:07:36.703  6552  6583 I Unity   : AX:-0.1637083
07-19 11:07:36.703  6552  6583 I Unity   : UnityEngine.StackTraceUtility:ExtractStackTrace () (at /Users/bokken/buildslave/unity/build/Runtime/Export/Scripting/StackTrace.cs:37)
07-19 11:07:36.703  6552  6583 I Unity   : UnityEngine.DebugLogHandler:LogFormat (UnityEngine.LogType,UnityEngine.Object,string,object[])
07-19 11:07:36.703  6552  6583 I Unity   : UnityEngine.Logger:Log (UnityEngine.LogType,object)
07-19 11:07:36.703  6552  6583 I Unity   : UnityEngine.Debug:Log (object)
07-19 11:07:36.703  6552  6583 I Unity   : HeadsetMotionGetter:Update () (at D:/UnityProjects/natml-test/Assets/HeadsetMotionGetter.cs:36)
07-19 11:07:36.703  6552  6583 I Unity   : 
07-19 11:07:36.704  6552  6583 I Unity   : Output data: 0
07-19 11:07:36.704  6552  6583 I Unity   : UnityEngine.StackTraceUtility:ExtractStackTrace () (at /Users/bokken/buildslave/unity/build/Runtime/Export/Scripting/StackTrace.cs:37)
07-19 11:07:36.704  6552  6583 I Unity   : UnityEngine.DebugLogHandler:LogFormat (UnityEngine.LogType,UnityEngine.Object,string,object[])
07-19 11:07:36.704  6552  6583 I Unity   : UnityEngine.Logger:Log (UnityEngine.LogType,object)
07-19 11:07:36.704  6552  6583 I Unity   : UnityEngine.Debug:Log (object)
07-19 11:07:36.704  6552  6583 I Unity   : PredictDataScript:Update () (at D:/UnityProjects/natml-test/Assets/PredictDataScript.cs:56)
07-19 11:07:36.704  6552  6583 I Unity   : 
07-19 11:07:36.709  2601  2712 I GuardianSurfaceMgr: [GuardianSurfaceMgr::GetSurfaceMapData] surface 0 does not exist in map.
07-19 11:07:36.716  6552  6583 I Unity   : PX:-0.001139179
07-19 11:07:36.716  6552  6583 I Unity   : UnityEngine.StackTraceUtility:ExtractStackTrace () (at /Users/bokken/buildslave/unity/build/Runtime/Export/Scripting/StackTrace.cs:37)
07-19 11:07:36.716  6552  6583 I Unity   : UnityEngine.DebugLogHandler:LogFormat (UnityEngine.LogType,UnityEngine.Object,string,object[])
07-19 11:07:36.716  6552  6583 I Unity   : UnityEngine.Logger:Log (UnityEngine.LogType,object)
07-19 11:07:36.716  6552  6583 I Unity   : UnityEngine.Debug:Log (object)
07-19 11:07:36.716  6552  6583 I Unity   : HeadsetMotionGetter:Update () (at D:/UnityProjects/natml-test/Assets/HeadsetMotionGetter.cs:31)
07-19 11:07:36.716  6552  6583 I Unity   : 
07-19 11:07:36.716  6552  6583 I Unity   : VX:-0.001888409
07-19 11:07:36.716  6552  6583 I Unity   : UnityEngine.StackTraceUtility:ExtractStackTrace () (at /Users/bokken/buildslave/unity/build/Runtime/Export/Scripting/StackTrace.cs:37)
07-19 11:07:36.716  6552  6583 I Unity   : UnityEngine.DebugLogHandler:LogFormat (UnityEngine.LogType,UnityEngine.Object,string,object[])
07-19 11:07:36.716  6552  6583 I Unity   : UnityEngine.Logger:Log (UnityEngine.LogType,object)
07-19 11:07:36.716  6552  6583 I Unity   : UnityEngine.Debug:Log (object)
07-19 11:07:36.716  6552  6583 I Unity   : HeadsetMotionGetter:Update () (at D:/UnityProjects/natml-test/Assets/HeadsetMotionGetter.cs:35)
07-19 11:07:36.716  6552  6583 I Unity   : 
07-19 11:07:36.717  6552  6583 I Unity   : AX:-0.08300853
07-19 11:07:36.717  6552  6583 I Unity   : UnityEngine.StackTraceUtility:ExtractStackTrace () (at /Users/bokken/buildslave/unity/build/Runtime/Export/Scripting/StackTrace.cs:37)
07-19 11:07:36.717  6552  6583 I Unity   : UnityEngine.DebugLogHandler:LogFormat (UnityEngine.LogType,UnityEngine.Object,string,object[])
07-19 11:07:36.717  6552  6583 I Unity   : UnityEngine.Logger:Log (UnityEngine.LogType,object)
07-19 11:07:36.717  6552  6583 I Unity   : UnityEngine.Debug:Log (object)
07-19 11:07:36.717  6552  6583 I Unity   : HeadsetMotionGetter:Update () (at D:/UnityProjects/natml-test/Assets/HeadsetMotionGetter.cs:36)
07-19 11:07:36.717  6552  6583 I Unity   : 
07-19 11:07:36.717  6552  6583 I Unity   : Output data: 0
07-19 11:07:36.717  6552  6583 I Unity   : UnityEngine.StackTraceUtility:ExtractStackTrace () (at /Users/bokken/buildslave/unity/build/Runtime/Export/Scripting/StackTrace.cs:37)
07-19 11:07:36.717  6552  6583 I Unity   : UnityEngine.DebugLogHandler:LogFormat (UnityEngine.LogType,UnityEngine.Object,string,object[])
07-19 11:07:36.717  6552  6583 I Unity   : UnityEngine.Logger:Log (UnityEngine.LogType,object)
07-19 11:07:36.717  6552  6583 I Unity   : UnityEngine.Debug:Log (object)
07-19 11:07:36.717  6552  6583 I Unity   : PredictDataScript:Update () (at D:/UnityProjects/natml-test/Assets/PredictDataScript.cs:56)
07-19 11:07:36.717  6552  6583 I Unity   : 
07-19 11:07:36.723  2601  2712 I GuardianSurfaceMgr: [GuardianSurfaceMgr::GetSurfaceMapData] surface 0 does not exist in map.
07-19 11:07:36.730  6552  6583 I Unity   : PX:-0.001187891
07-19 11:07:36.730  6552  6583 I Unity   : UnityEngine.StackTraceUtility:ExtractStackTrace () (at /Users/bokken/buildslave/unity/build/Runtime/Export/Scripting/StackTrace.cs:37)
07-19 11:07:36.730  6552  6583 I Unity   : UnityEngine.DebugLogHandler:LogFormat (UnityEngine.LogType,UnityEngine.Object,string,object[])
07-19 11:07:36.730  6552  6583 I Unity   : UnityEngine.Logger:Log (UnityEngine.LogType,object)
07-19 11:07:36.730  6552  6583 I Unity   : UnityEngine.Debug:Log (object)
07-19 11:07:36.730  6552  6583 I Unity   : HeadsetMotionGetter:Update () (at D:/UnityProjects/natml-test/Assets/HeadsetMotionGetter.cs:31)
07-19 11:07:36.730  6552  6583 I Unity   : 
07-19 11:07:36.731  6552  6583 I Unity   : VX:-0.00352219
07-19 11:07:36.731  6552  6583 I Unity   : UnityEngine.StackTraceUtility:ExtractStackTrace () (at /Users/bokken/buildslave/unity/build/Runtime/Export/Scripting/StackTrace.cs:37)
07-19 11:07:36.731  6552  6583 I Unity   : UnityEngine.DebugLogHandler:LogFormat (UnityEngine.LogType,UnityEngine.Object,string,object[])
07-19 11:07:36.731  6552  6583 I Unity   : UnityEngine.Logger:Log (UnityEngine.LogType,object)
07-19 11:07:36.731  6552  6583 I Unity   : UnityEngine.Debug:Log (object)
07-19 11:07:36.731  6552  6583 I Unity   : HeadsetMotionGetter:Update () (at D:/UnityProjects/natml-test/Assets/HeadsetMotionGetter.cs:35)
07-19 11:07:36.731  6552  6583 I Unity   : 
07-19 11:07:36.731  6552  6583 I Unity   : AX:-0.1181332
07-19 11:07:36.731  6552  6583 I Unity   : UnityEngine.StackTraceUtility:ExtractStackTrace () (at /Users/bokken/buildslave/unity/build/Runtime/Export/Scripting/StackTrace.cs:37)
07-19 11:07:36.731  6552  6583 I Unity   : UnityEngine.DebugLogHandler:LogFormat (UnityEngine.LogType,UnityEngine.Object,string,object[])
07-19 11:07:36.731  6552  6583 I Unity   : UnityEngine.Logger:Log (UnityEngine.LogType,object)
07-19 11:07:36.731  6552  6583 I Unity   : UnityEngine.Debug:Log (object)
07-19 11:07:36.731  6552  6583 I Unity   : HeadsetMotionGetter:Update () (at D:/UnityProjects/natml-test/Assets/HeadsetMotionGetter.cs:36)
07-19 11:07:36.731  6552  6583 I Unity   : 
07-19 11:07:36.732  6552  6583 I Unity   : Output data: 0
07-19 11:07:36.732  6552  6583 I Unity   : UnityEngine.StackTraceUtility:ExtractStackTrace () (at /Users/bokken/buildslave/unity/build/Runtime/Export/Scripting/StackTrace.cs:37)
07-19 11:07:36.732  6552  6583 I Unity   : UnityEngine.DebugLogHandler:LogFormat (UnityEngine.LogType,UnityEngine.Object,string,object[])
07-19 11:07:36.732  6552  6583 I Unity   : UnityEngine.Logger:Log (UnityEngine.LogType,object)
07-19 11:07:36.732  6552  6583 I Unity   : UnityEngine.Debug:Log (object)
07-19 11:07:36.732  6552  6583 I Unity   : PredictDataScript:Update () (at D:/UnityProjects/natml-test/Assets/PredictDataScript.cs:56)
07-19 11:07:36.732  6552  6583 I Unity   : 
07-19 11:07:36.737  2601  2712 I GuardianSurfaceMgr: [GuardianSurfaceMgr::GetSurfaceMapData] surface 0 does not exist in map.
07-19 11:07:36.744  6552  6583 I Unity   : PX:-0.001198813
07-19 11:07:36.744  6552  6583 I Unity   : UnityEngine.StackTraceUtility:ExtractStackTrace () (at /Users/bokken/buildslave/unity/build/Runtime/Export/Scripting/StackTrace.cs:37)
07-19 11:07:36.744  6552  6583 I Unity   : UnityEngine.DebugLogHandler:LogFormat (UnityEngine.LogType,UnityEngine.Object,string,object[])
07-19 11:07:36.744  6552  6583 I Unity   : UnityEngine.Logger:Log (UnityEngine.LogType,object)
07-19 11:07:36.744  6552  6583 I Unity   : UnityEngine.Debug:Log (object)
07-19 11:07:36.744  6552  6583 I Unity   : HeadsetMotionGetter:Update () (at D:/UnityProjects/natml-test/Assets/HeadsetMotionGetter.cs:31)
07-19 11:07:36.744  6552  6583 I Unity   : 
07-19 11:07:36.744  6552  6583 I Unity   : VX:-0.0008064706
07-19 11:07:36.744  6552  6583 I Unity   : UnityEngine.StackTraceUtility:ExtractStackTrace () (at /Users/bokken/buildslave/unity/build/Runtime/Export/Scripting/StackTrace.cs:37)
07-19 11:07:36.744  6552  6583 I Unity   : UnityEngine.DebugLogHandler:LogFormat (UnityEngine.LogType,UnityEngine.Object,string,object[])
07-19 11:07:36.744  6552  6583 I Unity   : UnityEngine.Logger:Log (UnityEngine.LogType,object)
07-19 11:07:36.744  6552  6583 I Unity   : UnityEngine.Debug:Log (object)
07-19 11:07:36.744  6552  6583 I Unity   : HeadsetMotionGetter:Update () (at D:/UnityProjects/natml-test/Assets/HeadsetMotionGetter.cs:35)
07-19 11:07:36.744  6552  6583 I Unity   : 
07-19 11:07:36.744  6552  6583 I Unity   : AX:0.2005162
07-19 11:07:36.744  6552  6583 I Unity   : UnityEngine.StackTraceUtility:ExtractStackTrace () (at /Users/bokken/buildslave/unity/build/Runtime/Export/Scripting/StackTrace.cs:37)
07-19 11:07:36.744  6552  6583 I Unity   : UnityEngine.DebugLogHandler:LogFormat (UnityEngine.LogType,UnityEngine.Object,string,object[])
07-19 11:07:36.744  6552  6583 I Unity   : UnityEngine.Logger:Log (UnityEngine.LogType,object)
07-19 11:07:36.744  6552  6583 I Unity   : UnityEngine.Debug:Log (object)
07-19 11:07:36.744  6552  6583 I Unity   : HeadsetMotionGetter:Update () (at D:/UnityProjects/natml-test/Assets/HeadsetMotionGetter.cs:36)
07-19 11:07:36.744  6552  6583 I Unity   : 
07-19 11:07:36.745  6552  6583 I Unity   : Output data: 0
07-19 11:07:36.745  6552  6583 I Unity   : UnityEngine.StackTraceUtility:ExtractStackTrace () (at /Users/bokken/buildslave/unity/build/Runtime/Export/Scripting/StackTrace.cs:37)
07-19 11:07:36.745  6552  6583 I Unity   : UnityEngine.DebugLogHandler:LogFormat (UnityEngine.LogType,UnityEngine.Object,string,object[])
07-19 11:07:36.745  6552  6583 I Unity   : UnityEngine.Logger:Log (UnityEngine.LogType,object)
07-19 11:07:36.745  6552  6583 I Unity   : UnityEngine.Debug:Log (object)
07-19 11:07:36.745  6552  6583 I Unity   : PredictDataScript:Update () (at D:/UnityProjects/natml-test/Assets/PredictDataScript.cs:56)
07-19 11:07:36.745  6552  6583 I Unity   : 
07-19 11:07:36.751  2601  2712 I GuardianSurfaceMgr: [GuardianSurfaceMgr::GetSurfaceMapData] surface 0 does not exist in map.
07-19 11:07:36.758  6552  6583 I Unity   : PX:-0.001203939
07-19 11:07:36.758  6552  6583 I Unity   : UnityEngine.StackTraceUtility:ExtractStackTrace () (at /Users/bokken/buildslave/unity/build/Runtime/Export/Scripting/StackTrace.cs:37)
07-19 11:07:36.758  6552  6583 I Unity   : UnityEngine.DebugLogHandler:LogFormat (UnityEngine.LogType,UnityEngine.Object,string,object[])
07-19 11:07:36.758  6552  6583 I Unity   : UnityEngine.Logger:Log (UnityEngine.LogType,object)
07-19 11:07:36.758  6552  6583 I Unity   : UnityEngine.Debug:Log (object)
07-19 11:07:36.758  6552  6583 I Unity   : HeadsetMotionGetter:Update () (at D:/UnityProjects/natml-test/Assets/HeadsetMotionGetter.cs:31)
07-19 11:07:36.758  6552  6583 I Unity   : 
07-19 11:07:36.758  6552  6583 I Unity   : VX:-0.0003738649
07-19 11:07:36.758  6552  6583 I Unity   : UnityEngine.StackTraceUtility:ExtractStackTrace () (at /Users/bokken/buildslave/unity/build/Runtime/Export/Scripting/StackTrace.cs:37)
07-19 11:07:36.758  6552  6583 I Unity   : UnityEngine.DebugLogHandler:LogFormat (UnityEngine.LogType,UnityEngine.Object,string,object[])
07-19 11:07:36.758  6552  6583 I Unity   : UnityEngine.Logger:Log (UnityEngine.LogType,object)
07-19 11:07:36.758  6552  6583 I Unity   : UnityEngine.Debug:Log (object)
07-19 11:07:36.758  6552  6583 I Unity   : HeadsetMotionGetter:Update () (at D:/UnityProjects/natml-test/Assets/HeadsetMotionGetter.cs:35)
07-19 11:07:36.758  6552  6583 I Unity   : 
07-19 11:07:36.758  6552  6583 I Unity   : AX:0.03155211
