07-19 11:07:24.303  2601  2712 I GuardianSurfaceMgr: [GuardianSurfaceMgr::GetSurfaceMapData] surface 0 does not exist in map.
07-19 11:07:24.317  2601  2712 I GuardianSurfaceMgr: [GuardianSurfaceMgr::GetSurfaceMapData] surface 0 does not exist in map.
07-19 11:07:24.331  2601  2712 I GuardianSurfaceMgr: [GuardianSurfaceMgr::GetSurfaceMapData] surface 0 does not exist in map.
07-19 11:07:24.345  2601  2712 I GuardianSurfaceMgr: [GuardianSurfaceMgr::GetSurfaceMapData] surface 0 does not exist in map.
07-19 11:07:24.359  2601  2712 I GuardianSurfaceMgr: [GuardianSurfaceMgr::GetSurfaceMapData] surface 0 does not exist in map.
07-19 11:07:24.376  2601  2712 I GuardianSurfaceMgr: [GuardianSurfaceMgr::GetSurfaceMapData] surface 0 does not exist in map.
07-19 11:07:24.386  2601  2712 I GuardianSurfaceMgr: [GuardianSurfaceMgr::GetSurfaceMapData] surface 0 does not exist in map.
07-19 11:07:24.401  2601  2712 I GuardianSurfaceMgr: [GuardianSurfaceMgr::GetSurfaceMapData] surface 0 does not exist in map.
07-19 11:07:24.414  2601  2712 I GuardianSurfaceMgr: [GuardianSurfaceMgr::GetSurfaceMapData] surface 0 does not exist in map.
07-19 11:07:24.428  2601  2712 I GuardianSurfaceMgr: [GuardianSurfaceMgr::GetSurfaceMapData] surface 0 does not exist in map.
07-19 11:07:24.442  2601  2712 I GuardianSurfaceMgr: [GuardianSurfaceMgr::GetSurfaceMapData] surface 0 does not exist in map.
07-19 11:07:24.456  2601  2712 I GuardianSurfaceMgr: [GuardianSurfaceMgr::GetSurfaceMapData] surface 0 does not exist in map.
07-19 11:07:24.470  2601  2712 I GuardianSurfaceMgr: [GuardianSurfaceMgr::GetSurfaceMapData] surface 0 does not exist in map.
07-19 11:07:24.484  2601  2712 I GuardianSurfaceMgr: [GuardianSurfaceMgr::GetSurfaceMapData] surface 0 does not exist in map.
07-19 11:07:24.498  2601  2712 I GuardianSurfaceMgr: [GuardianSurfaceMgr::GetSurfaceMapData] surface 0 does not exist in map.
07-19 11:07:24.504   860  5383 I [CT]    : NIMBLE:HTEngine: [Throttled count=125] FMM: enabled: false; active: false
07-19 11:07:24.505   860  5383 I [CT]    : NIMBLE:HTEngine: [Frame 16342 camera 0] [HT] has_hand =  NO, irradiance_proxy =  63244.6, intensity =   88.9, exposure =  1.406ms, gain =    1
07-19 11:07:24.512  2601  2712 I GuardianSurfaceMgr: [GuardianSurfaceMgr::GetSurfaceMapData] surface 0 does not exist in map.
07-19 11:07:24.526  2601  2712 I GuardianSurfaceMgr: [GuardianSurfaceMgr::GetSurfaceMapData] surface 0 does not exist in map.
07-19 11:07:24.540  2601  2712 I GuardianSurfaceMgr: [GuardianSurfaceMgr::GetSurfaceMapData] surface 0 does not exist in map.
07-19 11:07:24.553  2601  2712 I GuardianSurfaceMgr: [GuardianSurfaceMgr::GetSurfaceMapData] surface 0 does not exist in map.
07-19 11:07:24.567  2601  2712 I GuardianSurfaceMgr: [GuardianSurfaceMgr::GetSurfaceMapData] surface 0 does not exist in map.
07-19 11:07:24.582  2601  2712 I GuardianSurfaceMgr: [GuardianSurfaceMgr::GetSurfaceMapData] surface 0 does not exist in map.
07-19 11:07:24.595  2601  2712 I GuardianSurfaceMgr: [GuardianSurfaceMgr::GetSurfaceMapData] surface 0 does not exist in map.
07-19 11:07:24.599   860  5350 W [CT]    : TIMESTAMPCHECKER: Nominal rate wrong. Estimated data rate: 25, Nominal is 30.000300003000028
07-19 11:07:24.610  2601  2712 I GuardianSurfaceMgr: [GuardianSurfaceMgr::GetSurfaceMapData] surface 0 does not exist in map.
07-19 11:07:24.623  2601  2712 I GuardianSurfaceMgr: [GuardianSurfaceMgr::GetSurfaceMapData] surface 0 does not exist in map.
07-19 11:07:24.637  2601  2712 I GuardianSurfaceMgr: [GuardianSurfaceMgr::GetSurfaceMapData] surface 0 does not exist in map.
07-19 11:07:24.651  2601  2712 I GuardianSurfaceMgr: [GuardianSurfaceMgr::GetSurfaceMapData] surface 0 does not exist in map.
07-19 11:07:24.665  2601  2712 I GuardianSurfaceMgr: [GuardianSurfaceMgr::GetSurfaceMapData] surface 0 does not exist in map.
07-19 11:07:24.679  2601  2712 I GuardianSurfaceMgr: [GuardianSurfaceMgr::GetSurfaceMapData] surface 0 does not exist in map.
07-19 11:07:24.693  2601  2712 I GuardianSurfaceMgr: [GuardianSurfaceMgr::GetSurfaceMapData] surface 0 does not exist in map.
07-19 11:07:24.706  2601  2712 I GuardianSurfaceMgr: [GuardianSurfaceMgr::GetSurfaceMapData] surface 0 does not exist in map.
07-19 11:07:24.721  2601  2712 I GuardianSurfaceMgr: [GuardianSurfaceMgr::GetSurfaceMapData] surface 0 does not exist in map.
07-19 11:07:24.734  2601  2712 I GuardianSurfaceMgr: [GuardianSurfaceMgr::GetSurfaceMapData] surface 0 does not exist in map.
07-19 11:07:24.748  2601  2712 I GuardianSurfaceMgr: [GuardianSurfaceMgr::GetSurfaceMapData] surface 0 does not exist in map.
07-19 11:07:24.763  2601  2712 I GuardianSurfaceMgr: [GuardianSurfaceMgr::GetSurfaceMapData] surface 0 does not exist in map.
07-19 11:07:24.777  2601  2712 I GuardianSurfaceMgr: [GuardianSurfaceMgr::GetSurfaceMapData] surface 0 does not exist in map.
07-19 11:07:24.790  2601  2712 I GuardianSurfaceMgr: [GuardianSurfaceMgr::GetSurfaceMapData] surface 0 does not exist in map.
07-19 11:07:24.804  2601  2712 I GuardianSurfaceMgr: [GuardianSurfaceMgr::GetSurfaceMapData] surface 0 does not exist in map.
07-19 11:07:24.818   860  5383 I [CT]    : NIMBLE:HTEngine: active tracking pipeline: 1
07-19 11:07:24.818  2601  2712 I GuardianSurfaceMgr: [GuardianSurfaceMgr::GetSurfaceMapData] surface 0 does not exist in map.
07-19 11:07:24.825   860  5383 I [CT]    : NIMBLE:HTEngine: Hand Tracking Processed FPS = 25.0 Hz / Camera FPS = 25.0
07-19 11:07:24.832  2601  2712 I GuardianSurfaceDistanceCalculationMgr: [mr_surface_key] GuardianSurfaceDistanceCalculationMgr::UpdateCurrentBound: bound changed from [1] to [0]. activeBound_=[1]. Surface distance is -340282346638528859811704183484516925440.000000, guardian distance is -0.000065
07-19 11:07:24.832  2601  2712 I GuardianSurfaceMgr: [GuardianSurfaceMgr::GetSurfaceMapData] surface 0 does not exist in map.
07-19 11:07:24.846  2601  2712 I GuardianSurfaceMgr: [GuardianSurfaceMgr::GetSurfaceMapData] surface 0 does not exist in map.
07-19 11:07:24.860  2601  2712 I GuardianSurfaceMgr: [GuardianSurfaceMgr::GetSurfaceMapData] surface 0 does not exist in map.
07-19 11:07:24.874  2601  2712 I GuardianSurfaceMgr: [GuardianSurfaceMgr::GetSurfaceMapData] surface 0 does not exist in map.
07-19 11:07:24.887  2601  2712 I GuardianSurfaceMgr: [GuardianSurfaceMgr::GetSurfaceMapData] surface 0 does not exist in map.
07-19 11:07:24.902  2601  2712 I GuardianSurfaceMgr: [GuardianSurfaceMgr::GetSurfaceMapData] surface 0 does not exist in map.
07-19 11:07:24.916  2601  2712 I GuardianSurfaceMgr: [GuardianSurfaceMgr::GetSurfaceMapData] surface 0 does not exist in map.
07-19 11:07:24.930  2601  2712 I GuardianSurfaceMgr: [GuardianSurfaceMgr::GetSurfaceMapData] surface 0 does not exist in map.
07-19 11:07:24.943  2601  2712 I GuardianSurfaceMgr: [GuardianSurfaceMgr::GetSurfaceMapData] surface 0 does not exist in map.
07-19 11:07:24.957  2601  2712 I GuardianSurfaceMgr: [GuardianSurfaceMgr::GetSurfaceMapData] surface 0 does not exist in map.
07-19 11:07:24.971  2601  2712 I GuardianSurfaceMgr: [GuardianSurfaceMgr::GetSurfaceMapData] surface 0 does not exist in map.
07-19 11:07:24.985  2601  2712 I GuardianSurfaceMgr: [GuardianSurfaceMgr::GetSurfaceMapData] surface 0 does not exist in map.
07-19 11:07:25.001  2601  2712 I GuardianSurfaceMgr: [GuardianSurfaceMgr::GetSurfaceMapData] surface 0 does not exist in map.
07-19 11:07:25.007  6552  6650 I chatty  : uid=10108(com.DefaultCompany.natmltest) OVR::Stats expire 1 line
07-19 11:07:25.007  6552  6583 I chatty  : uid=10108(com.DefaultCompany.natmltest) UnityMain expire 358 lines
07-19 11:07:25.013  2601  2712 I GuardianSurfaceMgr: [GuardianSurfaceMgr::GetSurfaceMapData] surface 0 does not exist in map.
07-19 11:07:25.026  2601  2712 I GuardianSurfaceMgr: [GuardianSurfaceMgr::GetSurfaceMapData] surface 0 does not exist in map.
07-19 11:07:25.041  2601  2712 I GuardianSurfaceMgr: [GuardianSurfaceMgr::GetSurfaceMapData] surface 0 does not exist in map.
07-19 11:07:25.055  2601  2712 I GuardianSurfaceMgr: [GuardianSurfaceMgr::GetSurfaceMapData] surface 0 does not exist in map.
07-19 11:07:25.069  2601  2712 I GuardianSurfaceMgr: [GuardianSurfaceMgr::GetSurfaceMapData] surface 0 does not exist in map.
07-19 11:07:25.083  2601  2712 I GuardianSurfaceMgr: [GuardianSurfaceMgr::GetSurfaceMapData] surface 0 does not exist in map.
07-19 11:07:25.097  2601  2712 I GuardianSurfaceMgr: [GuardianSurfaceMgr::GetSurfaceMapData] surface 0 does not exist in map.
07-19 11:07:25.111  2601  2712 I GuardianSurfaceMgr: [GuardianSurfaceMgr::GetSurfaceMapData] surface 0 does not exist in map.
07-19 11:07:25.125  2601  2712 I GuardianSurfaceMgr: [GuardianSurfaceMgr::GetSurfaceMapData] surface 0 does not exist in map.
07-19 11:07:25.139  2601  2712 I GuardianSurfaceMgr: [GuardianSurfaceMgr::GetSurfaceMapData] surface 0 does not exist in map.
07-19 11:07:25.152  2601  2712 I GuardianSurfaceMgr: [GuardianSurfaceMgr::GetSurfaceMapData] surface 0 does not exist in map.
07-19 11:07:25.166  2601  2712 I GuardianSurfaceMgr: [GuardianSurfaceMgr::GetSurfaceMapData] surface 0 does not exist in map.
07-19 11:07:25.180  2601  2712 I GuardianSurfaceMgr: [GuardianSurfaceMgr::GetSurfaceMapData] surface 0 does not exist in map.
07-19 11:07:25.194  2601  2712 I GuardianSurfaceMgr: [GuardianSurfaceMgr::GetSurfaceMapData] surface 0 does not exist in map.
07-19 11:07:25.208  2601  2712 I GuardianSurfaceMgr: [GuardianSurfaceMgr::GetSurfaceMapData] surface 0 does not exist in map.
07-19 11:07:25.222  2601  2712 I GuardianSurfaceMgr: [GuardianSurfaceMgr::GetSurfaceMapData] surface 0 does not exist in map.
07-19 11:07:25.235  2601  2712 I GuardianSurfaceMgr: [GuardianSurfaceMgr::GetSurfaceMapData] surface 0 does not exist in map.
07-19 11:07:25.250  2601  2712 I GuardianSurfaceMgr: [GuardianSurfaceMgr::GetSurfaceMapData] surface 0 does not exist in map.
07-19 11:07:25.264  2601  2712 I GuardianSurfaceMgr: [GuardianSurfaceMgr::GetSurfaceMapData] surface 0 does not exist in map.
07-19 11:07:25.278  2601  2712 I GuardianSurfaceMgr: [GuardianSurfaceMgr::GetSurfaceMapData] surface 0 does not exist in map.
07-19 11:07:25.291  2601  2712 I GuardianSurfaceMgr: [GuardianSurfaceMgr::GetSurfaceMapData] surface 0 does not exist in map.
07-19 11:07:25.305  2601  2712 I GuardianSurfaceDistanceCalculationMgr: [mr_surface_key] GuardianSurfaceDistanceCalculationMgr::UpdateCurrentBound: bound changed from [0] to [1]. activeBound_=[1]. Surface distance is -340282346638528859811704183484516925440.000000, guardian distance is 0.000071
07-19 11:07:25.306  2601  2712 I GuardianSurfaceMgr: [GuardianSurfaceMgr::GetSurfaceMapData] surface 0 does not exist in map.
07-19 11:07:25.320  2601  2712 I GuardianSurfaceMgr: [GuardianSurfaceMgr::GetSurfaceMapData] surface 0 does not exist in map.
07-19 11:07:25.333  2601  2712 I GuardianSurfaceMgr: [GuardianSurfaceMgr::GetSurfaceMapData] surface 0 does not exist in map.
07-19 11:07:25.347  2601  2712 I GuardianSurfaceMgr: [GuardianSurfaceMgr::GetSurfaceMapData] surface 0 does not exist in map.
07-19 11:07:25.361  2601  2712 I GuardianSurfaceMgr: [GuardianSurfaceMgr::GetSurfaceMapData] surface 0 does not exist in map.
07-19 11:07:25.375  2601  2712 I GuardianSurfaceMgr: [GuardianSurfaceMgr::GetSurfaceMapData] surface 0 does not exist in map.
07-19 11:07:25.377   860  5350 I [CT]    : VIPER: Mode=SuperVega,Status=6DoF,TRACKING,Inl=28,Mem=84.0,Jit=0.1mm,Issues(Cam/min=0.1,IMU/min=0.0),Exp=(2.9ms,g=1.0,I=67,Ir=22781.4)(4.2ms,g=1.0,I=74,Ir=17640.0)(2.9ms,g=1.0,I=81,Ir=27826.4)(3.3ms,g=1.0,I=75,Ir=22950.4)
07-19 11:07:25.389  2601  2712 I GuardianSurfaceMgr: [GuardianSurfaceMgr::GetSurfaceMapData] surface 0 does not exist in map.
07-19 11:07:25.403  2601  2712 I GuardianSurfaceMgr: [GuardianSurfaceMgr::GetSurfaceMapData] surface 0 does not exist in map.
07-19 11:07:25.417  2601  2712 I GuardianSurfaceMgr: [GuardianSurfaceMgr::GetSurfaceMapData] surface 0 does not exist in map.
07-19 11:07:25.430  2601  2712 I GuardianSurfaceMgr: [GuardianSurfaceMgr::GetSurfaceMapData] surface 0 does not exist in map.
07-19 11:07:25.445  2601  2712 I GuardianSurfaceMgr: [GuardianSurfaceMgr::GetSurfaceMapData] surface 0 does not exist in map.
07-19 11:07:25.458  2601  2712 I GuardianSurfaceMgr: [GuardianSurfaceMgr::GetSurfaceMapData] surface 0 does not exist in map.
07-19 11:07:25.472  2601  2712 I GuardianSurfaceMgr: [GuardianSurfaceMgr::GetSurfaceMapData] surface 0 does not exist in map.
07-19 11:07:25.486  2601  2712 I GuardianSurfaceMgr: [GuardianSurfaceMgr::GetSurfaceMapData] surface 0 does not exist in map.
07-19 11:07:25.501  2601  2712 I GuardianSurfaceMgr: [GuardianSurfaceMgr::GetSurfaceMapData] surface 0 does not exist in map.
07-19 11:07:25.514  2601  2712 I GuardianSurfaceMgr: [GuardianSurfaceMgr::GetSurfaceMapData] surface 0 does not exist in map.
07-19 11:07:25.528  2601  2712 I GuardianSurfaceMgr: [GuardianSurfaceMgr::GetSurfaceMapData] surface 0 does not exist in map.
07-19 11:07:25.542  2601  2712 I GuardianSurfaceMgr: [GuardianSurfaceMgr::GetSurfaceMapData] surface 0 does not exist in map.
07-19 11:07:25.555  2601  2712 I GuardianSurfaceMgr: [GuardianSurfaceMgr::GetSurfaceMapData] surface 0 does not exist in map.
07-19 11:07:25.570  2601  2712 I GuardianSurfaceMgr: [GuardianSurfaceMgr::GetSurfaceMapData] surface 0 does not exist in map.
07-19 11:07:25.584  2601  2712 I GuardianSurfaceDistanceCalculationMgr: [mr_surface_key] GuardianSurfaceDistanceCalculationMgr::UpdateCurrentBound: bound changed from [1] to [0]. activeBound_=[1]. Surface distance is -340282346638528859811704183484516925440.000000, guardian distance is -0.000044
07-19 11:07:25.585  2601  2712 I GuardianSurfaceMgr: [GuardianSurfaceMgr::GetSurfaceMapData] surface 0 does not exist in map.
07-19 11:07:25.598  2601  2712 I GuardianSurfaceMgr: [GuardianSurfaceMgr::GetSurfaceMapData] surface 0 does not exist in map.
07-19 11:07:25.612  2601  2712 I GuardianSurfaceMgr: [GuardianSurfaceMgr::GetSurfaceMapData] surface 0 does not exist in map.
07-19 11:07:25.626  2601  2712 I GuardianSurfaceMgr: [GuardianSurfaceMgr::GetSurfaceMapData] surface 0 does not exist in map.
07-19 11:07:25.640  2601  2712 I GuardianSurfaceMgr: [GuardianSurfaceMgr::GetSurfaceMapData] surface 0 does not exist in map.
07-19 11:07:25.653  2601  2712 I GuardianSurfaceMgr: [GuardianSurfaceMgr::GetSurfaceMapData] surface 0 does not exist in map.
07-19 11:07:25.667  2601  2712 I GuardianSurfaceMgr: [GuardianSurfaceMgr::GetSurfaceMapData] surface 0 does not exist in map.
07-19 11:07:25.682  2601  2712 I GuardianSurfaceMgr: [GuardianSurfaceMgr::GetSurfaceMapData] surface 0 does not exist in map.
07-19 11:07:25.695  2601  2712 I GuardianSurfaceMgr: [GuardianSurfaceMgr::GetSurfaceMapData] surface 0 does not exist in map.
07-19 11:07:25.709  2601  2712 I GuardianSurfaceMgr: [GuardianSurfaceMgr::GetSurfaceMapData] surface 0 does not exist in map.
07-19 11:07:25.724  2601  2712 I GuardianSurfaceMgr: [GuardianSurfaceMgr::GetSurfaceMapData] surface 0 does not exist in map.
07-19 11:07:25.737  2601  2712 I GuardianSurfaceMgr: [GuardianSurfaceMgr::GetSurfaceMapData] surface 0 does not exist in map.
07-19 11:07:25.751  2601  2712 I GuardianSurfaceMgr: [GuardianSurfaceMgr::GetSurfaceMapData] surface 0 does not exist in map.
07-19 11:07:25.765  2601  2712 I GuardianSurfaceMgr: [GuardianSurfaceMgr::GetSurfaceMapData] surface 0 does not exist in map.
07-19 11:07:25.779  2601  2712 I GuardianSurfaceMgr: [GuardianSurfaceMgr::GetSurfaceMapData] surface 0 does not exist in map.
07-19 11:07:25.793  2601  2712 I GuardianSurfaceMgr: [GuardianSurfaceMgr::GetSurfaceMapData] surface 0 does not exist in map.
07-19 11:07:25.807  2601  2712 I GuardianSurfaceMgr: [GuardianSurfaceMgr::GetSurfaceMapData] surface 0 does not exist in map.
07-19 11:07:25.821  2601  2712 I GuardianSurfaceMgr: [GuardianSurfaceMgr::GetSurfaceMapData] surface 0 does not exist in map.
07-19 11:07:25.834  2601  2712 I GuardianSurfaceMgr: [GuardianSurfaceMgr::GetSurfaceMapData] surface 0 does not exist in map.
07-19 11:07:25.849  2601  2712 I GuardianSurfaceMgr: [GuardianSurfaceMgr::GetSurfaceMapData] surface 0 does not exist in map.
07-19 11:07:25.862  2601  2712 I GuardianSurfaceMgr: [GuardianSurfaceMgr::GetSurfaceMapData] surface 0 does not exist in map.
07-19 11:07:25.876  2601  2712 I GuardianSurfaceMgr: [GuardianSurfaceMgr::GetSurfaceMapData] surface 0 does not exist in map.
07-19 11:07:25.890  2601  2712 I GuardianSurfaceMgr: [GuardianSurfaceMgr::GetSurfaceMapData] surface 0 does not exist in map.
07-19 11:07:25.905  2601  2712 I GuardianSurfaceMgr: [GuardianSurfaceMgr::GetSurfaceMapData] surface 0 does not exist in map.
07-19 11:07:25.918  2601  2712 I GuardianSurfaceMgr: [GuardianSurfaceMgr::GetSurfaceMapData] surface 0 does not exist in map.
07-19 11:07:25.932  2601  2712 I GuardianSurfaceMgr: [GuardianSurfaceMgr::GetSurfaceMapData] surface 0 does not exist in map.
07-19 11:07:25.946  2601  2712 I GuardianSurfaceMgr: [GuardianSurfaceMgr::GetSurfaceMapData] surface 0 does not exist in map.
07-19 11:07:25.960  2601  2712 I GuardianSurfaceMgr: [GuardianSurfaceMgr::GetSurfaceMapData] surface 0 does not exist in map.
07-19 11:07:25.974  2601  2712 I GuardianSurfaceMgr: [GuardianSurfaceMgr::GetSurfaceMapData] surface 0 does not exist in map.
07-19 11:07:25.982   860  5270 I [CT]    : boltlib: DSP utilization: 25.87 % (1297 / 5015 ms)
07-19 11:07:25.987  2601  2712 I GuardianSurfaceMgr: [GuardianSurfaceMgr::GetSurfaceMapData] surface 0 does not exist in map.
07-19 11:07:26.002  2601  2712 I GuardianSurfaceMgr: [GuardianSurfaceMgr::GetSurfaceMapData] surface 0 does not exist in map.
07-19 11:07:26.007  6552  6650 I chatty  : uid=10108(com.DefaultCompany.natmltest) OVR::Stats expire 1 line
07-19 11:07:26.016  2601  2712 I GuardianSurfaceMgr: [GuardianSurfaceMgr::GetSurfaceMapData] surface 0 does not exist in map.
07-19 11:07:26.030  2601  2712 I GuardianSurfaceMgr: [GuardianSurfaceMgr::GetSurfaceMapData] surface 0 does not exist in map.
07-19 11:07:26.043  2601  2712 I GuardianSurfaceMgr: [GuardianSurfaceMgr::GetSurfaceMapData] surface 0 does not exist in map.
07-19 11:07:26.058  2601  2712 I GuardianSurfaceMgr: [GuardianSurfaceMgr::GetSurfaceMapData] surface 0 does not exist in map.
07-19 11:07:26.071  2601  2712 I GuardianSurfaceMgr: [GuardianSurfaceMgr::GetSurfaceMapData] surface 0 does not exist in map.
07-19 11:07:26.085  2601  2712 I GuardianSurfaceMgr: [GuardianSurfaceMgr::GetSurfaceMapData] surface 0 does not exist in map.
07-19 11:07:26.099  2601  2712 I GuardianSurfaceMgr: [GuardianSurfaceMgr::GetSurfaceMapData] surface 0 does not exist in map.
07-19 11:07:26.113  2601  2712 I GuardianSurfaceMgr: [GuardianSurfaceMgr::GetSurfaceMapData] surface 0 does not exist in map.
07-19 11:07:26.127  2601  2712 I GuardianSurfaceMgr: [GuardianSurfaceMgr::GetSurfaceMapData] surface 0 does not exist in map.
07-19 11:07:26.141  2601  2712 I GuardianSurfaceMgr: [GuardianSurfaceMgr::GetSurfaceMapData] surface 0 does not exist in map.
07-19 11:07:26.155  2601  2712 I GuardianSurfaceMgr: [GuardianSurfaceMgr::GetSurfaceMapData] surface 0 does not exist in map.
07-19 11:07:26.169  2601  2712 I GuardianSurfaceMgr: [GuardianSurfaceMgr::GetSurfaceMapData] surface 0 does not exist in map.
07-19 11:07:26.183  2601  2712 I GuardianSurfaceMgr: [GuardianSurfaceMgr::GetSurfaceMapData] surface 0 does not exist in map.
07-19 11:07:26.196  2601  2712 I GuardianSurfaceMgr: [GuardianSurfaceMgr::GetSurfaceMapData] surface 0 does not exist in map.
07-19 11:07:26.211  2601  2712 I GuardianSurfaceMgr: [GuardianSurfaceMgr::GetSurfaceMapData] surface 0 does not exist in map.
07-19 11:07:26.225  2601  2712 I GuardianSurfaceMgr: [GuardianSurfaceMgr::GetSurfaceMapData] surface 0 does not exist in map.
07-19 11:07:26.238  2601  2712 I GuardianSurfaceMgr: [GuardianSurfaceMgr::GetSurfaceMapData] surface 0 does not exist in map.
07-19 11:07:26.252  2601  2712 I GuardianSurfaceMgr: [GuardianSurfaceMgr::GetSurfaceMapData] surface 0 does not exist in map.
07-19 11:07:26.260  6552  6583 I chatty  : uid=10108(com.DefaultCompany.natmltest) UnityMain expire 241 lines
07-19 11:07:26.266  2601  2712 I GuardianSurfaceMgr: [GuardianSurfaceMgr::GetSurfaceMapData] surface 0 does not exist in map.
07-19 11:07:26.281  2601  2712 I GuardianSurfaceMgr: [GuardianSurfaceMgr::GetSurfaceMapData] surface 0 does not exist in map.
07-19 11:07:26.294  2601  2712 I GuardianSurfaceMgr: [GuardianSurfaceMgr::GetSurfaceMapData] surface 0 does not exist in map.
07-19 11:07:26.308  2601  2712 I GuardianSurfaceMgr: [GuardianSurfaceMgr::GetSurfaceMapData] surface 0 does not exist in map.
07-19 11:07:26.322  2601  2712 I GuardianSurfaceMgr: [GuardianSurfaceMgr::GetSurfaceMapData] surface 0 does not exist in map.
07-19 11:07:26.336  2601  2712 I GuardianSurfaceMgr: [GuardianSurfaceMgr::GetSurfaceMapData] surface 0 does not exist in map.
07-19 11:07:26.349  2601  2712 I GuardianSurfaceMgr: [GuardianSurfaceMgr::GetSurfaceMapData] surface 0 does not exist in map.
07-19 11:07:26.364  2601  2712 I GuardianSurfaceMgr: [GuardianSurfaceMgr::GetSurfaceMapData] surface 0 does not exist in map.
07-19 11:07:26.378  2601  2712 I GuardianSurfaceMgr: [GuardianSurfaceMgr::GetSurfaceMapData] surface 0 does not exist in map.
07-19 11:07:26.391  2601  2712 I GuardianSurfaceMgr: [GuardianSurfaceMgr::GetSurfaceMapData] surface 0 does not exist in map.
07-19 11:07:26.405  2601  2712 I GuardianSurfaceMgr: [GuardianSurfaceMgr::GetSurfaceMapData] surface 0 does not exist in map.
07-19 11:07:26.419  2601  2712 I GuardianSurfaceMgr: [GuardianSurfaceMgr::GetSurfaceMapData] surface 0 does not exist in map.
07-19 11:07:26.433  2601  2712 I GuardianSurfaceMgr: [GuardianSurfaceMgr::GetSurfaceMapData] surface 0 does not exist in map.
07-19 11:07:26.447  2601  2712 I GuardianSurfaceMgr: [GuardianSurfaceMgr::GetSurfaceMapData] surface 0 does not exist in map.
07-19 11:07:26.461  2601  2712 I GuardianSurfaceMgr: [GuardianSurfaceMgr::GetSurfaceMapData] surface 0 does not exist in map.
07-19 11:07:26.468  1038  1067 W ActivityManager: Stopping service due to app idle: u0a82 -1m3s517ms com.oculus.socialplatform/.partyservice.PartyService
07-19 11:07:26.470  2818  2978 W REFLECT [RUNTIMEIPC]: !IsClientValid: MarkerAnnotation
07-19 11:07:26.470  2818  2978 E QplClient: (com.oculus.socialplatform) MarkerAnnotation failed!
07-19 11:07:26.475  2601  2712 I GuardianSurfaceMgr: [GuardianSurfaceMgr::GetSurfaceMapData] surface 0 does not exist in map.
07-19 11:07:26.489  2601  2712 I GuardianSurfaceMgr: [GuardianSurfaceMgr::GetSurfaceMapData] surface 0 does not exist in map.
07-19 11:07:26.503  2601  2712 I GuardianSurfaceMgr: [GuardianSurfaceMgr::GetSurfaceMapData] surface 0 does not exist in map.
07-19 11:07:26.517  2601  2712 I GuardianSurfaceMgr: [GuardianSurfaceMgr::GetSurfaceMapData] surface 0 does not exist in map.
07-19 11:07:26.531  2601  2712 I GuardianSurfaceMgr: [GuardianSurfaceMgr::GetSurfaceMapData] surface 0 does not exist in map.
07-19 11:07:26.545  2601  2712 I GuardianSurfaceMgr: [GuardianSurfaceMgr::GetSurfaceMapData] surface 0 does not exist in map.
07-19 11:07:26.560  2601  2712 I GuardianSurfaceMgr: [GuardianSurfaceMgr::GetSurfaceMapData] surface 0 does not exist in map.
07-19 11:07:26.572  2601  2712 I GuardianSurfaceMgr: [GuardianSurfaceMgr::GetSurfaceMapData] surface 0 does not exist in map.
07-19 11:07:26.586  2601  2712 I GuardianSurfaceMgr: [GuardianSurfaceMgr::GetSurfaceMapData] surface 0 does not exist in map.
07-19 11:07:26.599   860  5350 W [CT]    : TIMESTAMPCHECKER: Nominal rate wrong. Estimated data rate: 25, Nominal is 30.000300003000028
07-19 11:07:26.601  2601  2712 I GuardianSurfaceDistanceCalculationMgr: [mr_surface_key] GuardianSurfaceDistanceCalculationMgr::UpdateCurrentBound: bound changed from [0] to [1]. activeBound_=[1]. Surface distance is -340282346638528859811704183484516925440.000000, guardian distance is 0.000030
07-19 11:07:26.601  2601  2712 I GuardianSurfaceMgr: [GuardianSurfaceMgr::GetSurfaceMapData] surface 0 does not exist in map.
07-19 11:07:26.614  2601  2712 I GuardianSurfaceMgr: [GuardianSurfaceMgr::GetSurfaceMapData] surface 0 does not exist in map.
07-19 11:07:26.628  2601  2712 I GuardianSurfaceMgr: [GuardianSurfaceMgr::GetSurfaceMapData] surface 0 does not exist in map.
07-19 11:07:26.642  2601  2712 I GuardianSurfaceMgr: [GuardianSurfaceMgr::GetSurfaceMapData] surface 0 does not exist in map.
07-19 11:07:26.656  2601  2712 I GuardianSurfaceMgr: [GuardianSurfaceMgr::GetSurfaceMapData] surface 0 does not exist in map.
07-19 11:07:26.670  2601  2712 I GuardianSurfaceMgr: [GuardianSurfaceMgr::GetSurfaceMapData] surface 0 does not exist in map.
07-19 11:07:26.684  2601  2712 I GuardianSurfaceMgr: [GuardianSurfaceMgr::GetSurfaceMapData] surface 0 does not exist in map.
07-19 11:07:26.698  2601  2712 I GuardianSurfaceMgr: [GuardianSurfaceMgr::GetSurfaceMapData] surface 0 does not exist in map.
07-19 11:07:26.711  2601  2712 I GuardianSurfaceMgr: [GuardianSurfaceMgr::GetSurfaceMapData] surface 0 does not exist in map.
07-19 11:07:26.726  2601  2712 I GuardianSurfaceMgr: [GuardianSurfaceMgr::GetSurfaceMapData] surface 0 does not exist in map.
07-19 11:07:26.740  2601  2712 I GuardianSurfaceMgr: [GuardianSurfaceMgr::GetSurfaceMapData] surface 0 does not exist in map.
07-19 11:07:26.754  2601  2712 I GuardianSurfaceMgr: [GuardianSurfaceMgr::GetSurfaceMapData] surface 0 does not exist in map.
07-19 11:07:26.767  2601  2712 I GuardianSurfaceMgr: [GuardianSurfaceMgr::GetSurfaceMapData] surface 0 does not exist in map.
07-19 11:07:26.782  2601  2712 I GuardianSurfaceMgr: [GuardianSurfaceMgr::GetSurfaceMapData] surface 0 does not exist in map.
07-19 11:07:26.795  2601  2712 I GuardianSurfaceMgr: [GuardianSurfaceMgr::GetSurfaceMapData] surface 0 does not exist in map.
07-19 11:07:26.809  2601  2712 I GuardianSurfaceMgr: [GuardianSurfaceMgr::GetSurfaceMapData] surface 0 does not exist in map.
07-19 11:07:26.823  2601  2712 I GuardianSurfaceMgr: [GuardianSurfaceMgr::GetSurfaceMapData] surface 0 does not exist in map.
07-19 11:07:26.837  2601  2712 I GuardianSurfaceMgr: [GuardianSurfaceMgr::GetSurfaceMapData] surface 0 does not exist in map.
07-19 11:07:26.851  2601  2712 I GuardianSurfaceMgr: [GuardianSurfaceMgr::GetSurfaceMapData] surface 0 does not exist in map.
07-19 11:07:26.865  2601  2712 I GuardianSurfaceMgr: [GuardianSurfaceMgr::GetSurfaceMapData] surface 0 does not exist in map.
07-19 11:07:26.879  2601  2712 I GuardianSurfaceMgr: [GuardianSurfaceMgr::GetSurfaceMapData] surface 0 does not exist in map.
07-19 11:07:26.893  2601  2712 I GuardianSurfaceMgr: [GuardianSurfaceMgr::GetSurfaceMapData] surface 0 does not exist in map.
07-19 11:07:26.906  2601  2712 I GuardianSurfaceMgr: [GuardianSurfaceMgr::GetSurfaceMapData] surface 0 does not exist in map.
07-19 11:07:26.921  2601  2712 I GuardianSurfaceMgr: [GuardianSurfaceMgr::GetSurfaceMapData] surface 0 does not exist in map.
07-19 11:07:26.934  2601  2712 I GuardianSurfaceMgr: [GuardianSurfaceMgr::GetSurfaceMapData] surface 0 does not exist in map.
07-19 11:07:26.948  2601  2712 I GuardianSurfaceMgr: [GuardianSurfaceMgr::GetSurfaceMapData] surface 0 does not exist in map.
07-19 11:07:26.963  2601  2712 I GuardianSurfaceMgr: [GuardianSurfaceMgr::GetSurfaceMapData] surface 0 does not exist in map.
07-19 11:07:26.976  2601  2712 I GuardianSurfaceMgr: [GuardianSurfaceMgr::GetSurfaceMapData] surface 0 does not exist in map.
07-19 11:07:26.990  2601  2712 I GuardianSurfaceMgr: [GuardianSurfaceMgr::GetSurfaceMapData] surface 0 does not exist in map.
07-19 11:07:27.004  2601  2712 I GuardianSurfaceMgr: [GuardianSurfaceMgr::GetSurfaceMapData] surface 0 does not exist in map.
07-19 11:07:27.015  6552  6650 I chatty  : uid=10108(com.DefaultCompany.natmltest) OVR::Stats expire 2 lines
07-19 11:07:27.018  2601  2712 I GuardianSurfaceMgr: [GuardianSurfaceMgr::GetSurfaceMapData] surface 0 does not exist in map.
07-19 11:07:27.032  2601  2712 I GuardianSurfaceMgr: [GuardianSurfaceMgr::GetSurfaceMapData] surface 0 does not exist in map.
07-19 11:07:27.046  2601  2712 I GuardianSurfaceMgr: [GuardianSurfaceMgr::GetSurfaceMapData] surface 0 does not exist in map.
07-19 11:07:27.060  2601  2712 I GuardianSurfaceMgr: [GuardianSurfaceMgr::GetSurfaceMapData] surface 0 does not exist in map.
07-19 11:07:27.073  2601  2712 I GuardianSurfaceMgr: [GuardianSurfaceMgr::GetSurfaceMapData] surface 0 does not exist in map.
07-19 11:07:27.087  2601  2712 I GuardianSurfaceMgr: [GuardianSurfaceMgr::GetSurfaceMapData] surface 0 does not exist in map.
07-19 11:07:27.096  6552  6583 I chatty  : uid=10108(com.DefaultCompany.natmltest) UnityMain expire 363 lines
07-19 11:07:27.102  2601  2712 I GuardianSurfaceMgr: [GuardianSurfaceMgr::GetSurfaceMapData] surface 0 does not exist in map.
07-19 11:07:27.115  2601  2712 I GuardianSurfaceMgr: [GuardianSurfaceMgr::GetSurfaceMapData] surface 0 does not exist in map.
07-19 11:07:27.130  2601  2712 I GuardianSurfaceMgr: [GuardianSurfaceMgr::GetSurfaceMapData] surface 0 does not exist in map.
07-19 11:07:27.143  2601  2712 I GuardianSurfaceMgr: [GuardianSurfaceMgr::GetSurfaceMapData] surface 0 does not exist in map.
07-19 11:07:27.158  2601  2712 I GuardianSurfaceMgr: [GuardianSurfaceMgr::GetSurfaceMapData] surface 0 does not exist in map.
07-19 11:07:27.171  2601  2712 I GuardianSurfaceMgr: [GuardianSurfaceMgr::GetSurfaceMapData] surface 0 does not exist in map.
07-19 11:07:27.185  2601  2712 I GuardianSurfaceMgr: [GuardianSurfaceMgr::GetSurfaceMapData] surface 0 does not exist in map.
07-19 11:07:27.200  2601  2712 I GuardianSurfaceMgr: [GuardianSurfaceMgr::GetSurfaceMapData] surface 0 does not exist in map.
07-19 11:07:27.213  2601  2712 I GuardianSurfaceMgr: [GuardianSurfaceMgr::GetSurfaceMapData] surface 0 does not exist in map.
07-19 11:07:27.227  2601  2712 I GuardianSurfaceMgr: [GuardianSurfaceMgr::GetSurfaceMapData] surface 0 does not exist in map.
07-19 11:07:27.241  2601  2712 I GuardianSurfaceMgr: [GuardianSurfaceMgr::GetSurfaceMapData] surface 0 does not exist in map.
07-19 11:07:27.255  2601  2712 I GuardianSurfaceMgr: [GuardianSurfaceMgr::GetSurfaceMapData] surface 0 does not exist in map.
07-19 11:07:27.269  2601  2712 I GuardianSurfaceMgr: [GuardianSurfaceMgr::GetSurfaceMapData] surface 0 does not exist in map.
07-19 11:07:27.283  2601  2712 I GuardianSurfaceMgr: [GuardianSurfaceMgr::GetSurfaceMapData] surface 0 does not exist in map.
07-19 11:07:27.297  2601  2712 I GuardianSurfaceMgr: [GuardianSurfaceMgr::GetSurfaceMapData] surface 0 does not exist in map.
07-19 11:07:27.310  2601  2712 I GuardianSurfaceMgr: [GuardianSurfaceMgr::GetSurfaceMapData] surface 0 does not exist in map.
07-19 11:07:27.325  2601  2712 I GuardianSurfaceMgr: [GuardianSurfaceMgr::GetSurfaceMapData] surface 0 does not exist in map.
07-19 11:07:27.338  2601  2712 I GuardianSurfaceMgr: [GuardianSurfaceMgr::GetSurfaceMapData] surface 0 does not exist in map.
07-19 11:07:27.352  2601  2712 I GuardianSurfaceMgr: [GuardianSurfaceMgr::GetSurfaceMapData] surface 0 does not exist in map.
07-19 11:07:27.366  2601  2712 I GuardianSurfaceMgr: [GuardianSurfaceMgr::GetSurfaceMapData] surface 0 does not exist in map.
07-19 11:07:27.380  2601  2712 I GuardianSurfaceMgr: [GuardianSurfaceMgr::GetSurfaceMapData] surface 0 does not exist in map.
07-19 11:07:27.394  2601  2712 I GuardianSurfaceMgr: [GuardianSurfaceMgr::GetSurfaceMapData] surface 0 does not exist in map.
07-19 11:07:27.408  2601  2712 I GuardianSurfaceMgr: [GuardianSurfaceMgr::GetSurfaceMapData] surface 0 does not exist in map.
07-19 11:07:27.422  2601  2712 I GuardianSurfaceMgr: [GuardianSurfaceMgr::GetSurfaceMapData] surface 0 does not exist in map.
07-19 11:07:27.435  2601  2712 I GuardianSurfaceMgr: [GuardianSurfaceMgr::GetSurfaceMapData] surface 0 does not exist in map.
07-19 11:07:27.450  2601  2712 I GuardianSurfaceMgr: [GuardianSurfaceMgr::GetSurfaceMapData] surface 0 does not exist in map.
07-19 11:07:27.464  2601  2712 I GuardianSurfaceMgr: [GuardianSurfaceMgr::GetSurfaceMapData] surface 0 does not exist in map.
07-19 11:07:27.477  2601  2712 I GuardianSurfaceMgr: [GuardianSurfaceMgr::GetSurfaceMapData] surface 0 does not exist in map.
07-19 11:07:27.491  2601  2712 I GuardianSurfaceMgr: [GuardianSurfaceMgr::GetSurfaceMapData] surface 0 does not exist in map.
07-19 11:07:27.505  2601  2712 I GuardianSurfaceMgr: [GuardianSurfaceMgr::GetSurfaceMapData] surface 0 does not exist in map.
07-19 11:07:27.520  2601  2712 I GuardianSurfaceMgr: [GuardianSurfaceMgr::GetSurfaceMapData] surface 0 does not exist in map.
07-19 11:07:27.533  2601  2712 I GuardianSurfaceMgr: [GuardianSurfaceMgr::GetSurfaceMapData] surface 0 does not exist in map.
07-19 11:07:27.547  2601  2712 I GuardianSurfaceMgr: [GuardianSurfaceMgr::GetSurfaceMapData] surface 0 does not exist in map.
07-19 11:07:27.562  2601  2712 I GuardianSurfaceMgr: [GuardianSurfaceMgr::GetSurfaceMapData] surface 0 does not exist in map.
07-19 11:07:27.575  2601  2712 I GuardianSurfaceMgr: [GuardianSurfaceMgr::GetSurfaceMapData] surface 0 does not exist in map.
07-19 11:07:27.589  2601  2712 I GuardianSurfaceMgr: [GuardianSurfaceMgr::GetSurfaceMapData] surface 0 does not exist in map.
07-19 11:07:27.603  2601  2712 I GuardianSurfaceMgr: [GuardianSurfaceMgr::GetSurfaceMapData] surface 0 does not exist in map.
07-19 11:07:27.617  2601  2712 I GuardianSurfaceMgr: [GuardianSurfaceMgr::GetSurfaceMapData] surface 0 does not exist in map.
07-19 11:07:27.630  2601  2712 I GuardianSurfaceMgr: [GuardianSurfaceMgr::GetSurfaceMapData] surface 0 does not exist in map.
07-19 11:07:27.645  2601  2712 I GuardianSurfaceMgr: [GuardianSurfaceMgr::GetSurfaceMapData] surface 0 does not exist in map.
07-19 11:07:27.659  2601  2712 I GuardianSurfaceMgr: [GuardianSurfaceMgr::GetSurfaceMapData] surface 0 does not exist in map.
07-19 11:07:27.672  2601  2712 I GuardianSurfaceMgr: [GuardianSurfaceMgr::GetSurfaceMapData] surface 0 does not exist in map.
07-19 11:07:27.686  2601  2712 I GuardianSurfaceMgr: [GuardianSurfaceMgr::GetSurfaceMapData] surface 0 does not exist in map.
07-19 11:07:27.701  2601  2712 I GuardianSurfaceMgr: [GuardianSurfaceMgr::GetSurfaceMapData] surface 0 does not exist in map.
07-19 11:07:27.714  2601  2712 I GuardianSurfaceMgr: [GuardianSurfaceMgr::GetSurfaceMapData] surface 0 does not exist in map.
07-19 11:07:27.728  2601  2712 I GuardianSurfaceMgr: [GuardianSurfaceMgr::GetSurfaceMapData] surface 0 does not exist in map.
07-19 11:07:27.742  2601  2712 I GuardianSurfaceMgr: [GuardianSurfaceMgr::GetSurfaceMapData] surface 0 does not exist in map.
07-19 11:07:27.756  2601  2712 I GuardianSurfaceMgr: [GuardianSurfaceMgr::GetSurfaceMapData] surface 0 does not exist in map.
07-19 11:07:27.770  2601  2712 I GuardianSurfaceMgr: [GuardianSurfaceMgr::GetSurfaceMapData] surface 0 does not exist in map.
07-19 11:07:27.784  2601  2712 I GuardianSurfaceMgr: [GuardianSurfaceMgr::GetSurfaceMapData] surface 0 does not exist in map.
07-19 11:07:27.798  2601  2712 I GuardianSurfaceMgr: [GuardianSurfaceMgr::GetSurfaceMapData] surface 0 does not exist in map.
07-19 11:07:27.812  2601  2712 I GuardianSurfaceMgr: [GuardianSurfaceMgr::GetSurfaceMapData] surface 0 does not exist in map.
07-19 11:07:27.826  2601  2712 I GuardianSurfaceMgr: [GuardianSurfaceMgr::GetSurfaceMapData] surface 0 does not exist in map.
07-19 11:07:27.840  2601  2712 I GuardianSurfaceMgr: [GuardianSurfaceMgr::GetSurfaceMapData] surface 0 does not exist in map.
07-19 11:07:27.854  2601  2712 I GuardianSurfaceMgr: [GuardianSurfaceMgr::GetSurfaceMapData] surface 0 does not exist in map.
07-19 11:07:27.867  2601  2712 I GuardianSurfaceMgr: [GuardianSurfaceMgr::GetSurfaceMapData] surface 0 does not exist in map.
07-19 11:07:27.882  2601  2712 I GuardianSurfaceMgr: [GuardianSurfaceMgr::GetSurfaceMapData] surface 0 does not exist in map.
07-19 11:07:27.895  2601  2712 I GuardianSurfaceMgr: [GuardianSurfaceMgr::GetSurfaceMapData] surface 0 does not exist in map.
07-19 11:07:27.909  2601  2712 I GuardianSurfaceMgr: [GuardianSurfaceMgr::GetSurfaceMapData] surface 0 does not exist in map.
07-19 11:07:27.923  2601  2712 I GuardianSurfaceMgr: [GuardianSurfaceMgr::GetSurfaceMapData] surface 0 does not exist in map.
07-19 11:07:27.937  2601  2712 I GuardianSurfaceMgr: [GuardianSurfaceMgr::GetSurfaceMapData] surface 0 does not exist in map.
07-19 11:07:27.951  2601  2712 I GuardianSurfaceMgr: [GuardianSurfaceMgr::GetSurfaceMapData] surface 0 does not exist in map.
07-19 11:07:27.965  2601  2712 I GuardianSurfaceMgr: [GuardianSurfaceMgr::GetSurfaceMapData] surface 0 does not exist in map.
07-19 11:07:27.979  2601  2712 I GuardianSurfaceMgr: [GuardianSurfaceMgr::GetSurfaceMapData] surface 0 does not exist in map.
07-19 11:07:27.993  2601  2712 I GuardianSurfaceMgr: [GuardianSurfaceMgr::GetSurfaceMapData] surface 0 does not exist in map.
07-19 11:07:28.006  2601  2712 I GuardianSurfaceMgr: [GuardianSurfaceMgr::GetSurfaceMapData] surface 0 does not exist in map.
07-19 11:07:28.016  6552  6650 I chatty  : uid=10108(com.DefaultCompany.natmltest) OVR::Stats expire 1 line
07-19 11:07:28.021  2601  2712 I GuardianSurfaceMgr: [GuardianSurfaceMgr::GetSurfaceMapData] surface 0 does not exist in map.
07-19 11:07:28.034  2601  2712 I GuardianSurfaceMgr: [GuardianSurfaceMgr::GetSurfaceMapData] surface 0 does not exist in map.
07-19 11:07:28.056  2601  2712 I GuardianSurfaceMgr: [GuardianSurfaceMgr::GetSurfaceMapData] surface 0 does not exist in map.
07-19 11:07:28.062  2601  2712 I GuardianSurfaceMgr: [GuardianSurfaceMgr::GetSurfaceMapData] surface 0 does not exist in map.
07-19 11:07:28.076  2601  2712 I GuardianSurfaceMgr: [GuardianSurfaceMgr::GetSurfaceMapData] surface 0 does not exist in map.
07-19 11:07:28.090  2601  2712 I GuardianSurfaceMgr: [GuardianSurfaceMgr::GetSurfaceMapData] surface 0 does not exist in map.
07-19 11:07:28.104  2601  2712 I GuardianSurfaceMgr: [GuardianSurfaceMgr::GetSurfaceMapData] surface 0 does not exist in map.
07-19 11:07:28.118  2601  2712 I GuardianSurfaceMgr: [GuardianSurfaceMgr::GetSurfaceMapData] surface 0 does not exist in map.
07-19 11:07:28.132  2601  2712 I GuardianSurfaceMgr: [GuardianSurfaceMgr::GetSurfaceMapData] surface 0 does not exist in map.
07-19 11:07:28.146  2601  2712 I GuardianSurfaceMgr: [GuardianSurfaceMgr::GetSurfaceMapData] surface 0 does not exist in map.
07-19 11:07:28.161  2601  2712 I GuardianSurfaceMgr: [GuardianSurfaceMgr::GetSurfaceMapData] surface 0 does not exist in map.
07-19 11:07:28.173  2601  2712 I GuardianSurfaceMgr: [GuardianSurfaceMgr::GetSurfaceMapData] surface 0 does not exist in map.
07-19 11:07:28.187  2601  2712 I GuardianSurfaceMgr: [GuardianSurfaceMgr::GetSurfaceMapData] surface 0 does not exist in map.
07-19 11:07:28.202  2601  2712 I GuardianSurfaceMgr: [GuardianSurfaceMgr::GetSurfaceMapData] surface 0 does not exist in map.
07-19 11:07:28.215  2601  2712 I GuardianSurfaceMgr: [GuardianSurfaceMgr::GetSurfaceMapData] surface 0 does not exist in map.
07-19 11:07:28.230  2601  2712 I GuardianSurfaceMgr: [GuardianSurfaceMgr::GetSurfaceMapData] surface 0 does not exist in map.
07-19 11:07:28.244  2601  2712 I GuardianSurfaceMgr: [GuardianSurfaceMgr::GetSurfaceMapData] surface 0 does not exist in map.
07-19 11:07:28.258  2601  2712 I GuardianSurfaceMgr: [GuardianSurfaceMgr::GetSurfaceMapData] surface 0 does not exist in map.
07-19 11:07:28.271  2601  2712 I GuardianSurfaceMgr: [GuardianSurfaceMgr::GetSurfaceMapData] surface 0 does not exist in map.
07-19 11:07:28.285  2601  2712 I GuardianSurfaceMgr: [GuardianSurfaceMgr::GetSurfaceMapData] surface 0 does not exist in map.
07-19 11:07:28.299  2601  2712 I GuardianSurfaceMgr: [GuardianSurfaceMgr::GetSurfaceMapData] surface 0 does not exist in map.
07-19 11:07:28.313  2601  2712 I GuardianSurfaceMgr: [GuardianSurfaceMgr::GetSurfaceMapData] surface 0 does not exist in map.
07-19 11:07:28.327  2601  2712 I GuardianSurfaceMgr: [GuardianSurfaceMgr::GetSurfaceMapData] surface 0 does not exist in map.
07-19 11:07:28.341  2601  2712 I GuardianSurfaceMgr: [GuardianSurfaceMgr::GetSurfaceMapData] surface 0 does not exist in map.
07-19 11:07:28.355  2601  2712 I GuardianSurfaceMgr: [GuardianSurfaceMgr::GetSurfaceMapData] surface 0 does not exist in map.
07-19 11:07:28.363  6552  6583 I chatty  : uid=10108(com.DefaultCompany.natmltest) UnityMain expire 240 lines
07-19 11:07:28.369  2601  2712 I GuardianSurfaceMgr: [GuardianSurfaceMgr::GetSurfaceMapData] surface 0 does not exist in map.
07-19 11:07:28.383  2601  2712 I GuardianSurfaceMgr: [GuardianSurfaceMgr::GetSurfaceMapData] surface 0 does not exist in map.
07-19 11:07:28.396  2601  2712 I GuardianSurfaceMgr: [GuardianSurfaceMgr::GetSurfaceMapData] surface 0 does not exist in map.
07-19 11:07:28.410  2601  2712 I GuardianSurfaceMgr: [GuardianSurfaceMgr::GetSurfaceMapData] surface 0 does not exist in map.
07-19 11:07:28.425  2601  2712 I GuardianSurfaceMgr: [GuardianSurfaceMgr::GetSurfaceMapData] surface 0 does not exist in map.
07-19 11:07:28.438  2601  2712 I GuardianSurfaceMgr: [GuardianSurfaceMgr::GetSurfaceMapData] surface 0 does not exist in map.
07-19 11:07:28.452  2601  2712 I GuardianSurfaceMgr: [GuardianSurfaceMgr::GetSurfaceMapData] surface 0 does not exist in map.
07-19 11:07:28.466  2601  2712 I GuardianSurfaceMgr: [GuardianSurfaceMgr::GetSurfaceMapData] surface 0 does not exist in map.
07-19 11:07:28.481  2601  2712 I GuardianSurfaceMgr: [GuardianSurfaceMgr::GetSurfaceMapData] surface 0 does not exist in map.
07-19 11:07:28.494  2601  2712 I GuardianSurfaceMgr: [GuardianSurfaceMgr::GetSurfaceMapData] surface 0 does not exist in map.
07-19 11:07:28.508  2601  2712 I GuardianSurfaceMgr: [GuardianSurfaceMgr::GetSurfaceMapData] surface 0 does not exist in map.
07-19 11:07:28.522  2601  2712 I GuardianSurfaceMgr: [GuardianSurfaceMgr::GetSurfaceMapData] surface 0 does not exist in map.
07-19 11:07:28.536  2601  2712 I GuardianSurfaceMgr: [GuardianSurfaceMgr::GetSurfaceMapData] surface 0 does not exist in map.
07-19 11:07:28.550  2601  2712 I GuardianSurfaceMgr: [GuardianSurfaceMgr::GetSurfaceMapData] surface 0 does not exist in map.
07-19 11:07:28.564  2601  2712 I GuardianSurfaceMgr: [GuardianSurfaceMgr::GetSurfaceMapData] surface 0 does not exist in map.
07-19 11:07:28.578  2601  2712 I GuardianSurfaceMgr: [GuardianSurfaceMgr::GetSurfaceMapData] surface 0 does not exist in map.
07-19 11:07:28.591  2601  2712 I GuardianSurfaceMgr: [GuardianSurfaceMgr::GetSurfaceMapData] surface 0 does not exist in map.
07-19 11:07:28.599   860  5350 W [CT]    : TIMESTAMPCHECKER: Nominal rate wrong. Estimated data rate: 25, Nominal is 30.000300003000028
07-19 11:07:28.606  2601  2712 I GuardianSurfaceMgr: [GuardianSurfaceMgr::GetSurfaceMapData] surface 0 does not exist in map.
07-19 11:07:28.619  2601  2712 I GuardianSurfaceMgr: [GuardianSurfaceMgr::GetSurfaceMapData] surface 0 does not exist in map.
07-19 11:07:28.633  2601  2712 I GuardianSurfaceMgr: [GuardianSurfaceMgr::GetSurfaceMapData] surface 0 does not exist in map.
07-19 11:07:28.647  2601  2712 I GuardianSurfaceMgr: [GuardianSurfaceMgr::GetSurfaceMapData] surface 0 does not exist in map.
07-19 11:07:28.661  2601  2712 I GuardianSurfaceMgr: [GuardianSurfaceMgr::GetSurfaceMapData] surface 0 does not exist in map.
07-19 11:07:28.675  2601  2712 I GuardianSurfaceMgr: [GuardianSurfaceMgr::GetSurfaceMapData] surface 0 does not exist in map.
07-19 11:07:28.689  2601  2712 I GuardianSurfaceMgr: [GuardianSurfaceMgr::GetSurfaceMapData] surface 0 does not exist in map.
07-19 11:07:28.703  2601  2712 I GuardianSurfaceMgr: [GuardianSurfaceMgr::GetSurfaceMapData] surface 0 does not exist in map.
07-19 11:07:28.717  2601  2712 I GuardianSurfaceMgr: [GuardianSurfaceMgr::GetSurfaceMapData] surface 0 does not exist in map.
07-19 11:07:28.730  2601  2712 I GuardianSurfaceMgr: [GuardianSurfaceMgr::GetSurfaceMapData] surface 0 does not exist in map.
07-19 11:07:28.745  2601  2712 I GuardianSurfaceMgr: [GuardianSurfaceMgr::GetSurfaceMapData] surface 0 does not exist in map.
07-19 11:07:28.758  2601  2712 I GuardianSurfaceMgr: [GuardianSurfaceMgr::GetSurfaceMapData] surface 0 does not exist in map.
07-19 11:07:28.772  2601  2712 I GuardianSurfaceMgr: [GuardianSurfaceMgr::GetSurfaceMapData] surface 0 does not exist in map.
07-19 11:07:28.786  2601  2712 I GuardianSurfaceMgr: [GuardianSurfaceMgr::GetSurfaceMapData] surface 0 does not exist in map.
07-19 11:07:28.801  2601  2712 I GuardianSurfaceMgr: [GuardianSurfaceMgr::GetSurfaceMapData] surface 0 does not exist in map.
07-19 11:07:28.814  2601  2712 I GuardianSurfaceMgr: [GuardianSurfaceMgr::GetSurfaceMapData] surface 0 does not exist in map.
07-19 11:07:28.828  2601  2712 I GuardianSurfaceMgr: [GuardianSurfaceMgr::GetSurfaceMapData] surface 0 does not exist in map.
07-19 11:07:28.843  2601  2712 I GuardianSurfaceMgr: [GuardianSurfaceMgr::GetSurfaceMapData] surface 0 does not exist in map.
07-19 11:07:28.856  2601  2712 I GuardianSurfaceMgr: [GuardianSurfaceMgr::GetSurfaceMapData] surface 0 does not exist in map.
07-19 11:07:28.870  2601  2712 I GuardianSurfaceMgr: [GuardianSurfaceMgr::GetSurfaceMapData] surface 0 does not exist in map.
07-19 11:07:28.884  2601  2712 I GuardianSurfaceMgr: [GuardianSurfaceMgr::GetSurfaceMapData] surface 0 does not exist in map.
07-19 11:07:28.898  2601  2712 I GuardianSurfaceMgr: [GuardianSurfaceMgr::GetSurfaceMapData] surface 0 does not exist in map.
07-19 11:07:28.911  2601  2712 I GuardianSurfaceMgr: [GuardianSurfaceMgr::GetSurfaceMapData] surface 0 does not exist in map.
07-19 11:07:28.925  2601  2712 I GuardianSurfaceMgr: [GuardianSurfaceMgr::GetSurfaceMapData] surface 0 does not exist in map.
07-19 11:07:28.939  2601  2712 I GuardianSurfaceMgr: [GuardianSurfaceMgr::GetSurfaceMapData] surface 0 does not exist in map.
07-19 11:07:28.953  2601  2712 I GuardianSurfaceMgr: [GuardianSurfaceMgr::GetSurfaceMapData] surface 0 does not exist in map.
07-19 11:07:28.967  2601  2712 I GuardianSurfaceMgr: [GuardianSurfaceMgr::GetSurfaceMapData] surface 0 does not exist in map.
07-19 11:07:28.977   860  5350 I [CT]    : VIPER: Mode=SuperVega,Status=6DoF,TRACKING,Inl=26,Mem=84.0,Jit=0.1mm,Issues(Cam/min=0.1,IMU/min=0.0),Exp=(3.3ms,g=1.0,I=67,Ir=20390.9)(4.9ms,g=1.0,I=75,Ir=15420.6)(3.3ms,g=1.0,I=82,Ir=24997.1)(3.6ms,g=1.0,I=74,Ir=20520.3)
07-19 11:07:28.982  2601  2712 I GuardianSurfaceMgr: [GuardianSurfaceMgr::GetSurfaceMapData] surface 0 does not exist in map.
07-19 11:07:28.995  2601  2712 I GuardianSurfaceMgr: [GuardianSurfaceMgr::GetSurfaceMapData] surface 0 does not exist in map.
07-19 11:07:29.009  6552  6650 I chatty  : uid=10108(com.DefaultCompany.natmltest) OVR::Stats expire 1 line
07-19 11:07:29.009  2601  2712 I GuardianSurfaceMgr: [GuardianSurfaceMgr::GetSurfaceMapData] surface 0 does not exist in map.
07-19 11:07:29.023  2601  2712 I GuardianSurfaceMgr: [GuardianSurfaceMgr::GetSurfaceMapData] surface 0 does not exist in map.
07-19 11:07:29.037  2601  2712 I GuardianSurfaceMgr: [GuardianSurfaceMgr::GetSurfaceMapData] surface 0 does not exist in map.
07-19 11:07:29.051  2601  2712 I GuardianSurfaceMgr: [GuardianSurfaceMgr::GetSurfaceMapData] surface 0 does not exist in map.
07-19 11:07:29.065  2601  2712 I GuardianSurfaceMgr: [GuardianSurfaceMgr::GetSurfaceMapData] surface 0 does not exist in map.
07-19 11:07:29.079  2601  2712 I GuardianSurfaceMgr: [GuardianSurfaceMgr::GetSurfaceMapData] surface 0 does not exist in map.
07-19 11:07:29.093  2601  2712 I GuardianSurfaceMgr: [GuardianSurfaceMgr::GetSurfaceMapData] surface 0 does not exist in map.
07-19 11:07:29.106  2601  2712 I GuardianSurfaceMgr: [GuardianSurfaceMgr::GetSurfaceMapData] surface 0 does not exist in map.
07-19 11:07:29.121  2601  2712 I GuardianSurfaceMgr: [GuardianSurfaceMgr::GetSurfaceMapData] surface 0 does not exist in map.
07-19 11:07:29.134  2601  2712 I GuardianSurfaceMgr: [GuardianSurfaceMgr::GetSurfaceMapData] surface 0 does not exist in map.
07-19 11:07:29.148  2601  2712 I GuardianSurfaceMgr: [GuardianSurfaceMgr::GetSurfaceMapData] surface 0 does not exist in map.
07-19 11:07:29.163  2601  2712 I GuardianSurfaceMgr: [GuardianSurfaceMgr::GetSurfaceMapData] surface 0 does not exist in map.
07-19 11:07:29.176  2601  2712 I GuardianSurfaceMgr: [GuardianSurfaceMgr::GetSurfaceMapData] surface 0 does not exist in map.
07-19 11:07:29.190  2601  2712 I GuardianSurfaceMgr: [GuardianSurfaceMgr::GetSurfaceMapData] surface 0 does not exist in map.
07-19 11:07:29.198  6552  6583 I chatty  : uid=10108(com.DefaultCompany.natmltest) UnityMain expire 241 lines
07-19 11:07:29.204  2601  2712 I GuardianSurfaceMgr: [GuardianSurfaceMgr::GetSurfaceMapData] surface 0 does not exist in map.
07-19 11:07:29.218  2601  2712 I GuardianSurfaceMgr: [GuardianSurfaceMgr::GetSurfaceMapData] surface 0 does not exist in map.
07-19 11:07:29.232  2601  2712 I GuardianSurfaceMgr: [GuardianSurfaceMgr::GetSurfaceMapData] surface 0 does not exist in map.
07-19 11:07:29.247  2601  2712 I GuardianSurfaceMgr: [GuardianSurfaceMgr::GetSurfaceMapData] surface 0 does not exist in map.
07-19 11:07:29.260  2601  2712 I GuardianSurfaceMgr: [GuardianSurfaceMgr::GetSurfaceMapData] surface 0 does not exist in map.
07-19 11:07:29.274  2601  2712 I GuardianSurfaceMgr: [GuardianSurfaceMgr::GetSurfaceMapData] surface 0 does not exist in map.
07-19 11:07:29.287  2601  2712 I GuardianSurfaceMgr: [GuardianSurfaceMgr::GetSurfaceMapData] surface 0 does not exist in map.
07-19 11:07:29.302  2601  2712 I GuardianSurfaceMgr: [GuardianSurfaceMgr::GetSurfaceMapData] surface 0 does not exist in map.
07-19 11:07:29.315  2601  2712 I GuardianSurfaceMgr: [GuardianSurfaceMgr::GetSurfaceMapData] surface 0 does not exist in map.
07-19 11:07:29.330  2601  2712 I GuardianSurfaceMgr: [GuardianSurfaceMgr::GetSurfaceMapData] surface 0 does not exist in map.
07-19 11:07:29.343  2601  2712 I GuardianSurfaceMgr: [GuardianSurfaceMgr::GetSurfaceMapData] surface 0 does not exist in map.
