07-19 11:07:34.301  2601  2712 I GuardianSurfaceMgr: [GuardianSurfaceMgr::GetSurfaceMapData] surface 0 does not exist in map.
07-19 11:07:34.314  2601  2712 I GuardianSurfaceMgr: [GuardianSurfaceMgr::GetSurfaceMapData] surface 0 does not exist in map.
07-19 11:07:34.328  2601  2712 I GuardianSurfaceMgr: [GuardianSurfaceMgr::GetSurfaceMapData] surface 0 does not exist in map.
07-19 11:07:34.342  2601  2712 I GuardianSurfaceMgr: [GuardianSurfaceMgr::GetSurfaceMapData] surface 0 does not exist in map.
07-19 11:07:34.356  2601  2712 I GuardianSurfaceMgr: [GuardianSurfaceMgr::GetSurfaceMapData] surface 0 does not exist in map.
07-19 11:07:34.370  2601  2712 I GuardianSurfaceMgr: [GuardianSurfaceMgr::GetSurfaceMapData] surface 0 does not exist in map.
07-19 11:07:34.384  2601  2712 I GuardianSurfaceMgr: [GuardianSurfaceMgr::GetSurfaceMapData] surface 0 does not exist in map.
07-19 11:07:34.398  2601  2712 I GuardianSurfaceMgr: [GuardianSurfaceMgr::GetSurfaceMapData] surface 0 does not exist in map.
07-19 11:07:34.412  2601  2712 I GuardianSurfaceMgr: [GuardianSurfaceMgr::GetSurfaceMapData] surface 0 does not exist in map.
07-19 11:07:34.425  2601  2712 I GuardianSurfaceMgr: [GuardianSurfaceMgr::GetSurfaceMapData] surface 0 does not exist in map.
07-19 11:07:34.440  2601  2712 I GuardianSurfaceMgr: [GuardianSurfaceMgr::GetSurfaceMapData] surface 0 does not exist in map.
07-19 11:07:34.453  2601  2712 I GuardianSurfaceMgr: [GuardianSurfaceMgr::GetSurfaceMapData] surface 0 does not exist in map.
07-19 11:07:34.467  2601  2712 I GuardianSurfaceMgr: [GuardianSurfaceMgr::GetSurfaceMapData] surface 0 does not exist in map.
07-19 11:07:34.482  2601  2712 I GuardianSurfaceMgr: [GuardianSurfaceMgr::GetSurfaceMapData] surface 0 does not exist in map.
07-19 11:07:34.495  2601  2712 I GuardianSurfaceMgr: [GuardianSurfaceMgr::GetSurfaceMapData] surface 0 does not exist in map.
07-19 11:07:34.509  2601  2712 I GuardianSurfaceMgr: [GuardianSurfaceMgr::GetSurfaceMapData] surface 0 does not exist in map.
07-19 11:07:34.523  2601  2712 I GuardianSurfaceMgr: [GuardianSurfaceMgr::GetSurfaceMapData] surface 0 does not exist in map.
07-19 11:07:34.537  2601  2712 I GuardianSurfaceMgr: [GuardianSurfaceMgr::GetSurfaceMapData] surface 0 does not exist in map.
07-19 11:07:34.551  2601  2712 I GuardianSurfaceMgr: [GuardianSurfaceMgr::GetSurfaceMapData] surface 0 does not exist in map.
07-19 11:07:34.565  2601  2712 I GuardianSurfaceMgr: [GuardianSurfaceMgr::GetSurfaceMapData] surface 0 does not exist in map.
07-19 11:07:34.579  2601  2712 I GuardianSurfaceMgr: [GuardianSurfaceMgr::GetSurfaceMapData] surface 0 does not exist in map.
07-19 11:07:34.584   860  5383 I [CT]    : NIMBLE:HTEngine: [Throttled count=125] FMM: enabled: false; active: false
07-19 11:07:34.584   860  5383 I [CT]    : NIMBLE:HTEngine: [Frame 16594 camera 0] [HT] has_hand =  NO, irradiance_proxy =  59840.3, intensity =   93.2, exposure =  1.558ms, gain =    1
07-19 11:07:34.592  2601  2712 I GuardianSurfaceMgr: [GuardianSurfaceMgr::GetSurfaceMapData] surface 0 does not exist in map.
07-19 11:07:34.606  2601  2712 I GuardianSurfaceMgr: [GuardianSurfaceMgr::GetSurfaceMapData] surface 0 does not exist in map.
07-19 11:07:34.620  2601  2712 I GuardianSurfaceMgr: [GuardianSurfaceMgr::GetSurfaceMapData] surface 0 does not exist in map.
07-19 11:07:34.634  2601  2712 I GuardianSurfaceMgr: [GuardianSurfaceMgr::GetSurfaceMapData] surface 0 does not exist in map.
07-19 11:07:34.648  2601  2712 I GuardianSurfaceMgr: [GuardianSurfaceMgr::GetSurfaceMapData] surface 0 does not exist in map.
07-19 11:07:34.662  2601  2712 I GuardianSurfaceMgr: [GuardianSurfaceMgr::GetSurfaceMapData] surface 0 does not exist in map.
07-19 11:07:34.676  2601  2712 I GuardianSurfaceMgr: [GuardianSurfaceMgr::GetSurfaceMapData] surface 0 does not exist in map.
07-19 11:07:34.691  2601  2712 I GuardianSurfaceMgr: [GuardianSurfaceMgr::GetSurfaceMapData] surface 0 does not exist in map.
07-19 11:07:34.704  2601  2712 I GuardianSurfaceMgr: [GuardianSurfaceMgr::GetSurfaceMapData] surface 0 does not exist in map.
07-19 11:07:34.718  2601  2712 I GuardianSurfaceMgr: [GuardianSurfaceMgr::GetSurfaceMapData] surface 0 does not exist in map.
07-19 11:07:34.719   860  5350 W [CT]    : TIMESTAMPCHECKER: Nominal rate wrong. Estimated data rate: 25, Nominal is 30.000300003000028
07-19 11:07:34.736  2601  2712 I GuardianSurfaceMgr: [GuardianSurfaceMgr::GetSurfaceMapData] surface 0 does not exist in map.
07-19 11:07:34.745  2601  2712 I GuardianSurfaceMgr: [GuardianSurfaceMgr::GetSurfaceMapData] surface 0 does not exist in map.
07-19 11:07:34.760  2601  2712 I GuardianSurfaceMgr: [GuardianSurfaceMgr::GetSurfaceMapData] surface 0 does not exist in map.
07-19 11:07:34.773  2601  2712 I GuardianSurfaceMgr: [GuardianSurfaceMgr::GetSurfaceMapData] surface 0 does not exist in map.
07-19 11:07:34.787  2601  2712 I GuardianSurfaceMgr: [GuardianSurfaceMgr::GetSurfaceMapData] surface 0 does not exist in map.
07-19 11:07:34.802  2601  2712 I GuardianSurfaceMgr: [GuardianSurfaceMgr::GetSurfaceMapData] surface 0 does not exist in map.
07-19 11:07:34.815  2601  2712 I GuardianSurfaceMgr: [GuardianSurfaceMgr::GetSurfaceMapData] surface 0 does not exist in map.
07-19 11:07:34.829  2601  2712 I GuardianSurfaceMgr: [GuardianSurfaceMgr::GetSurfaceMapData] surface 0 does not exist in map.
07-19 11:07:34.843  2601  2712 I GuardianSurfaceMgr: [GuardianSurfaceMgr::GetSurfaceMapData] surface 0 does not exist in map.
07-19 11:07:34.858   860  5383 I [CT]    : NIMBLE:HTEngine: active tracking pipeline: 1
07-19 11:07:34.859  2601  2712 I GuardianSurfaceMgr: [GuardianSurfaceMgr::GetSurfaceMapData] surface 0 does not exist in map.
07-19 11:07:34.871  2601  2712 I GuardianSurfaceMgr: [GuardianSurfaceMgr::GetSurfaceMapData] surface 0 does not exist in map.
07-19 11:07:34.886  2601  2712 I GuardianSurfaceMgr: [GuardianSurfaceMgr::GetSurfaceMapData] surface 0 does not exist in map.
07-19 11:07:34.899  2601  2712 I GuardianSurfaceMgr: [GuardianSurfaceMgr::GetSurfaceMapData] surface 0 does not exist in map.
07-19 11:07:34.913  2601  2712 I GuardianSurfaceMgr: [GuardianSurfaceMgr::GetSurfaceMapData] surface 0 does not exist in map.
07-19 11:07:34.928  2601  2712 I GuardianSurfaceMgr: [GuardianSurfaceMgr::GetSurfaceMapData] surface 0 does not exist in map.
07-19 11:07:34.940  2601  2712 I GuardianSurfaceMgr: [GuardianSurfaceMgr::GetSurfaceMapData] surface 0 does not exist in map.
07-19 11:07:34.954  2601  2712 I GuardianSurfaceMgr: [GuardianSurfaceMgr::GetSurfaceMapData] surface 0 does not exist in map.
07-19 11:07:34.968  2601  2712 I GuardianSurfaceMgr: [GuardianSurfaceMgr::GetSurfaceMapData] surface 0 does not exist in map.
07-19 11:07:34.982  2601  2712 I GuardianSurfaceMgr: [GuardianSurfaceMgr::GetSurfaceMapData] surface 0 does not exist in map.
07-19 11:07:34.996  2601  2712 I GuardianSurfaceMgr: [GuardianSurfaceMgr::GetSurfaceMapData] surface 0 does not exist in map.
07-19 11:07:35.008  6552  6650 I chatty  : uid=10108(com.DefaultCompany.natmltest) OVR::Stats expire 1 line
07-19 11:07:35.010  2601  2712 I GuardianSurfaceMgr: [GuardianSurfaceMgr::GetSurfaceMapData] surface 0 does not exist in map.
07-19 11:07:35.024  2601  2712 I GuardianSurfaceMgr: [GuardianSurfaceMgr::GetSurfaceMapData] surface 0 does not exist in map.
07-19 11:07:35.038  2601  2712 I GuardianSurfaceMgr: [GuardianSurfaceMgr::GetSurfaceMapData] surface 0 does not exist in map.
07-19 11:07:35.052  2601  2712 I GuardianSurfaceMgr: [GuardianSurfaceMgr::GetSurfaceMapData] surface 0 does not exist in map.
07-19 11:07:35.060  6552  6583 I chatty  : uid=10108(com.DefaultCompany.natmltest) UnityMain expire 248 lines
07-19 11:07:35.066  2601  2712 I GuardianSurfaceMgr: [GuardianSurfaceMgr::GetSurfaceMapData] surface 0 does not exist in map.
07-19 11:07:35.080  2601  2712 I GuardianSurfaceMgr: [GuardianSurfaceMgr::GetSurfaceMapData] surface 0 does not exist in map.
07-19 11:07:35.094  2601  2712 I GuardianSurfaceMgr: [GuardianSurfaceMgr::GetSurfaceMapData] surface 0 does not exist in map.
07-19 11:07:35.107  2601  2712 I GuardianSurfaceMgr: [GuardianSurfaceMgr::GetSurfaceMapData] surface 0 does not exist in map.
07-19 11:07:35.122  2601  2712 I GuardianSurfaceMgr: [GuardianSurfaceMgr::GetSurfaceMapData] surface 0 does not exist in map.
07-19 11:07:35.135  2601  2712 I GuardianSurfaceMgr: [GuardianSurfaceMgr::GetSurfaceMapData] surface 0 does not exist in map.
07-19 11:07:35.149  2601  2712 I GuardianSurfaceMgr: [GuardianSurfaceMgr::GetSurfaceMapData] surface 0 does not exist in map.
07-19 11:07:35.164  2601  2712 I GuardianSurfaceMgr: [GuardianSurfaceMgr::GetSurfaceMapData] surface 0 does not exist in map.
07-19 11:07:35.177  2601  2712 I GuardianSurfaceMgr: [GuardianSurfaceMgr::GetSurfaceMapData] surface 0 does not exist in map.
07-19 11:07:35.191  2601  2712 I GuardianSurfaceMgr: [GuardianSurfaceMgr::GetSurfaceMapData] surface 0 does not exist in map.
07-19 11:07:35.205  2601  2712 I GuardianSurfaceMgr: [GuardianSurfaceMgr::GetSurfaceMapData] surface 0 does not exist in map.
07-19 11:07:35.219  2601  2712 I GuardianSurfaceMgr: [GuardianSurfaceMgr::GetSurfaceMapData] surface 0 does not exist in map.
07-19 11:07:35.233  2601  2712 I GuardianSurfaceMgr: [GuardianSurfaceMgr::GetSurfaceMapData] surface 0 does not exist in map.
07-19 11:07:35.247  2601  2712 I GuardianSurfaceMgr: [GuardianSurfaceMgr::GetSurfaceMapData] surface 0 does not exist in map.
07-19 11:07:35.261  2601  2712 I GuardianSurfaceMgr: [GuardianSurfaceMgr::GetSurfaceMapData] surface 0 does not exist in map.
07-19 11:07:35.275  2601  2712 I GuardianSurfaceMgr: [GuardianSurfaceMgr::GetSurfaceMapData] surface 0 does not exist in map.
07-19 11:07:35.288  2601  2712 I GuardianSurfaceMgr: [GuardianSurfaceMgr::GetSurfaceMapData] surface 0 does not exist in map.
07-19 11:07:35.302  2601  2712 I GuardianSurfaceMgr: [GuardianSurfaceMgr::GetSurfaceMapData] surface 0 does not exist in map.
07-19 11:07:35.316  2601  2712 I GuardianSurfaceMgr: [GuardianSurfaceMgr::GetSurfaceMapData] surface 0 does not exist in map.
07-19 11:07:35.331  2601  2712 I GuardianSurfaceMgr: [GuardianSurfaceMgr::GetSurfaceMapData] surface 0 does not exist in map.
07-19 11:07:35.345  2601  2712 I GuardianSurfaceMgr: [GuardianSurfaceMgr::GetSurfaceMapData] surface 0 does not exist in map.
07-19 11:07:35.359  2601  2712 I GuardianSurfaceMgr: [GuardianSurfaceMgr::GetSurfaceMapData] surface 0 does not exist in map.
07-19 11:07:35.372  2601  2712 I GuardianSurfaceMgr: [GuardianSurfaceMgr::GetSurfaceMapData] surface 0 does not exist in map.
07-19 11:07:35.386  2601  2712 I GuardianSurfaceMgr: [GuardianSurfaceMgr::GetSurfaceMapData] surface 0 does not exist in map.
07-19 11:07:35.400  2601  2712 I GuardianSurfaceMgr: [GuardianSurfaceMgr::GetSurfaceMapData] surface 0 does not exist in map.
07-19 11:07:35.414  2601  2712 I GuardianSurfaceMgr: [GuardianSurfaceMgr::GetSurfaceMapData] surface 0 does not exist in map.
07-19 11:07:35.428  2601  2712 I GuardianSurfaceMgr: [GuardianSurfaceMgr::GetSurfaceMapData] surface 0 does not exist in map.
07-19 11:07:35.442  2601  2712 I GuardianSurfaceMgr: [GuardianSurfaceMgr::GetSurfaceMapData] surface 0 does not exist in map.
07-19 11:07:35.456  2601  2712 I GuardianSurfaceMgr: [GuardianSurfaceMgr::GetSurfaceMapData] surface 0 does not exist in map.
07-19 11:07:35.470  2601  2712 I GuardianSurfaceMgr: [GuardianSurfaceMgr::GetSurfaceMapData] surface 0 does not exist in map.
07-19 11:07:35.484  2601  2712 I GuardianSurfaceMgr: [GuardianSurfaceMgr::GetSurfaceMapData] surface 0 does not exist in map.
07-19 11:07:35.497  2601  2712 I GuardianSurfaceMgr: [GuardianSurfaceMgr::GetSurfaceMapData] surface 0 does not exist in map.
07-19 11:07:35.511  2601  2712 I GuardianSurfaceMgr: [GuardianSurfaceMgr::GetSurfaceMapData] surface 0 does not exist in map.
07-19 11:07:35.525  2601  2712 I GuardianSurfaceMgr: [GuardianSurfaceMgr::GetSurfaceMapData] surface 0 does not exist in map.
07-19 11:07:35.539  2601  2712 I GuardianSurfaceMgr: [GuardianSurfaceMgr::GetSurfaceMapData] surface 0 does not exist in map.
07-19 11:07:35.553  2601  2712 I GuardianSurfaceMgr: [GuardianSurfaceMgr::GetSurfaceMapData] surface 0 does not exist in map.
07-19 11:07:35.567  2601  2712 I GuardianSurfaceMgr: [GuardianSurfaceMgr::GetSurfaceMapData] surface 0 does not exist in map.
07-19 11:07:35.581  2601  2712 I GuardianSurfaceMgr: [GuardianSurfaceMgr::GetSurfaceMapData] surface 0 does not exist in map.
07-19 11:07:35.594  2601  2712 I GuardianSurfaceMgr: [GuardianSurfaceMgr::GetSurfaceMapData] surface 0 does not exist in map.
07-19 11:07:35.609  2601  2712 I GuardianSurfaceMgr: [GuardianSurfaceMgr::GetSurfaceMapData] surface 0 does not exist in map.
07-19 11:07:35.623  2601  2712 I GuardianSurfaceMgr: [GuardianSurfaceMgr::GetSurfaceMapData] surface 0 does not exist in map.
07-19 11:07:35.637  2601  2712 I GuardianSurfaceMgr: [GuardianSurfaceMgr::GetSurfaceMapData] surface 0 does not exist in map.
07-19 11:07:35.651  2601  2712 I GuardianSurfaceMgr: [GuardianSurfaceMgr::GetSurfaceMapData] surface 0 does not exist in map.
07-19 11:07:35.665  2601  2712 I GuardianSurfaceMgr: [GuardianSurfaceMgr::GetSurfaceMapData] surface 0 does not exist in map.
07-19 11:07:35.679  2601  2712 I GuardianSurfaceMgr: [GuardianSurfaceMgr::GetSurfaceMapData] surface 0 does not exist in map.
07-19 11:07:35.692  2601  2712 I GuardianSurfaceMgr: [GuardianSurfaceMgr::GetSurfaceMapData] surface 0 does not exist in map.
07-19 11:07:35.706  2601  2712 I GuardianSurfaceMgr: [GuardianSurfaceMgr::GetSurfaceMapData] surface 0 does not exist in map.
07-19 11:07:35.721  2601  2712 I GuardianSurfaceMgr: [GuardianSurfaceMgr::GetSurfaceMapData] surface 0 does not exist in map.
07-19 11:07:35.734  2601  2712 I GuardianSurfaceMgr: [GuardianSurfaceMgr::GetSurfaceMapData] surface 0 does not exist in map.
07-19 11:07:35.748  2601  2712 I GuardianSurfaceMgr: [GuardianSurfaceMgr::GetSurfaceMapData] surface 0 does not exist in map.
07-19 11:07:35.765  2601  2712 I GuardianSurfaceMgr: [GuardianSurfaceMgr::GetSurfaceMapData] surface 0 does not exist in map.
07-19 11:07:35.776  2601  2712 I GuardianSurfaceMgr: [GuardianSurfaceMgr::GetSurfaceMapData] surface 0 does not exist in map.
07-19 11:07:35.790  2601  2712 I GuardianSurfaceMgr: [GuardianSurfaceMgr::GetSurfaceMapData] surface 0 does not exist in map.
07-19 11:07:35.804  2601  2712 I GuardianSurfaceMgr: [GuardianSurfaceMgr::GetSurfaceMapData] surface 0 does not exist in map.
07-19 11:07:35.818  2601  2712 I GuardianSurfaceMgr: [GuardianSurfaceMgr::GetSurfaceMapData] surface 0 does not exist in map.
07-19 11:07:35.832  2601  2712 I GuardianSurfaceMgr: [GuardianSurfaceMgr::GetSurfaceMapData] surface 0 does not exist in map.
07-19 11:07:35.845  2601  2712 I GuardianSurfaceMgr: [GuardianSurfaceMgr::GetSurfaceMapData] surface 0 does not exist in map.
07-19 11:07:35.859  2601  2712 I GuardianSurfaceMgr: [GuardianSurfaceMgr::GetSurfaceMapData] surface 0 does not exist in map.
07-19 11:07:35.873  2601  2712 I GuardianSurfaceMgr: [GuardianSurfaceMgr::GetSurfaceMapData] surface 0 does not exist in map.
07-19 11:07:35.887  2601  2712 I GuardianSurfaceMgr: [GuardianSurfaceMgr::GetSurfaceMapData] surface 0 does not exist in map.
07-19 11:07:35.901  2601  2712 I GuardianSurfaceMgr: [GuardianSurfaceMgr::GetSurfaceMapData] surface 0 does not exist in map.
07-19 11:07:35.915  2601  2712 I GuardianSurfaceMgr: [GuardianSurfaceMgr::GetSurfaceMapData] surface 0 does not exist in map.
07-19 11:07:35.923  6552  6583 I Unity   : PX:0.001126766
07-19 11:07:35.923  6552  6583 I Unity   : UnityEngine.StackTraceUtility:ExtractStackTrace () (at /Users/bokken/buildslave/unity/build/Runtime/Export/Scripting/StackTrace.cs:37)
07-19 11:07:35.923  6552  6583 I Unity   : UnityEngine.DebugLogHandler:LogFormat (UnityEngine.LogType,UnityEngine.Object,string,object[])
07-19 11:07:35.923  6552  6583 I Unity   : UnityEngine.Logger:Log (UnityEngine.LogType,object)
07-19 11:07:35.923  6552  6583 I Unity   : UnityEngine.Debug:Log (object)
07-19 11:07:35.923  6552  6583 I Unity   : HeadsetMotionGetter:Update () (at D:/UnityProjects/natml-test/Assets/HeadsetMotionGetter.cs:31)
07-19 11:07:35.923  6552  6583 I Unity   : 
07-19 11:07:35.924  6552  6583 I Unity   : VX:-0.01512079
07-19 11:07:35.924  6552  6583 I Unity   : UnityEngine.StackTraceUtility:ExtractStackTrace () (at /Users/bokken/buildslave/unity/build/Runtime/Export/Scripting/StackTrace.cs:37)
07-19 11:07:35.924  6552  6583 I Unity   : UnityEngine.DebugLogHandler:LogFormat (UnityEngine.LogType,UnityEngine.Object,string,object[])
07-19 11:07:35.924  6552  6583 I Unity   : UnityEngine.Logger:Log (UnityEngine.LogType,object)
07-19 11:07:35.924  6552  6583 I Unity   : UnityEngine.Debug:Log (object)
07-19 11:07:35.924  6552  6583 I Unity   : HeadsetMotionGetter:Update () (at D:/UnityProjects/natml-test/Assets/HeadsetMotionGetter.cs:35)
07-19 11:07:35.924  6552  6583 I Unity   : 
07-19 11:07:35.924  6552  6583 I Unity   : AX:-0.003235772
07-19 11:07:35.924  6552  6583 I Unity   : UnityEngine.StackTraceUtility:ExtractStackTrace () (at /Users/bokken/buildslave/unity/build/Runtime/Export/Scripting/StackTrace.cs:37)
07-19 11:07:35.924  6552  6583 I Unity   : UnityEngine.DebugLogHandler:LogFormat (UnityEngine.LogType,UnityEngine.Object,string,object[])
07-19 11:07:35.924  6552  6583 I Unity   : UnityEngine.Logger:Log (UnityEngine.LogType,object)
07-19 11:07:35.924  6552  6583 I Unity   : UnityEngine.Debug:Log (object)
07-19 11:07:35.924  6552  6583 I Unity   : HeadsetMotionGetter:Update () (at D:/UnityProjects/natml-test/Assets/HeadsetMotionGetter.cs:36)
07-19 11:07:35.924  6552  6583 I Unity   : 
07-19 11:07:35.925  6552  6583 I Unity   : Output data: 0
07-19 11:07:35.925  6552  6583 I Unity   : UnityEngine.StackTraceUtility:ExtractStackTrace () (at /Users/bokken/buildslave/unity/build/Runtime/Export/Scripting/StackTrace.cs:37)
07-19 11:07:35.925  6552  6583 I Unity   : UnityEngine.DebugLogHandler:LogFormat (UnityEngine.LogType,UnityEngine.Object,string,object[])
07-19 11:07:35.925  6552  6583 I Unity   : UnityEngine.Logger:Log (UnityEngine.LogType,object)
07-19 11:07:35.925  6552  6583 I Unity   : UnityEngine.Debug:Log (object)
07-19 11:07:35.925  6552  6583 I Unity   : PredictDataScript:Update () (at D:/UnityProjects/natml-test/Assets/PredictDataScript.cs:56)
07-19 11:07:35.925  6552  6583 I Unity   : 
07-19 11:07:35.929  2601  2712 I GuardianSurfaceMgr: [GuardianSurfaceMgr::GetSurfaceMapData] surface 0 does not exist in map.
07-19 11:07:35.937  6552  6583 I Unity   : PX:0.0008967966
07-19 11:07:35.937  6552  6583 I Unity   : UnityEngine.StackTraceUtility:ExtractStackTrace () (at /Users/bokken/buildslave/unity/build/Runtime/Export/Scripting/StackTrace.cs:37)
07-19 11:07:35.937  6552  6583 I Unity   : UnityEngine.DebugLogHandler:LogFormat (UnityEngine.LogType,UnityEngine.Object,string,object[])
07-19 11:07:35.937  6552  6583 I Unity   : UnityEngine.Logger:Log (UnityEngine.LogType,object)
07-19 11:07:35.937  6552  6583 I Unity   : UnityEngine.Debug:Log (object)
07-19 11:07:35.937  6552  6583 I Unity   : HeadsetMotionGetter:Update () (at D:/UnityProjects/natml-test/Assets/HeadsetMotionGetter.cs:31)
07-19 11:07:35.937  6552  6583 I Unity   : 
07-19 11:07:35.937   860  1157 W [CT]    : VEGA_MAP_BUILDER: Resolved a potential TrackToMapPointAssosiation conflict between tracks 9371894 (index = 143, version = 246) and 9371892 (index = 143, version = 244). Point handle: h[375, 0].
07-19 11:07:35.937  6552  6583 I Unity   : VX:-0.01622712
07-19 11:07:35.937  6552  6583 I Unity   : UnityEngine.StackTraceUtility:ExtractStackTrace () (at /Users/bokken/buildslave/unity/build/Runtime/Export/Scripting/StackTrace.cs:37)
07-19 11:07:35.937  6552  6583 I Unity   : UnityEngine.DebugLogHandler:LogFormat (UnityEngine.LogType,UnityEngine.Object,string,object[])
07-19 11:07:35.937  6552  6583 I Unity   : UnityEngine.Logger:Log (UnityEngine.LogType,object)
07-19 11:07:35.937  6552  6583 I Unity   : UnityEngine.Debug:Log (object)
07-19 11:07:35.937  6552  6583 I Unity   : HeadsetMotionGetter:Update () (at D:/UnityProjects/natml-test/Assets/HeadsetMotionGetter.cs:35)
07-19 11:07:35.937  6552  6583 I Unity   : 
07-19 11:07:35.938  6552  6583 I Unity   : AX:-0.07806543
07-19 11:07:35.938  6552  6583 I Unity   : UnityEngine.StackTraceUtility:ExtractStackTrace () (at /Users/bokken/buildslave/unity/build/Runtime/Export/Scripting/StackTrace.cs:37)
07-19 11:07:35.938  6552  6583 I Unity   : UnityEngine.DebugLogHandler:LogFormat (UnityEngine.LogType,UnityEngine.Object,string,object[])
07-19 11:07:35.938  6552  6583 I Unity   : UnityEngine.Logger:Log (UnityEngine.LogType,object)
07-19 11:07:35.938  6552  6583 I Unity   : UnityEngine.Debug:Log (object)
07-19 11:07:35.938  6552  6583 I Unity   : HeadsetMotionGetter:Update () (at D:/UnityProjects/natml-test/Assets/HeadsetMotionGetter.cs:36)
07-19 11:07:35.938  6552  6583 I Unity   : 
07-19 11:07:35.938  6552  6583 I Unity   : Output data: 0
07-19 11:07:35.938  6552  6583 I Unity   : UnityEngine.StackTraceUtility:ExtractStackTrace () (at /Users/bokken/buildslave/unity/build/Runtime/Export/Scripting/StackTrace.cs:37)
07-19 11:07:35.938  6552  6583 I Unity   : UnityEngine.DebugLogHandler:LogFormat (UnityEngine.LogType,UnityEngine.Object,string,object[])
07-19 11:07:35.938  6552  6583 I Unity   : UnityEngine.Logger:Log (UnityEngine.LogType,object)
07-19 11:07:35.938  6552  6583 I Unity   : UnityEngine.Debug:Log (object)
07-19 11:07:35.938  6552  6583 I Unity   : PredictDataScript:Update () (at D:/UnityProjects/natml-test/Assets/PredictDataScript.cs:56)
07-19 11:07:35.938  6552  6583 I Unity   : 
07-19 11:07:35.943  2601  2712 I GuardianSurfaceMgr: [GuardianSurfaceMgr::GetSurfaceMapData] surface 0 does not exist in map.
07-19 11:07:35.951  6552  6583 I Unity   : PX:0.0007472932
07-19 11:07:35.951  6552  6583 I Unity   : UnityEngine.StackTraceUtility:ExtractStackTrace () (at /Users/bokken/buildslave/unity/build/Runtime/Export/Scripting/StackTrace.cs:37)
07-19 11:07:35.951  6552  6583 I Unity   : UnityEngine.DebugLogHandler:LogFormat (UnityEngine.LogType,UnityEngine.Object,string,object[])
07-19 11:07:35.951  6552  6583 I Unity   : UnityEngine.Logger:Log (UnityEngine.LogType,object)
07-19 11:07:35.951  6552  6583 I Unity   : UnityEngine.Debug:Log (object)
07-19 11:07:35.951  6552  6583 I Unity   : HeadsetMotionGetter:Update () (at D:/UnityProjects/natml-test/Assets/HeadsetMotionGetter.cs:31)
07-19 11:07:35.951  6552  6583 I Unity   : 
07-19 11:07:35.951  6552  6583 I Unity   : VX:-0.01056487
07-19 11:07:35.951  6552  6583 I Unity   : UnityEngine.StackTraceUtility:ExtractStackTrace () (at /Users/bokken/buildslave/unity/build/Runtime/Export/Scripting/StackTrace.cs:37)
07-19 11:07:35.951  6552  6583 I Unity   : UnityEngine.DebugLogHandler:LogFormat (UnityEngine.LogType,UnityEngine.Object,string,object[])
07-19 11:07:35.951  6552  6583 I Unity   : UnityEngine.Logger:Log (UnityEngine.LogType,object)
07-19 11:07:35.951  6552  6583 I Unity   : UnityEngine.Debug:Log (object)
07-19 11:07:35.951  6552  6583 I Unity   : HeadsetMotionGetter:Update () (at D:/UnityProjects/natml-test/Assets/HeadsetMotionGetter.cs:35)
07-19 11:07:35.951  6552  6583 I Unity   : 
07-19 11:07:35.952  6552  6583 I Unity   : AX:0.4001314
07-19 11:07:35.952  6552  6583 I Unity   : UnityEngine.StackTraceUtility:ExtractStackTrace () (at /Users/bokken/buildslave/unity/build/Runtime/Export/Scripting/StackTrace.cs:37)
07-19 11:07:35.952  6552  6583 I Unity   : UnityEngine.DebugLogHandler:LogFormat (UnityEngine.LogType,UnityEngine.Object,string,object[])
07-19 11:07:35.952  6552  6583 I Unity   : UnityEngine.Logger:Log (UnityEngine.LogType,object)
07-19 11:07:35.952  6552  6583 I Unity   : UnityEngine.Debug:Log (object)
07-19 11:07:35.952  6552  6583 I Unity   : HeadsetMotionGetter:Update () (at D:/UnityProjects/natml-test/Assets/HeadsetMotionGetter.cs:36)
07-19 11:07:35.952  6552  6583 I Unity   : 
07-19 11:07:35.952  6552  6583 I Unity   : Output data: 0
07-19 11:07:35.952  6552  6583 I Unity   : UnityEngine.StackTraceUtility:ExtractStackTrace () (at /Users/bokken/buildslave/unity/build/Runtime/Export/Scripting/StackTrace.cs:37)
07-19 11:07:35.952  6552  6583 I Unity   : UnityEngine.DebugLogHandler:LogFormat (UnityEngine.LogType,UnityEngine.Object,string,object[])
07-19 11:07:35.952  6552  6583 I Unity   : UnityEngine.Logger:Log (UnityEngine.LogType,object)
07-19 11:07:35.952  6552  6583 I Unity   : UnityEngine.Debug:Log (object)
07-19 11:07:35.952  6552  6583 I Unity   : PredictDataScript:Update () (at D:/UnityProjects/natml-test/Assets/PredictDataScript.cs:56)
07-19 11:07:35.952  6552  6583 I Unity   : 
07-19 11:07:35.957  2601  2712 I GuardianSurfaceMgr: [GuardianSurfaceMgr::GetSurfaceMapData] surface 0 does not exist in map.
07-19 11:07:35.965  6552  6583 I Unity   : PX:0.0005777776
07-19 11:07:35.965  6552  6583 I Unity   : UnityEngine.StackTraceUtility:ExtractStackTrace () (at /Users/bokken/buildslave/unity/build/Runtime/Export/Scripting/StackTrace.cs:37)
07-19 11:07:35.965  6552  6583 I Unity   : UnityEngine.DebugLogHandler:LogFormat (UnityEngine.LogType,UnityEngine.Object,string,object[])
07-19 11:07:35.965  6552  6583 I Unity   : UnityEngine.Logger:Log (UnityEngine.LogType,object)
07-19 11:07:35.965  6552  6583 I Unity   : UnityEngine.Debug:Log (object)
07-19 11:07:35.965  6552  6583 I Unity   : HeadsetMotionGetter:Update () (at D:/UnityProjects/natml-test/Assets/HeadsetMotionGetter.cs:31)
07-19 11:07:35.965  6552  6583 I Unity   : 
07-19 11:07:35.965  6552  6583 I Unity   : VX:-0.01256917
07-19 11:07:35.965  6552  6583 I Unity   : UnityEngine.StackTraceUtility:ExtractStackTrace () (at /Users/bokken/buildslave/unity/build/Runtime/Export/Scripting/StackTrace.cs:37)
07-19 11:07:35.965  6552  6583 I Unity   : UnityEngine.DebugLogHandler:LogFormat (UnityEngine.LogType,UnityEngine.Object,string,object[])
07-19 11:07:35.965  6552  6583 I Unity   : UnityEngine.Logger:Log (UnityEngine.LogType,object)
07-19 11:07:35.965  6552  6583 I Unity   : UnityEngine.Debug:Log (object)
07-19 11:07:35.965  6552  6583 I Unity   : HeadsetMotionGetter:Update () (at D:/UnityProjects/natml-test/Assets/HeadsetMotionGetter.cs:35)
07-19 11:07:35.965  6552  6583 I Unity   : 
07-19 11:07:35.966  6552  6583 I Unity   : AX:-0.1486144
07-19 11:07:35.966  6552  6583 I Unity   : UnityEngine.StackTraceUtility:ExtractStackTrace () (at /Users/bokken/buildslave/unity/build/Runtime/Export/Scripting/StackTrace.cs:37)
07-19 11:07:35.966  6552  6583 I Unity   : UnityEngine.DebugLogHandler:LogFormat (UnityEngine.LogType,UnityEngine.Object,string,object[])
07-19 11:07:35.966  6552  6583 I Unity   : UnityEngine.Logger:Log (UnityEngine.LogType,object)
07-19 11:07:35.966  6552  6583 I Unity   : UnityEngine.Debug:Log (object)
07-19 11:07:35.966  6552  6583 I Unity   : HeadsetMotionGetter:Update () (at D:/UnityProjects/natml-test/Assets/HeadsetMotionGetter.cs:36)
07-19 11:07:35.966  6552  6583 I Unity   : 
07-19 11:07:35.967  6552  6583 I Unity   : Output data: 0
07-19 11:07:35.967  6552  6583 I Unity   : UnityEngine.StackTraceUtility:ExtractStackTrace () (at /Users/bokken/buildslave/unity/build/Runtime/Export/Scripting/StackTrace.cs:37)
07-19 11:07:35.967  6552  6583 I Unity   : UnityEngine.DebugLogHandler:LogFormat (UnityEngine.LogType,UnityEngine.Object,string,object[])
07-19 11:07:35.967  6552  6583 I Unity   : UnityEngine.Logger:Log (UnityEngine.LogType,object)
07-19 11:07:35.967  6552  6583 I Unity   : UnityEngine.Debug:Log (object)
07-19 11:07:35.967  6552  6583 I Unity   : PredictDataScript:Update () (at D:/UnityProjects/natml-test/Assets/PredictDataScript.cs:56)
07-19 11:07:35.967  6552  6583 I Unity   : 
07-19 11:07:35.971  2601  2712 I GuardianSurfaceMgr: [GuardianSurfaceMgr::GetSurfaceMapData] surface 0 does not exist in map.
07-19 11:07:35.979  6552  6583 I Unity   : PX:0.0004397333
07-19 11:07:35.979  6552  6583 I Unity   : UnityEngine.StackTraceUtility:ExtractStackTrace () (at /Users/bokken/buildslave/unity/build/Runtime/Export/Scripting/StackTrace.cs:37)
07-19 11:07:35.979  6552  6583 I Unity   : UnityEngine.DebugLogHandler:LogFormat (UnityEngine.LogType,UnityEngine.Object,string,object[])
07-19 11:07:35.979  6552  6583 I Unity   : UnityEngine.Logger:Log (UnityEngine.LogType,object)
07-19 11:07:35.979  6552  6583 I Unity   : UnityEngine.Debug:Log (object)
07-19 11:07:35.979  6552  6583 I Unity   : HeadsetMotionGetter:Update () (at D:/UnityProjects/natml-test/Assets/HeadsetMotionGetter.cs:31)
07-19 11:07:35.979  6552  6583 I Unity   : 
07-19 11:07:35.979  6552  6583 I Unity   : VX:-0.009720863
07-19 11:07:35.979  6552  6583 I Unity   : UnityEngine.StackTraceUtility:ExtractStackTrace () (at /Users/bokken/buildslave/unity/build/Runtime/Export/Scripting/StackTrace.cs:37)
07-19 11:07:35.979  6552  6583 I Unity   : UnityEngine.DebugLogHandler:LogFormat (UnityEngine.LogType,UnityEngine.Object,string,object[])
07-19 11:07:35.979  6552  6583 I Unity   : UnityEngine.Logger:Log (UnityEngine.LogType,object)
07-19 11:07:35.979  6552  6583 I Unity   : UnityEngine.Debug:Log (object)
07-19 11:07:35.979  6552  6583 I Unity   : HeadsetMotionGetter:Update () (at D:/UnityProjects/natml-test/Assets/HeadsetMotionGetter.cs:35)
07-19 11:07:35.979  6552  6583 I Unity   : 
07-19 11:07:35.979  6552  6583 I Unity   : AX:0.2005735
07-19 11:07:35.979  6552  6583 I Unity   : UnityEngine.StackTraceUtility:ExtractStackTrace () (at /Users/bokken/buildslave/unity/build/Runtime/Export/Scripting/StackTrace.cs:37)
07-19 11:07:35.979  6552  6583 I Unity   : UnityEngine.DebugLogHandler:LogFormat (UnityEngine.LogType,UnityEngine.Object,string,object[])
07-19 11:07:35.979  6552  6583 I Unity   : UnityEngine.Logger:Log (UnityEngine.LogType,object)
07-19 11:07:35.979  6552  6583 I Unity   : UnityEngine.Debug:Log (object)
07-19 11:07:35.979  6552  6583 I Unity   : HeadsetMotionGetter:Update () (at D:/UnityProjects/natml-test/Assets/HeadsetMotionGetter.cs:36)
07-19 11:07:35.979  6552  6583 I Unity   : 
07-19 11:07:35.980  6552  6583 I Unity   : Output data: 0
07-19 11:07:35.980  6552  6583 I Unity   : UnityEngine.StackTraceUtility:ExtractStackTrace () (at /Users/bokken/buildslave/unity/build/Runtime/Export/Scripting/StackTrace.cs:37)
07-19 11:07:35.980  6552  6583 I Unity   : UnityEngine.DebugLogHandler:LogFormat (UnityEngine.LogType,UnityEngine.Object,string,object[])
07-19 11:07:35.980  6552  6583 I Unity   : UnityEngine.Logger:Log (UnityEngine.LogType,object)
07-19 11:07:35.980  6552  6583 I Unity   : UnityEngine.Debug:Log (object)
07-19 11:07:35.980  6552  6583 I Unity   : PredictDataScript:Update () (at D:/UnityProjects/natml-test/Assets/PredictDataScript.cs:56)
07-19 11:07:35.980  6552  6583 I Unity   : 
07-19 11:07:35.983   860  5270 I [CT]    : boltlib: DSP utilization: 26.31 % (1315 / 5000 ms)
07-19 11:07:35.985  2601  2712 I GuardianSurfaceMgr: [GuardianSurfaceMgr::GetSurfaceMapData] surface 0 does not exist in map.
07-19 11:07:35.993  6552  6583 I Unity   : PX:0.0003338456
07-19 11:07:35.993  6552  6583 I Unity   : UnityEngine.StackTraceUtility:ExtractStackTrace () (at /Users/bokken/buildslave/unity/build/Runtime/Export/Scripting/StackTrace.cs:37)
07-19 11:07:35.993  6552  6583 I Unity   : UnityEngine.DebugLogHandler:LogFormat (UnityEngine.LogType,UnityEngine.Object,string,object[])
07-19 11:07:35.993  6552  6583 I Unity   : UnityEngine.Logger:Log (UnityEngine.LogType,object)
07-19 11:07:35.993  6552  6583 I Unity   : UnityEngine.Debug:Log (object)
07-19 11:07:35.993  6552  6583 I Unity   : HeadsetMotionGetter:Update () (at D:/UnityProjects/natml-test/Assets/HeadsetMotionGetter.cs:31)
07-19 11:07:35.993  6552  6583 I Unity   : 
07-19 11:07:35.993  6552  6583 I Unity   : VX:-0.007559832
07-19 11:07:35.993  6552  6583 I Unity   : UnityEngine.StackTraceUtility:ExtractStackTrace () (at /Users/bokken/buildslave/unity/build/Runtime/Export/Scripting/StackTrace.cs:37)
07-19 11:07:35.993  6552  6583 I Unity   : UnityEngine.DebugLogHandler:LogFormat (UnityEngine.LogType,UnityEngine.Object,string,object[])
07-19 11:07:35.993  6552  6583 I Unity   : UnityEngine.Logger:Log (UnityEngine.LogType,object)
07-19 11:07:35.993  6552  6583 I Unity   : UnityEngine.Debug:Log (object)
07-19 11:07:35.993  6552  6583 I Unity   : HeadsetMotionGetter:Update () (at D:/UnityProjects/natml-test/Assets/HeadsetMotionGetter.cs:35)
07-19 11:07:35.993  6552  6583 I Unity   : 
07-19 11:07:35.993  6552  6583 I Unity   : AX:0.1542865
07-19 11:07:35.993  6552  6583 I Unity   : UnityEngine.StackTraceUtility:ExtractStackTrace () (at /Users/bokken/buildslave/unity/build/Runtime/Export/Scripting/StackTrace.cs:37)
07-19 11:07:35.993  6552  6583 I Unity   : UnityEngine.DebugLogHandler:LogFormat (UnityEngine.LogType,UnityEngine.Object,string,object[])
07-19 11:07:35.993  6552  6583 I Unity   : UnityEngine.Logger:Log (UnityEngine.LogType,object)
07-19 11:07:35.993  6552  6583 I Unity   : UnityEngine.Debug:Log (object)
07-19 11:07:35.993  6552  6583 I Unity   : HeadsetMotionGetter:Update () (at D:/UnityProjects/natml-test/Assets/HeadsetMotionGetter.cs:36)
07-19 11:07:35.993  6552  6583 I Unity   : 
07-19 11:07:35.994  6552  6583 I Unity   : Output data: 0
07-19 11:07:35.994  6552  6583 I Unity   : UnityEngine.StackTraceUtility:ExtractStackTrace () (at /Users/bokken/buildslave/unity/build/Runtime/Export/Scripting/StackTrace.cs:37)
07-19 11:07:35.994  6552  6583 I Unity   : UnityEngine.DebugLogHandler:LogFormat (UnityEngine.LogType,UnityEngine.Object,string,object[])
07-19 11:07:35.994  6552  6583 I Unity   : UnityEngine.Logger:Log (UnityEngine.LogType,object)
07-19 11:07:35.994  6552  6583 I Unity   : UnityEngine.Debug:Log (object)
07-19 11:07:35.994  6552  6583 I Unity   : PredictDataScript:Update () (at D:/UnityProjects/natml-test/Assets/PredictDataScript.cs:56)
07-19 11:07:35.994  6552  6583 I Unity   : 
07-19 11:07:35.999  2601  2712 I GuardianSurfaceMgr: [GuardianSurfaceMgr::GetSurfaceMapData] surface 0 does not exist in map.
07-19 11:07:36.007  6552  6583 I Unity   : PX:0.0001925677
07-19 11:07:36.007  6552  6583 I Unity   : UnityEngine.StackTraceUtility:ExtractStackTrace () (at /Users/bokken/buildslave/unity/build/Runtime/Export/Scripting/StackTrace.cs:37)
07-19 11:07:36.007  6552  6583 I Unity   : UnityEngine.DebugLogHandler:LogFormat (UnityEngine.LogType,UnityEngine.Object,string,object[])
07-19 11:07:36.007  6552  6583 I Unity   : UnityEngine.Logger:Log (UnityEngine.LogType,object)
07-19 11:07:36.007  6552  6583 I Unity   : UnityEngine.Debug:Log (object)
07-19 11:07:36.007  6552  6583 I Unity   : HeadsetMotionGetter:Update () (at D:/UnityProjects/natml-test/Assets/HeadsetMotionGetter.cs:31)
07-19 11:07:36.007  6552  6583 I Unity   : 
07-19 11:07:36.007  6552  6583 I Unity   : VX:-0.01046838
07-19 11:07:36.007  6552  6583 I Unity   : UnityEngine.StackTraceUtility:ExtractStackTrace () (at /Users/bokken/buildslave/unity/build/Runtime/Export/Scripting/StackTrace.cs:37)
07-19 11:07:36.007  6552  6583 I Unity   : UnityEngine.DebugLogHandler:LogFormat (UnityEngine.LogType,UnityEngine.Object,string,object[])
07-19 11:07:36.007  6552  6583 I Unity   : UnityEngine.Logger:Log (UnityEngine.LogType,object)
07-19 11:07:36.007  6552  6583 I Unity   : UnityEngine.Debug:Log (object)
07-19 11:07:36.007  6552  6583 I Unity   : HeadsetMotionGetter:Update () (at D:/UnityProjects/natml-test/Assets/HeadsetMotionGetter.cs:35)
07-19 11:07:36.007  6552  6583 I Unity   : 
07-19 11:07:36.008  6552  6583 I Unity   : AX:-0.2155172
07-19 11:07:36.008  6552  6583 I Unity   : UnityEngine.StackTraceUtility:ExtractStackTrace () (at /Users/bokken/buildslave/unity/build/Runtime/Export/Scripting/StackTrace.cs:37)
07-19 11:07:36.008  6552  6583 I Unity   : UnityEngine.DebugLogHandler:LogFormat (UnityEngine.LogType,UnityEngine.Object,string,object[])
07-19 11:07:36.008  6552  6583 I Unity   : UnityEngine.Logger:Log (UnityEngine.LogType,object)
07-19 11:07:36.008  6552  6583 I Unity   : UnityEngine.Debug:Log (object)
07-19 11:07:36.008  6552  6583 I Unity   : HeadsetMotionGetter:Update () (at D:/UnityProjects/natml-test/Assets/HeadsetMotionGetter.cs:36)
07-19 11:07:36.008  6552  6583 I Unity   : 
07-19 11:07:36.008  6552  6650 I VrApi   : FPS=72/72,Prd=24ms,Tear=0,Early=0,Stale=0,Stale2/5/10/max=0/0/0/0,VSnc=0,Lat=-1,Fov=0,CPU4/GPU=4/4,2304/670MHz,OC=FF,TA=0/0/0,SP=N/N/N,Mem=1804MHz,Free=1963MB,PLS=0,Temp=29.0C/0.0C,TW=2.51ms,App=3.63ms,GD=0.12ms,CPU&GPU=8.03ms,LCnt=3(DR72,LM3),GPU%=0.37,CPU%=0.17(W0.43),DSF=1.00,CFL=10.38/19.25,LD=0
07-19 11:07:36.008  6552  6583 I Unity   : Output data: 0
07-19 11:07:36.008  6552  6583 I Unity   : UnityEngine.StackTraceUtility:ExtractStackTrace () (at /Users/bokken/buildslave/unity/build/Runtime/Export/Scripting/StackTrace.cs:37)
07-19 11:07:36.008  6552  6583 I Unity   : UnityEngine.DebugLogHandler:LogFormat (UnityEngine.LogType,UnityEngine.Object,string,object[])
07-19 11:07:36.008  6552  6583 I Unity   : UnityEngine.Logger:Log (UnityEngine.LogType,object)
07-19 11:07:36.008  6552  6583 I Unity   : UnityEngine.Debug:Log (object)
07-19 11:07:36.008  6552  6583 I Unity   : PredictDataScript:Update () (at D:/UnityProjects/natml-test/Assets/PredictDataScript.cs:56)
07-19 11:07:36.008  6552  6583 I Unity   : 
07-19 11:07:36.013  2601  2712 I GuardianSurfaceMgr: [GuardianSurfaceMgr::GetSurfaceMapData] surface 0 does not exist in map.
07-19 11:07:36.021  6552  6583 I Unity   : PX:0.0001356751
07-19 11:07:36.021  6552  6583 I Unity   : UnityEngine.StackTraceUtility:ExtractStackTrace () (at /Users/bokken/buildslave/unity/build/Runtime/Export/Scripting/StackTrace.cs:37)
07-19 11:07:36.021  6552  6583 I Unity   : UnityEngine.DebugLogHandler:LogFormat (UnityEngine.LogType,UnityEngine.Object,string,object[])
07-19 11:07:36.021  6552  6583 I Unity   : UnityEngine.Logger:Log (UnityEngine.LogType,object)
07-19 11:07:36.021  6552  6583 I Unity   : UnityEngine.Debug:Log (object)
07-19 11:07:36.021  6552  6583 I Unity   : HeadsetMotionGetter:Update () (at D:/UnityProjects/natml-test/Assets/HeadsetMotionGetter.cs:31)
07-19 11:07:36.021  6552  6583 I Unity   : 
07-19 11:07:36.021  6552  6583 I Unity   : VX:-0.003964615
07-19 11:07:36.021  6552  6583 I Unity   : UnityEngine.StackTraceUtility:ExtractStackTrace () (at /Users/bokken/buildslave/unity/build/Runtime/Export/Scripting/StackTrace.cs:37)
07-19 11:07:36.021  6552  6583 I Unity   : UnityEngine.DebugLogHandler:LogFormat (UnityEngine.LogType,UnityEngine.Object,string,object[])
07-19 11:07:36.021  6552  6583 I Unity   : UnityEngine.Logger:Log (UnityEngine.LogType,object)
07-19 11:07:36.021  6552  6583 I Unity   : UnityEngine.Debug:Log (object)
07-19 11:07:36.021  6552  6583 I Unity   : HeadsetMotionGetter:Update () (at D:/UnityProjects/natml-test/Assets/HeadsetMotionGetter.cs:35)
07-19 11:07:36.021  6552  6583 I Unity   : 
07-19 11:07:36.021  6552  6583 I Unity   : AX:0.4532209
07-19 11:07:36.021  6552  6583 I Unity   : UnityEngine.StackTraceUtility:ExtractStackTrace () (at /Users/bokken/buildslave/unity/build/Runtime/Export/Scripting/StackTrace.cs:37)
07-19 11:07:36.021  6552  6583 I Unity   : UnityEngine.DebugLogHandler:LogFormat (UnityEngine.LogType,UnityEngine.Object,string,object[])
07-19 11:07:36.021  6552  6583 I Unity   : UnityEngine.Logger:Log (UnityEngine.LogType,object)
07-19 11:07:36.021  6552  6583 I Unity   : UnityEngine.Debug:Log (object)
07-19 11:07:36.021  6552  6583 I Unity   : HeadsetMotionGetter:Update () (at D:/UnityProjects/natml-test/Assets/HeadsetMotionGetter.cs:36)
07-19 11:07:36.021  6552  6583 I Unity   : 
07-19 11:07:36.022  6552  6583 I Unity   : Output data: 0
07-19 11:07:36.022  6552  6583 I Unity   : UnityEngine.StackTraceUtility:ExtractStackTrace () (at /Users/bokken/buildslave/unity/build/Runtime/Export/Scripting/StackTrace.cs:37)
07-19 11:07:36.022  6552  6583 I Unity   : UnityEngine.DebugLogHandler:LogFormat (UnityEngine.LogType,UnityEngine.Object,string,object[])
07-19 11:07:36.022  6552  6583 I Unity   : UnityEngine.Logger:Log (UnityEngine.LogType,object)
07-19 11:07:36.022  6552  6583 I Unity   : UnityEngine.Debug:Log (object)
07-19 11:07:36.022  6552  6583 I Unity   : PredictDataScript:Update () (at D:/UnityProjects/natml-test/Assets/PredictDataScript.cs:56)
07-19 11:07:36.022  6552  6583 I Unity   : 
07-19 11:07:36.026  2601  2712 I GuardianSurfaceMgr: [GuardianSurfaceMgr::GetSurfaceMapData] surface 0 does not exist in map.
07-19 11:07:36.035  6552  6583 I Unity   : PX:5.450845E-05
07-19 11:07:36.035  6552  6583 I Unity   : UnityEngine.StackTraceUtility:ExtractStackTrace () (at /Users/bokken/buildslave/unity/build/Runtime/Export/Scripting/StackTrace.cs:37)
07-19 11:07:36.035  6552  6583 I Unity   : UnityEngine.DebugLogHandler:LogFormat (UnityEngine.LogType,UnityEngine.Object,string,object[])
07-19 11:07:36.035  6552  6583 I Unity   : UnityEngine.Logger:Log (UnityEngine.LogType,object)
07-19 11:07:36.035  6552  6583 I Unity   : UnityEngine.Debug:Log (object)
07-19 11:07:36.035  6552  6583 I Unity   : HeadsetMotionGetter:Update () (at D:/UnityProjects/natml-test/Assets/HeadsetMotionGetter.cs:31)
07-19 11:07:36.035  6552  6583 I Unity   : 
07-19 11:07:36.035  6552  6583 I Unity   : VX:-0.005827404
07-19 11:07:36.035  6552  6583 I Unity   : UnityEngine.StackTraceUtility:ExtractStackTrace () (at /Users/bokken/buildslave/unity/build/Runtime/Export/Scripting/StackTrace.cs:37)
07-19 11:07:36.035  6552  6583 I Unity   : UnityEngine.DebugLogHandler:LogFormat (UnityEngine.LogType,UnityEngine.Object,string,object[])
07-19 11:07:36.035  6552  6583 I Unity   : UnityEngine.Logger:Log (UnityEngine.LogType,object)
07-19 11:07:36.035  6552  6583 I Unity   : UnityEngine.Debug:Log (object)
07-19 11:07:36.035  6552  6583 I Unity   : HeadsetMotionGetter:Update () (at D:/UnityProjects/natml-test/Assets/HeadsetMotionGetter.cs:35)
07-19 11:07:36.035  6552  6583 I Unity   : 
07-19 11:07:36.035  6552  6583 I Unity   : AX:-0.13374
07-19 11:07:36.035  6552  6583 I Unity   : UnityEngine.StackTraceUtility:ExtractStackTrace () (at /Users/bokken/buildslave/unity/build/Runtime/Export/Scripting/StackTrace.cs:37)
07-19 11:07:36.035  6552  6583 I Unity   : UnityEngine.DebugLogHandler:LogFormat (UnityEngine.LogType,UnityEngine.Object,string,object[])
07-19 11:07:36.035  6552  6583 I Unity   : UnityEngine.Logger:Log (UnityEngine.LogType,object)
07-19 11:07:36.035  6552  6583 I Unity   : UnityEngine.Debug:Log (object)
07-19 11:07:36.035  6552  6583 I Unity   : HeadsetMotionGetter:Update () (at D:/UnityProjects/natml-test/Assets/HeadsetMotionGetter.cs:36)
07-19 11:07:36.035  6552  6583 I Unity   : 
07-19 11:07:36.036  6552  6583 I Unity   : Output data: 0
07-19 11:07:36.036  6552  6583 I Unity   : UnityEngine.StackTraceUtility:ExtractStackTrace () (at /Users/bokken/buildslave/unity/build/Runtime/Export/Scripting/StackTrace.cs:37)
07-19 11:07:36.036  6552  6583 I Unity   : UnityEngine.DebugLogHandler:LogFormat (UnityEngine.LogType,UnityEngine.Object,string,object[])
07-19 11:07:36.036  6552  6583 I Unity   : UnityEngine.Logger:Log (UnityEngine.LogType,object)
07-19 11:07:36.036  6552  6583 I Unity   : UnityEngine.Debug:Log (object)
07-19 11:07:36.036  6552  6583 I Unity   : PredictDataScript:Update () (at D:/UnityProjects/natml-test/Assets/PredictDataScript.cs:56)
07-19 11:07:36.036  6552  6583 I Unity   : 
07-19 11:07:36.041  2601  2712 I GuardianSurfaceMgr: [GuardianSurfaceMgr::GetSurfaceMapData] surface 0 does not exist in map.
07-19 11:07:36.049  6552  6583 I Unity   : PX:-1.072884E-05
07-19 11:07:36.049  6552  6583 I Unity   : UnityEngine.StackTraceUtility:ExtractStackTrace () (at /Users/bokken/buildslave/unity/build/Runtime/Export/Scripting/StackTrace.cs:37)
07-19 11:07:36.049  6552  6583 I Unity   : UnityEngine.DebugLogHandler:LogFormat (UnityEngine.LogType,UnityEngine.Object,string,object[])
07-19 11:07:36.049  6552  6583 I Unity   : UnityEngine.Logger:Log (UnityEngine.LogType,object)
07-19 11:07:36.049  6552  6583 I Unity   : UnityEngine.Debug:Log (object)
07-19 11:07:36.049  6552  6583 I Unity   : HeadsetMotionGetter:Update () (at D:/UnityProjects/natml-test/Assets/HeadsetMotionGetter.cs:31)
07-19 11:07:36.049  6552  6583 I Unity   : 
07-19 11:07:36.049  6552  6583 I Unity   : VX:-0.004593332
07-19 11:07:36.049  6552  6583 I Unity   : UnityEngine.StackTraceUtility:ExtractStackTrace () (at /Users/bokken/buildslave/unity/build/Runtime/Export/Scripting/StackTrace.cs:37)
07-19 11:07:36.049  6552  6583 I Unity   : UnityEngine.DebugLogHandler:LogFormat (UnityEngine.LogType,UnityEngine.Object,string,object[])
07-19 11:07:36.049  6552  6583 I Unity   : UnityEngine.Logger:Log (UnityEngine.LogType,object)
07-19 11:07:36.049  6552  6583 I Unity   : UnityEngine.Debug:Log (object)
07-19 11:07:36.049  6552  6583 I Unity   : HeadsetMotionGetter:Update () (at D:/UnityProjects/natml-test/Assets/HeadsetMotionGetter.cs:35)
07-19 11:07:36.049  6552  6583 I Unity   : 
07-19 11:07:36.049  6552  6583 I Unity   : AX:0.0868905
07-19 11:07:36.049  6552  6583 I Unity   : UnityEngine.StackTraceUtility:ExtractStackTrace () (at /Users/bokken/buildslave/unity/build/Runtime/Export/Scripting/StackTrace.cs:37)
07-19 11:07:36.049  6552  6583 I Unity   : UnityEngine.DebugLogHandler:LogFormat (UnityEngine.LogType,UnityEngine.Object,string,object[])
07-19 11:07:36.049  6552  6583 I Unity   : UnityEngine.Logger:Log (UnityEngine.LogType,object)
07-19 11:07:36.049  6552  6583 I Unity   : UnityEngine.Debug:Log (object)
07-19 11:07:36.049  6552  6583 I Unity   : HeadsetMotionGetter:Update () (at D:/UnityProjects/natml-test/Assets/HeadsetMotionGetter.cs:36)
07-19 11:07:36.049  6552  6583 I Unity   : 
07-19 11:07:36.050  6552  6583 I Unity   : Output data: 0
07-19 11:07:36.050  6552  6583 I Unity   : UnityEngine.StackTraceUtility:ExtractStackTrace () (at /Users/bokken/buildslave/unity/build/Runtime/Export/Scripting/StackTrace.cs:37)
07-19 11:07:36.050  6552  6583 I Unity   : UnityEngine.DebugLogHandler:LogFormat (UnityEngine.LogType,UnityEngine.Object,string,object[])
07-19 11:07:36.050  6552  6583 I Unity   : UnityEngine.Logger:Log (UnityEngine.LogType,object)
07-19 11:07:36.050  6552  6583 I Unity   : UnityEngine.Debug:Log (object)
07-19 11:07:36.050  6552  6583 I Unity   : PredictDataScript:Update () (at D:/UnityProjects/natml-test/Assets/PredictDataScript.cs:56)
07-19 11:07:36.050  6552  6583 I Unity   : 
07-19 11:07:36.054  2601  2712 I GuardianSurfaceMgr: [GuardianSurfaceMgr::GetSurfaceMapData] surface 0 does not exist in map.
07-19 11:07:36.063  6552  6583 I Unity   : PX:-9.258091E-05
07-19 11:07:36.063  6552  6583 I Unity   : UnityEngine.StackTraceUtility:ExtractStackTrace () (at /Users/bokken/buildslave/unity/build/Runtime/Export/Scripting/StackTrace.cs:37)
07-19 11:07:36.063  6552  6583 I Unity   : UnityEngine.DebugLogHandler:LogFormat (UnityEngine.LogType,UnityEngine.Object,string,object[])
07-19 11:07:36.063  6552  6583 I Unity   : UnityEngine.Logger:Log (UnityEngine.LogType,object)
07-19 11:07:36.063  6552  6583 I Unity   : UnityEngine.Debug:Log (object)
07-19 11:07:36.063  6552  6583 I Unity   : HeadsetMotionGetter:Update () (at D:/UnityProjects/natml-test/Assets/HeadsetMotionGetter.cs:31)
07-19 11:07:36.063  6552  6583 I Unity   : 
07-19 11:07:36.063  6552  6583 I Unity   : VX:-0.005940907
07-19 11:07:36.063  6552  6583 I Unity   : UnityEngine.StackTraceUtility:ExtractStackTrace () (at /Users/bokken/buildslave/unity/build/Runtime/Export/Scripting/StackTrace.cs:37)
07-19 11:07:36.063  6552  6583 I Unity   : UnityEngine.DebugLogHandler:LogFormat (UnityEngine.LogType,UnityEngine.Object,string,object[])
07-19 11:07:36.063  6552  6583 I Unity   : UnityEngine.Logger:Log (UnityEngine.LogType,object)
07-19 11:07:36.063  6552  6583 I Unity   : UnityEngine.Debug:Log (object)
07-19 11:07:36.063  6552  6583 I Unity   : HeadsetMotionGetter:Update () (at D:/UnityProjects/natml-test/Assets/HeadsetMotionGetter.cs:35)
07-19 11:07:36.063  6552  6583 I Unity   : 
07-19 11:07:36.063  6552  6583 I Unity   : AX:-0.09780835
07-19 11:07:36.063  6552  6583 I Unity   : UnityEngine.StackTraceUtility:ExtractStackTrace () (at /Users/bokken/buildslave/unity/build/Runtime/Export/Scripting/StackTrace.cs:37)
07-19 11:07:36.063  6552  6583 I Unity   : UnityEngine.DebugLogHandler:LogFormat (UnityEngine.LogType,UnityEngine.Object,string,object[])
07-19 11:07:36.063  6552  6583 I Unity   : UnityEngine.Logger:Log (UnityEngine.LogType,object)
07-19 11:07:36.063  6552  6583 I Unity   : UnityEngine.Debug:Log (object)
07-19 11:07:36.063  6552  6583 I Unity   : HeadsetMotionGetter:Update () (at D:/UnityProjects/natml-test/Assets/HeadsetMotionGetter.cs:36)
07-19 11:07:36.063  6552  6583 I Unity   : 
07-19 11:07:36.064  6552  6583 I Unity   : Output data: 0
07-19 11:07:36.064  6552  6583 I Unity   : UnityEngine.StackTraceUtility:ExtractStackTrace () (at /Users/bokken/buildslave/unity/build/Runtime/Export/Scripting/StackTrace.cs:37)
07-19 11:07:36.064  6552  6583 I Unity   : UnityEngine.DebugLogHandler:LogFormat (UnityEngine.LogType,UnityEngine.Object,string,object[])
07-19 11:07:36.064  6552  6583 I Unity   : UnityEngine.Logger:Log (UnityEngine.LogType,object)
07-19 11:07:36.064  6552  6583 I Unity   : UnityEngine.Debug:Log (object)
07-19 11:07:36.064  6552  6583 I Unity   : PredictDataScript:Update () (at D:/UnityProjects/natml-test/Assets/PredictDataScript.cs:56)
07-19 11:07:36.064  6552  6583 I Unity   : 
07-19 11:07:36.068  2601  2712 I GuardianSurfaceMgr: [GuardianSurfaceMgr::GetSurfaceMapData] surface 0 does not exist in map.
07-19 11:07:36.076  6552  6583 I Unity   : PX:-0.000121206
07-19 11:07:36.076  6552  6583 I Unity   : UnityEngine.StackTraceUtility:ExtractStackTrace () (at /Users/bokken/buildslave/unity/build/Runtime/Export/Scripting/StackTrace.cs:37)
07-19 11:07:36.076  6552  6583 I Unity   : UnityEngine.DebugLogHandler:LogFormat (UnityEngine.LogType,UnityEngine.Object,string,object[])
07-19 11:07:36.076  6552  6583 I Unity   : UnityEngine.Logger:Log (UnityEngine.LogType,object)
07-19 11:07:36.076  6552  6583 I Unity   : UnityEngine.Debug:Log (object)
