07-19 11:07:36.299  6552  6583 I Unity   : UnityEngine.DebugLogHandler:LogFormat (UnityEngine.LogType,UnityEngine.Object,string,object[])
07-19 11:07:36.299  6552  6583 I Unity   : UnityEngine.Logger:Log (UnityEngine.LogType,object)
07-19 11:07:36.299  6552  6583 I Unity   : UnityEngine.Debug:Log (object)
07-19 11:07:36.299  6552  6583 I Unity   : HeadsetMotionGetter:Update () (at D:/UnityProjects/natml-test/Assets/HeadsetMotionGetter.cs:36)
07-19 11:07:36.299  6552  6583 I Unity   : 
07-19 11:07:36.300  6552  6583 I Unity   : Output data: 0
07-19 11:07:36.300  6552  6583 I Unity   : UnityEngine.StackTraceUtility:ExtractStackTrace () (at /Users/bokken/buildslave/unity/build/Runtime/Export/Scripting/StackTrace.cs:37)
07-19 11:07:36.300  6552  6583 I Unity   : UnityEngine.DebugLogHandler:LogFormat (UnityEngine.LogType,UnityEngine.Object,string,object[])
07-19 11:07:36.300  6552  6583 I Unity   : UnityEngine.Logger:Log (UnityEngine.LogType,object)
07-19 11:07:36.300  6552  6583 I Unity   : UnityEngine.Debug:Log (object)
07-19 11:07:36.300  6552  6583 I Unity   : PredictDataScript:Update () (at D:/UnityProjects/natml-test/Assets/PredictDataScript.cs:56)
07-19 11:07:36.300  6552  6583 I Unity   : 
07-19 11:07:36.305  2601  2712 I GuardianSurfaceMgr: [GuardianSurfaceMgr::GetSurfaceMapData] surface 0 does not exist in map.
07-19 11:07:36.313  6552  6583 I Unity   : PX:0.0007349849
07-19 11:07:36.313  6552  6583 I Unity   : UnityEngine.StackTraceUtility:ExtractStackTrace () (at /Users/bokken/buildslave/unity/build/Runtime/Export/Scripting/StackTrace.cs:37)
07-19 11:07:36.313  6552  6583 I Unity   : UnityEngine.DebugLogHandler:LogFormat (UnityEngine.LogType,UnityEngine.Object,string,object[])
07-19 11:07:36.313  6552  6583 I Unity   : UnityEngine.Logger:Log (UnityEngine.LogType,object)
07-19 11:07:36.313  6552  6583 I Unity   : UnityEngine.Debug:Log (object)
07-19 11:07:36.313  6552  6583 I Unity   : HeadsetMotionGetter:Update () (at D:/UnityProjects/natml-test/Assets/HeadsetMotionGetter.cs:31)
07-19 11:07:36.313  6552  6583 I Unity   : 
07-19 11:07:36.313  6552  6583 I Unity   : VX:0.002974047
07-19 11:07:36.313  6552  6583 I Unity   : UnityEngine.StackTraceUtility:ExtractStackTrace () (at /Users/bokken/buildslave/unity/build/Runtime/Export/Scripting/StackTrace.cs:37)
07-19 11:07:36.313  6552  6583 I Unity   : UnityEngine.DebugLogHandler:LogFormat (UnityEngine.LogType,UnityEngine.Object,string,object[])
07-19 11:07:36.313  6552  6583 I Unity   : UnityEngine.Logger:Log (UnityEngine.LogType,object)
07-19 11:07:36.313  6552  6583 I Unity   : UnityEngine.Debug:Log (object)
07-19 11:07:36.313  6552  6583 I Unity   : HeadsetMotionGetter:Update () (at D:/UnityProjects/natml-test/Assets/HeadsetMotionGetter.cs:35)
07-19 11:07:36.313  6552  6583 I Unity   : 
07-19 11:07:36.313  6552  6583 I Unity   : AX:0.1911342
07-19 11:07:36.313  6552  6583 I Unity   : UnityEngine.StackTraceUtility:ExtractStackTrace () (at /Users/bokken/buildslave/unity/build/Runtime/Export/Scripting/StackTrace.cs:37)
07-19 11:07:36.313  6552  6583 I Unity   : UnityEngine.DebugLogHandler:LogFormat (UnityEngine.LogType,UnityEngine.Object,string,object[])
07-19 11:07:36.313  6552  6583 I Unity   : UnityEngine.Logger:Log (UnityEngine.LogType,object)
07-19 11:07:36.313  6552  6583 I Unity   : UnityEngine.Debug:Log (object)
07-19 11:07:36.313  6552  6583 I Unity   : HeadsetMotionGetter:Update () (at D:/UnityProjects/natml-test/Assets/HeadsetMotionGetter.cs:36)
07-19 11:07:36.313  6552  6583 I Unity   : 
07-19 11:07:36.314  6552  6583 I Unity   : Output data: 0
07-19 11:07:36.314  6552  6583 I Unity   : UnityEngine.StackTraceUtility:ExtractStackTrace () (at /Users/bokken/buildslave/unity/build/Runtime/Export/Scripting/StackTrace.cs:37)
07-19 11:07:36.314  6552  6583 I Unity   : UnityEngine.DebugLogHandler:LogFormat (UnityEngine.LogType,UnityEngine.Object,string,object[])
07-19 11:07:36.314  6552  6583 I Unity   : UnityEngine.Logger:Log (UnityEngine.LogType,object)
07-19 11:07:36.314  6552  6583 I Unity   : UnityEngine.Debug:Log (object)
07-19 11:07:36.314  6552  6583 I Unity   : PredictDataScript:Update () (at D:/UnityProjects/natml-test/Assets/PredictDataScript.cs:56)
07-19 11:07:36.314  6552  6583 I Unity   : 
07-19 11:07:36.320  2601  2712 I GuardianSurfaceMgr: [GuardianSurfaceMgr::GetSurfaceMapData] surface 0 does not exist in map.
07-19 11:07:36.323  2601  2949 I Telemetry: App memory usage: PSS=55 MiB, PrivateDirty=46 MiB, PrivateClean=4 MiB, GPU=2.1/4.1 MiB (52% allocated)
07-19 11:07:36.327  6552  6583 I Unity   : PX:0.0007713437
07-19 11:07:36.327  6552  6583 I Unity   : UnityEngine.StackTraceUtility:ExtractStackTrace () (at /Users/bokken/buildslave/unity/build/Runtime/Export/Scripting/StackTrace.cs:37)
07-19 11:07:36.327  6552  6583 I Unity   : UnityEngine.DebugLogHandler:LogFormat (UnityEngine.LogType,UnityEngine.Object,string,object[])
07-19 11:07:36.327  6552  6583 I Unity   : UnityEngine.Logger:Log (UnityEngine.LogType,object)
07-19 11:07:36.327  6552  6583 I Unity   : UnityEngine.Debug:Log (object)
07-19 11:07:36.327  6552  6583 I Unity   : HeadsetMotionGetter:Update () (at D:/UnityProjects/natml-test/Assets/HeadsetMotionGetter.cs:31)
07-19 11:07:36.327  6552  6583 I Unity   : 
07-19 11:07:36.327  6552  6583 I Unity   : VX:0.002671756
07-19 11:07:36.327  6552  6583 I Unity   : UnityEngine.StackTraceUtility:ExtractStackTrace () (at /Users/bokken/buildslave/unity/build/Runtime/Export/Scripting/StackTrace.cs:37)
07-19 11:07:36.327  6552  6583 I Unity   : UnityEngine.DebugLogHandler:LogFormat (UnityEngine.LogType,UnityEngine.Object,string,object[])
07-19 11:07:36.327  6552  6583 I Unity   : UnityEngine.Logger:Log (UnityEngine.LogType,object)
07-19 11:07:36.327  6552  6583 I Unity   : UnityEngine.Debug:Log (object)
07-19 11:07:36.327  6552  6583 I Unity   : HeadsetMotionGetter:Update () (at D:/UnityProjects/natml-test/Assets/HeadsetMotionGetter.cs:35)
07-19 11:07:36.327  6552  6583 I Unity   : 
07-19 11:07:36.327  6552  6583 I Unity   : AX:-0.0222133
07-19 11:07:36.327  6552  6583 I Unity   : UnityEngine.StackTraceUtility:ExtractStackTrace () (at /Users/bokken/buildslave/unity/build/Runtime/Export/Scripting/StackTrace.cs:37)
07-19 11:07:36.327  6552  6583 I Unity   : UnityEngine.DebugLogHandler:LogFormat (UnityEngine.LogType,UnityEngine.Object,string,object[])
07-19 11:07:36.327  6552  6583 I Unity   : UnityEngine.Logger:Log (UnityEngine.LogType,object)
07-19 11:07:36.327  6552  6583 I Unity   : UnityEngine.Debug:Log (object)
07-19 11:07:36.327  6552  6583 I Unity   : HeadsetMotionGetter:Update () (at D:/UnityProjects/natml-test/Assets/HeadsetMotionGetter.cs:36)
07-19 11:07:36.327  6552  6583 I Unity   : 
07-19 11:07:36.328  6552  6583 I Unity   : Output data: 0
07-19 11:07:36.328  6552  6583 I Unity   : UnityEngine.StackTraceUtility:ExtractStackTrace () (at /Users/bokken/buildslave/unity/build/Runtime/Export/Scripting/StackTrace.cs:37)
07-19 11:07:36.328  6552  6583 I Unity   : UnityEngine.DebugLogHandler:LogFormat (UnityEngine.LogType,UnityEngine.Object,string,object[])
07-19 11:07:36.328  6552  6583 I Unity   : UnityEngine.Logger:Log (UnityEngine.LogType,object)
07-19 11:07:36.328  6552  6583 I Unity   : UnityEngine.Debug:Log (object)
07-19 11:07:36.328  6552  6583 I Unity   : PredictDataScript:Update () (at D:/UnityProjects/natml-test/Assets/PredictDataScript.cs:56)
07-19 11:07:36.328  6552  6583 I Unity   : 
07-19 11:07:36.333  2601  2712 I GuardianSurfaceMgr: [GuardianSurfaceMgr::GetSurfaceMapData] surface 0 does not exist in map.
07-19 11:07:36.341  6552  6583 I Unity   : PX:0.000768289
07-19 11:07:36.341  6552  6583 I Unity   : UnityEngine.StackTraceUtility:ExtractStackTrace () (at /Users/bokken/buildslave/unity/build/Runtime/Export/Scripting/StackTrace.cs:37)
07-19 11:07:36.341  6552  6583 I Unity   : UnityEngine.DebugLogHandler:LogFormat (UnityEngine.LogType,UnityEngine.Object,string,object[])
07-19 11:07:36.341  6552  6583 I Unity   : UnityEngine.Logger:Log (UnityEngine.LogType,object)
07-19 11:07:36.341  6552  6583 I Unity   : UnityEngine.Debug:Log (object)
07-19 11:07:36.341  6552  6583 I Unity   : HeadsetMotionGetter:Update () (at D:/UnityProjects/natml-test/Assets/HeadsetMotionGetter.cs:31)
07-19 11:07:36.341  6552  6583 I Unity   : 
07-19 11:07:36.341  6552  6583 I Unity   : VX:-0.0002186927
07-19 11:07:36.341  6552  6583 I Unity   : UnityEngine.StackTraceUtility:ExtractStackTrace () (at /Users/bokken/buildslave/unity/build/Runtime/Export/Scripting/StackTrace.cs:37)
07-19 11:07:36.341  6552  6583 I Unity   : UnityEngine.DebugLogHandler:LogFormat (UnityEngine.LogType,UnityEngine.Object,string,object[])
07-19 11:07:36.341  6552  6583 I Unity   : UnityEngine.Logger:Log (UnityEngine.LogType,object)
07-19 11:07:36.341  6552  6583 I Unity   : UnityEngine.Debug:Log (object)
07-19 11:07:36.341  6552  6583 I Unity   : HeadsetMotionGetter:Update () (at D:/UnityProjects/natml-test/Assets/HeadsetMotionGetter.cs:35)
07-19 11:07:36.341  6552  6583 I Unity   : 
07-19 11:07:36.341  6552  6583 I Unity   : AX:-0.206931
07-19 11:07:36.341  6552  6583 I Unity   : UnityEngine.StackTraceUtility:ExtractStackTrace () (at /Users/bokken/buildslave/unity/build/Runtime/Export/Scripting/StackTrace.cs:37)
07-19 11:07:36.341  6552  6583 I Unity   : UnityEngine.DebugLogHandler:LogFormat (UnityEngine.LogType,UnityEngine.Object,string,object[])
07-19 11:07:36.341  6552  6583 I Unity   : UnityEngine.Logger:Log (UnityEngine.LogType,object)
07-19 11:07:36.341  6552  6583 I Unity   : UnityEngine.Debug:Log (object)
07-19 11:07:36.341  6552  6583 I Unity   : HeadsetMotionGetter:Update () (at D:/UnityProjects/natml-test/Assets/HeadsetMotionGetter.cs:36)
07-19 11:07:36.341  6552  6583 I Unity   : 
07-19 11:07:36.342  6552  6583 I Unity   : Output data: 0
07-19 11:07:36.342  6552  6583 I Unity   : UnityEngine.StackTraceUtility:ExtractStackTrace () (at /Users/bokken/buildslave/unity/build/Runtime/Export/Scripting/StackTrace.cs:37)
07-19 11:07:36.342  6552  6583 I Unity   : UnityEngine.DebugLogHandler:LogFormat (UnityEngine.LogType,UnityEngine.Object,string,object[])
07-19 11:07:36.342  6552  6583 I Unity   : UnityEngine.Logger:Log (UnityEngine.LogType,object)
07-19 11:07:36.342  6552  6583 I Unity   : UnityEngine.Debug:Log (object)
07-19 11:07:36.342  6552  6583 I Unity   : PredictDataScript:Update () (at D:/UnityProjects/natml-test/Assets/PredictDataScript.cs:56)
07-19 11:07:36.342  6552  6583 I Unity   : 
07-19 11:07:36.347  2601  2712 I GuardianSurfaceMgr: [GuardianSurfaceMgr::GetSurfaceMapData] surface 0 does not exist in map.
07-19 11:07:36.354  6552  6583 I Unity   : PX:0.0007541329
07-19 11:07:36.354  6552  6583 I Unity   : UnityEngine.StackTraceUtility:ExtractStackTrace () (at /Users/bokken/buildslave/unity/build/Runtime/Export/Scripting/StackTrace.cs:37)
07-19 11:07:36.354  6552  6583 I Unity   : UnityEngine.DebugLogHandler:LogFormat (UnityEngine.LogType,UnityEngine.Object,string,object[])
07-19 11:07:36.354  6552  6583 I Unity   : UnityEngine.Logger:Log (UnityEngine.LogType,object)
07-19 11:07:36.354  6552  6583 I Unity   : UnityEngine.Debug:Log (object)
07-19 11:07:36.354  6552  6583 I Unity   : HeadsetMotionGetter:Update () (at D:/UnityProjects/natml-test/Assets/HeadsetMotionGetter.cs:31)
07-19 11:07:36.354  6552  6583 I Unity   : 
07-19 11:07:36.354  6552  6583 I Unity   : VX:-0.00100503
07-19 11:07:36.354  6552  6583 I Unity   : UnityEngine.StackTraceUtility:ExtractStackTrace () (at /Users/bokken/buildslave/unity/build/Runtime/Export/Scripting/StackTrace.cs:37)
07-19 11:07:36.354  6552  6583 I Unity   : UnityEngine.DebugLogHandler:LogFormat (UnityEngine.LogType,UnityEngine.Object,string,object[])
07-19 11:07:36.354  6552  6583 I Unity   : UnityEngine.Logger:Log (UnityEngine.LogType,object)
07-19 11:07:36.354  6552  6583 I Unity   : UnityEngine.Debug:Log (object)
07-19 11:07:36.354  6552  6583 I Unity   : HeadsetMotionGetter:Update () (at D:/UnityProjects/natml-test/Assets/HeadsetMotionGetter.cs:35)
07-19 11:07:36.354  6552  6583 I Unity   : 
07-19 11:07:36.355  6552  6583 I Unity   : AX:-0.05582693
07-19 11:07:36.355  6552  6583 I Unity   : UnityEngine.StackTraceUtility:ExtractStackTrace () (at /Users/bokken/buildslave/unity/build/Runtime/Export/Scripting/StackTrace.cs:37)
07-19 11:07:36.355  6552  6583 I Unity   : UnityEngine.DebugLogHandler:LogFormat (UnityEngine.LogType,UnityEngine.Object,string,object[])
07-19 11:07:36.355  6552  6583 I Unity   : UnityEngine.Logger:Log (UnityEngine.LogType,object)
07-19 11:07:36.355  6552  6583 I Unity   : UnityEngine.Debug:Log (object)
07-19 11:07:36.355  6552  6583 I Unity   : HeadsetMotionGetter:Update () (at D:/UnityProjects/natml-test/Assets/HeadsetMotionGetter.cs:36)
07-19 11:07:36.355  6552  6583 I Unity   : 
07-19 11:07:36.356  6552  6583 I Unity   : Output data: 0
07-19 11:07:36.356  6552  6583 I Unity   : UnityEngine.StackTraceUtility:ExtractStackTrace () (at /Users/bokken/buildslave/unity/build/Runtime/Export/Scripting/StackTrace.cs:37)
07-19 11:07:36.356  6552  6583 I Unity   : UnityEngine.DebugLogHandler:LogFormat (UnityEngine.LogType,UnityEngine.Object,string,object[])
07-19 11:07:36.356  6552  6583 I Unity   : UnityEngine.Logger:Log (UnityEngine.LogType,object)
07-19 11:07:36.356  6552  6583 I Unity   : UnityEngine.Debug:Log (object)
07-19 11:07:36.356  6552  6583 I Unity   : PredictDataScript:Update () (at D:/UnityProjects/natml-test/Assets/PredictDataScript.cs:56)
07-19 11:07:36.356  6552  6583 I Unity   : 
07-19 11:07:36.362  2601  2712 I GuardianSurfaceMgr: [GuardianSurfaceMgr::GetSurfaceMapData] surface 0 does not exist in map.
07-19 11:07:36.368  6552  6583 I Unity   : PX:0.0007261932
07-19 11:07:36.368  6552  6583 I Unity   : UnityEngine.StackTraceUtility:ExtractStackTrace () (at /Users/bokken/buildslave/unity/build/Runtime/Export/Scripting/StackTrace.cs:37)
07-19 11:07:36.368  6552  6583 I Unity   : UnityEngine.DebugLogHandler:LogFormat (UnityEngine.LogType,UnityEngine.Object,string,object[])
07-19 11:07:36.368  6552  6583 I Unity   : UnityEngine.Logger:Log (UnityEngine.LogType,object)
07-19 11:07:36.368  6552  6583 I Unity   : UnityEngine.Debug:Log (object)
07-19 11:07:36.368  6552  6583 I Unity   : HeadsetMotionGetter:Update () (at D:/UnityProjects/natml-test/Assets/HeadsetMotionGetter.cs:31)
07-19 11:07:36.368  6552  6583 I Unity   : 
07-19 11:07:36.368  6552  6583 I Unity   : VX:-0.002076511
07-19 11:07:36.368  6552  6583 I Unity   : UnityEngine.StackTraceUtility:ExtractStackTrace () (at /Users/bokken/buildslave/unity/build/Runtime/Export/Scripting/StackTrace.cs:37)
07-19 11:07:36.368  6552  6583 I Unity   : UnityEngine.DebugLogHandler:LogFormat (UnityEngine.LogType,UnityEngine.Object,string,object[])
07-19 11:07:36.368  6552  6583 I Unity   : UnityEngine.Logger:Log (UnityEngine.LogType,object)
07-19 11:07:36.368  6552  6583 I Unity   : UnityEngine.Debug:Log (object)
07-19 11:07:36.368  6552  6583 I Unity   : HeadsetMotionGetter:Update () (at D:/UnityProjects/natml-test/Assets/HeadsetMotionGetter.cs:35)
07-19 11:07:36.368  6552  6583 I Unity   : 
07-19 11:07:36.369  6552  6583 I Unity   : AX:-0.07963385
07-19 11:07:36.369  6552  6583 I Unity   : UnityEngine.StackTraceUtility:ExtractStackTrace () (at /Users/bokken/buildslave/unity/build/Runtime/Export/Scripting/StackTrace.cs:37)
07-19 11:07:36.369  6552  6583 I Unity   : UnityEngine.DebugLogHandler:LogFormat (UnityEngine.LogType,UnityEngine.Object,string,object[])
07-19 11:07:36.369  6552  6583 I Unity   : UnityEngine.Logger:Log (UnityEngine.LogType,object)
07-19 11:07:36.369  6552  6583 I Unity   : UnityEngine.Debug:Log (object)
07-19 11:07:36.369  6552  6583 I Unity   : HeadsetMotionGetter:Update () (at D:/UnityProjects/natml-test/Assets/HeadsetMotionGetter.cs:36)
07-19 11:07:36.369  6552  6583 I Unity   : 
07-19 11:07:36.370  6552  6583 I Unity   : Output data: 0
07-19 11:07:36.370  6552  6583 I Unity   : UnityEngine.StackTraceUtility:ExtractStackTrace () (at /Users/bokken/buildslave/unity/build/Runtime/Export/Scripting/StackTrace.cs:37)
07-19 11:07:36.370  6552  6583 I Unity   : UnityEngine.DebugLogHandler:LogFormat (UnityEngine.LogType,UnityEngine.Object,string,object[])
07-19 11:07:36.370  6552  6583 I Unity   : UnityEngine.Logger:Log (UnityEngine.LogType,object)
07-19 11:07:36.370  6552  6583 I Unity   : UnityEngine.Debug:Log (object)
07-19 11:07:36.370  6552  6583 I Unity   : PredictDataScript:Update () (at D:/UnityProjects/natml-test/Assets/PredictDataScript.cs:56)
07-19 11:07:36.370  6552  6583 I Unity   : 
07-19 11:07:36.374  2601  2712 I GuardianSurfaceMgr: [GuardianSurfaceMgr::GetSurfaceMapData] surface 0 does not exist in map.
07-19 11:07:36.382  6552  6583 I Unity   : PX:0.0006650835
07-19 11:07:36.382  6552  6583 I Unity   : UnityEngine.StackTraceUtility:ExtractStackTrace () (at /Users/bokken/buildslave/unity/build/Runtime/Export/Scripting/StackTrace.cs:37)
07-19 11:07:36.382  6552  6583 I Unity   : UnityEngine.DebugLogHandler:LogFormat (UnityEngine.LogType,UnityEngine.Object,string,object[])
07-19 11:07:36.382  6552  6583 I Unity   : UnityEngine.Logger:Log (UnityEngine.LogType,object)
07-19 11:07:36.382  6552  6583 I Unity   : UnityEngine.Debug:Log (object)
07-19 11:07:36.382  6552  6583 I Unity   : HeadsetMotionGetter:Update () (at D:/UnityProjects/natml-test/Assets/HeadsetMotionGetter.cs:31)
07-19 11:07:36.382  6552  6583 I Unity   : 
07-19 11:07:36.383  6552  6583 I Unity   : VX:-0.004377826
07-19 11:07:36.383  6552  6583 I Unity   : UnityEngine.StackTraceUtility:ExtractStackTrace () (at /Users/bokken/buildslave/unity/build/Runtime/Export/Scripting/StackTrace.cs:37)
07-19 11:07:36.383  6552  6583 I Unity   : UnityEngine.DebugLogHandler:LogFormat (UnityEngine.LogType,UnityEngine.Object,string,object[])
07-19 11:07:36.383  6552  6583 I Unity   : UnityEngine.Logger:Log (UnityEngine.LogType,object)
07-19 11:07:36.383  6552  6583 I Unity   : UnityEngine.Debug:Log (object)
07-19 11:07:36.383  6552  6583 I Unity   : HeadsetMotionGetter:Update () (at D:/UnityProjects/natml-test/Assets/HeadsetMotionGetter.cs:35)
07-19 11:07:36.383  6552  6583 I Unity   : 
07-19 11:07:36.383  6552  6583 I Unity   : AX:-0.1648636
07-19 11:07:36.383  6552  6583 I Unity   : UnityEngine.StackTraceUtility:ExtractStackTrace () (at /Users/bokken/buildslave/unity/build/Runtime/Export/Scripting/StackTrace.cs:37)
07-19 11:07:36.383  6552  6583 I Unity   : UnityEngine.DebugLogHandler:LogFormat (UnityEngine.LogType,UnityEngine.Object,string,object[])
07-19 11:07:36.383  6552  6583 I Unity   : UnityEngine.Logger:Log (UnityEngine.LogType,object)
07-19 11:07:36.383  6552  6583 I Unity   : UnityEngine.Debug:Log (object)
07-19 11:07:36.383  6552  6583 I Unity   : HeadsetMotionGetter:Update () (at D:/UnityProjects/natml-test/Assets/HeadsetMotionGetter.cs:36)
07-19 11:07:36.383  6552  6583 I Unity   : 
07-19 11:07:36.384  6552  6583 I Unity   : Output data: 0
07-19 11:07:36.384  6552  6583 I Unity   : UnityEngine.StackTraceUtility:ExtractStackTrace () (at /Users/bokken/buildslave/unity/build/Runtime/Export/Scripting/StackTrace.cs:37)
07-19 11:07:36.384  6552  6583 I Unity   : UnityEngine.DebugLogHandler:LogFormat (UnityEngine.LogType,UnityEngine.Object,string,object[])
07-19 11:07:36.384  6552  6583 I Unity   : UnityEngine.Logger:Log (UnityEngine.LogType,object)
07-19 11:07:36.384  6552  6583 I Unity   : UnityEngine.Debug:Log (object)
07-19 11:07:36.384  6552  6583 I Unity   : PredictDataScript:Update () (at D:/UnityProjects/natml-test/Assets/PredictDataScript.cs:56)
07-19 11:07:36.384  6552  6583 I Unity   : 
07-19 11:07:36.388  2601  2712 I GuardianSurfaceMgr: [GuardianSurfaceMgr::GetSurfaceMapData] surface 0 does not exist in map.
07-19 11:07:36.395  6552  6583 I Unity   : PX:0.0006271899
07-19 11:07:36.395  6552  6583 I Unity   : UnityEngine.StackTraceUtility:ExtractStackTrace () (at /Users/bokken/buildslave/unity/build/Runtime/Export/Scripting/StackTrace.cs:37)
07-19 11:07:36.395  6552  6583 I Unity   : UnityEngine.DebugLogHandler:LogFormat (UnityEngine.LogType,UnityEngine.Object,string,object[])
07-19 11:07:36.395  6552  6583 I Unity   : UnityEngine.Logger:Log (UnityEngine.LogType,object)
07-19 11:07:36.395  6552  6583 I Unity   : UnityEngine.Debug:Log (object)
07-19 11:07:36.395  6552  6583 I Unity   : HeadsetMotionGetter:Update () (at D:/UnityProjects/natml-test/Assets/HeadsetMotionGetter.cs:31)
07-19 11:07:36.395  6552  6583 I Unity   : 
07-19 11:07:36.396  6552  6583 I Unity   : VX:-0.002640759
07-19 11:07:36.396  6552  6583 I Unity   : UnityEngine.StackTraceUtility:ExtractStackTrace () (at /Users/bokken/buildslave/unity/build/Runtime/Export/Scripting/StackTrace.cs:37)
07-19 11:07:36.396  6552  6583 I Unity   : UnityEngine.DebugLogHandler:LogFormat (UnityEngine.LogType,UnityEngine.Object,string,object[])
07-19 11:07:36.396  6552  6583 I Unity   : UnityEngine.Logger:Log (UnityEngine.LogType,object)
07-19 11:07:36.396  6552  6583 I Unity   : UnityEngine.Debug:Log (object)
07-19 11:07:36.396  6552  6583 I Unity   : HeadsetMotionGetter:Update () (at D:/UnityProjects/natml-test/Assets/HeadsetMotionGetter.cs:35)
07-19 11:07:36.396  6552  6583 I Unity   : 
07-19 11:07:36.396  6552  6583 I Unity   : AX:0.1210539
07-19 11:07:36.396  6552  6583 I Unity   : UnityEngine.StackTraceUtility:ExtractStackTrace () (at /Users/bokken/buildslave/unity/build/Runtime/Export/Scripting/StackTrace.cs:37)
07-19 11:07:36.396  6552  6583 I Unity   : UnityEngine.DebugLogHandler:LogFormat (UnityEngine.LogType,UnityEngine.Object,string,object[])
07-19 11:07:36.396  6552  6583 I Unity   : UnityEngine.Logger:Log (UnityEngine.LogType,object)
07-19 11:07:36.396  6552  6583 I Unity   : UnityEngine.Debug:Log (object)
07-19 11:07:36.396  6552  6583 I Unity   : HeadsetMotionGetter:Update () (at D:/UnityProjects/natml-test/Assets/HeadsetMotionGetter.cs:36)
07-19 11:07:36.396  6552  6583 I Unity   : 
07-19 11:07:36.397  6552  6583 I Unity   : Output data: 0
07-19 11:07:36.397  6552  6583 I Unity   : UnityEngine.StackTraceUtility:ExtractStackTrace () (at /Users/bokken/buildslave/unity/build/Runtime/Export/Scripting/StackTrace.cs:37)
07-19 11:07:36.397  6552  6583 I Unity   : UnityEngine.DebugLogHandler:LogFormat (UnityEngine.LogType,UnityEngine.Object,string,object[])
07-19 11:07:36.397  6552  6583 I Unity   : UnityEngine.Logger:Log (UnityEngine.LogType,object)
07-19 11:07:36.397  6552  6583 I Unity   : UnityEngine.Debug:Log (object)
07-19 11:07:36.397  6552  6583 I Unity   : PredictDataScript:Update () (at D:/UnityProjects/natml-test/Assets/PredictDataScript.cs:56)
07-19 11:07:36.397  6552  6583 I Unity   : 
07-19 11:07:36.403  2601  2712 I GuardianSurfaceMgr: [GuardianSurfaceMgr::GetSurfaceMapData] surface 0 does not exist in map.
07-19 11:07:36.410  6552  6583 I Unity   : PX:0.000531286
07-19 11:07:36.410  6552  6583 I Unity   : UnityEngine.StackTraceUtility:ExtractStackTrace () (at /Users/bokken/buildslave/unity/build/Runtime/Export/Scripting/StackTrace.cs:37)
07-19 11:07:36.410  6552  6583 I Unity   : UnityEngine.DebugLogHandler:LogFormat (UnityEngine.LogType,UnityEngine.Object,string,object[])
07-19 11:07:36.410  6552  6583 I Unity   : UnityEngine.Logger:Log (UnityEngine.LogType,object)
07-19 11:07:36.410  6552  6583 I Unity   : UnityEngine.Debug:Log (object)
07-19 11:07:36.410  6552  6583 I Unity   : HeadsetMotionGetter:Update () (at D:/UnityProjects/natml-test/Assets/HeadsetMotionGetter.cs:31)
07-19 11:07:36.410  6552  6583 I Unity   : 
07-19 11:07:36.410  6552  6583 I Unity   : VX:-0.00739681
07-19 11:07:36.410  6552  6583 I Unity   : UnityEngine.StackTraceUtility:ExtractStackTrace () (at /Users/bokken/buildslave/unity/build/Runtime/Export/Scripting/StackTrace.cs:37)
07-19 11:07:36.410  6552  6583 I Unity   : UnityEngine.DebugLogHandler:LogFormat (UnityEngine.LogType,UnityEngine.Object,string,object[])
07-19 11:07:36.410  6552  6583 I Unity   : UnityEngine.Logger:Log (UnityEngine.LogType,object)
07-19 11:07:36.410  6552  6583 I Unity   : UnityEngine.Debug:Log (object)
07-19 11:07:36.410  6552  6583 I Unity   : HeadsetMotionGetter:Update () (at D:/UnityProjects/natml-test/Assets/HeadsetMotionGetter.cs:35)
07-19 11:07:36.410  6552  6583 I Unity   : 
07-19 11:07:36.410  6552  6583 I Unity   : AX:-0.3668216
07-19 11:07:36.410  6552  6583 I Unity   : UnityEngine.StackTraceUtility:ExtractStackTrace () (at /Users/bokken/buildslave/unity/build/Runtime/Export/Scripting/StackTrace.cs:37)
07-19 11:07:36.410  6552  6583 I Unity   : UnityEngine.DebugLogHandler:LogFormat (UnityEngine.LogType,UnityEngine.Object,string,object[])
07-19 11:07:36.410  6552  6583 I Unity   : UnityEngine.Logger:Log (UnityEngine.LogType,object)
07-19 11:07:36.410  6552  6583 I Unity   : UnityEngine.Debug:Log (object)
07-19 11:07:36.410  6552  6583 I Unity   : HeadsetMotionGetter:Update () (at D:/UnityProjects/natml-test/Assets/HeadsetMotionGetter.cs:36)
07-19 11:07:36.410  6552  6583 I Unity   : 
07-19 11:07:36.411  6552  6583 I Unity   : Output data: 0
07-19 11:07:36.411  6552  6583 I Unity   : UnityEngine.StackTraceUtility:ExtractStackTrace () (at /Users/bokken/buildslave/unity/build/Runtime/Export/Scripting/StackTrace.cs:37)
07-19 11:07:36.411  6552  6583 I Unity   : UnityEngine.DebugLogHandler:LogFormat (UnityEngine.LogType,UnityEngine.Object,string,object[])
07-19 11:07:36.411  6552  6583 I Unity   : UnityEngine.Logger:Log (UnityEngine.LogType,object)
07-19 11:07:36.411  6552  6583 I Unity   : UnityEngine.Debug:Log (object)
07-19 11:07:36.411  6552  6583 I Unity   : PredictDataScript:Update () (at D:/UnityProjects/natml-test/Assets/PredictDataScript.cs:56)
07-19 11:07:36.411  6552  6583 I Unity   : 
07-19 11:07:36.416  2601  2712 I GuardianSurfaceMgr: [GuardianSurfaceMgr::GetSurfaceMapData] surface 0 does not exist in map.
07-19 11:07:36.424  6552  6583 I Unity   : PX:0.0004905015
07-19 11:07:36.424  6552  6583 I Unity   : UnityEngine.StackTraceUtility:ExtractStackTrace () (at /Users/bokken/buildslave/unity/build/Runtime/Export/Scripting/StackTrace.cs:37)
07-19 11:07:36.424  6552  6583 I Unity   : UnityEngine.DebugLogHandler:LogFormat (UnityEngine.LogType,UnityEngine.Object,string,object[])
07-19 11:07:36.424  6552  6583 I Unity   : UnityEngine.Logger:Log (UnityEngine.LogType,object)
07-19 11:07:36.424  6552  6583 I Unity   : UnityEngine.Debug:Log (object)
07-19 11:07:36.424  6552  6583 I Unity   : HeadsetMotionGetter:Update () (at D:/UnityProjects/natml-test/Assets/HeadsetMotionGetter.cs:31)
07-19 11:07:36.424  6552  6583 I Unity   : 
07-19 11:07:36.424  6552  6583 I Unity   : VX:-0.002860552
07-19 11:07:36.424  6552  6583 I Unity   : UnityEngine.StackTraceUtility:ExtractStackTrace () (at /Users/bokken/buildslave/unity/build/Runtime/Export/Scripting/StackTrace.cs:37)
07-19 11:07:36.424  6552  6583 I Unity   : UnityEngine.DebugLogHandler:LogFormat (UnityEngine.LogType,UnityEngine.Object,string,object[])
07-19 11:07:36.424  6552  6583 I Unity   : UnityEngine.Logger:Log (UnityEngine.LogType,object)
07-19 11:07:36.424  6552  6583 I Unity   : UnityEngine.Debug:Log (object)
07-19 11:07:36.424  6552  6583 I Unity   : HeadsetMotionGetter:Update () (at D:/UnityProjects/natml-test/Assets/HeadsetMotionGetter.cs:35)
07-19 11:07:36.424  6552  6583 I Unity   : 
07-19 11:07:36.424  6552  6583 I Unity   : AX:0.3181652
07-19 11:07:36.424  6552  6583 I Unity   : UnityEngine.StackTraceUtility:ExtractStackTrace () (at /Users/bokken/buildslave/unity/build/Runtime/Export/Scripting/StackTrace.cs:37)
07-19 11:07:36.424  6552  6583 I Unity   : UnityEngine.DebugLogHandler:LogFormat (UnityEngine.LogType,UnityEngine.Object,string,object[])
07-19 11:07:36.424  6552  6583 I Unity   : UnityEngine.Logger:Log (UnityEngine.LogType,object)
07-19 11:07:36.424  6552  6583 I Unity   : UnityEngine.Debug:Log (object)
07-19 11:07:36.424  6552  6583 I Unity   : HeadsetMotionGetter:Update () (at D:/UnityProjects/natml-test/Assets/HeadsetMotionGetter.cs:36)
07-19 11:07:36.424  6552  6583 I Unity   : 
07-19 11:07:36.425  6552  6583 I Unity   : Output data: 0
07-19 11:07:36.425  6552  6583 I Unity   : UnityEngine.StackTraceUtility:ExtractStackTrace () (at /Users/bokken/buildslave/unity/build/Runtime/Export/Scripting/StackTrace.cs:37)
07-19 11:07:36.425  6552  6583 I Unity   : UnityEngine.DebugLogHandler:LogFormat (UnityEngine.LogType,UnityEngine.Object,string,object[])
07-19 11:07:36.425  6552  6583 I Unity   : UnityEngine.Logger:Log (UnityEngine.LogType,object)
07-19 11:07:36.425  6552  6583 I Unity   : UnityEngine.Debug:Log (object)
07-19 11:07:36.425  6552  6583 I Unity   : PredictDataScript:Update () (at D:/UnityProjects/natml-test/Assets/PredictDataScript.cs:56)
07-19 11:07:36.425  6552  6583 I Unity   : 
07-19 11:07:36.430  2601  2712 I GuardianSurfaceMgr: [GuardianSurfaceMgr::GetSurfaceMapData] surface 0 does not exist in map.
07-19 11:07:36.437  6552  6583 I Unity   : PX:0.0003654212
07-19 11:07:36.437  6552  6583 I Unity   : UnityEngine.StackTraceUtility:ExtractStackTrace () (at /Users/bokken/buildslave/unity/build/Runtime/Export/Scripting/StackTrace.cs:37)
07-19 11:07:36.437  6552  6583 I Unity   : UnityEngine.DebugLogHandler:LogFormat (UnityEngine.LogType,UnityEngine.Object,string,object[])
07-19 11:07:36.437  6552  6583 I Unity   : UnityEngine.Logger:Log (UnityEngine.LogType,object)
07-19 11:07:36.437  6552  6583 I Unity   : UnityEngine.Debug:Log (object)
07-19 11:07:36.437  6552  6583 I Unity   : HeadsetMotionGetter:Update () (at D:/UnityProjects/natml-test/Assets/HeadsetMotionGetter.cs:31)
07-19 11:07:36.437  6552  6583 I Unity   : 
07-19 11:07:36.437  6552  6583 I Unity   : VX:-0.008688524
07-19 11:07:36.437  6552  6583 I Unity   : UnityEngine.StackTraceUtility:ExtractStackTrace () (at /Users/bokken/buildslave/unity/build/Runtime/Export/Scripting/StackTrace.cs:37)
07-19 11:07:36.437  6552  6583 I Unity   : UnityEngine.DebugLogHandler:LogFormat (UnityEngine.LogType,UnityEngine.Object,string,object[])
07-19 11:07:36.437  6552  6583 I Unity   : UnityEngine.Logger:Log (UnityEngine.LogType,object)
07-19 11:07:36.437  6552  6583 I Unity   : UnityEngine.Debug:Log (object)
07-19 11:07:36.437  6552  6583 I Unity   : HeadsetMotionGetter:Update () (at D:/UnityProjects/natml-test/Assets/HeadsetMotionGetter.cs:35)
07-19 11:07:36.437  6552  6583 I Unity   : 
07-19 11:07:36.437  6552  6583 I Unity   : AX:-0.4048316
07-19 11:07:36.437  6552  6583 I Unity   : UnityEngine.StackTraceUtility:ExtractStackTrace () (at /Users/bokken/buildslave/unity/build/Runtime/Export/Scripting/StackTrace.cs:37)
07-19 11:07:36.437  6552  6583 I Unity   : UnityEngine.DebugLogHandler:LogFormat (UnityEngine.LogType,UnityEngine.Object,string,object[])
07-19 11:07:36.437  6552  6583 I Unity   : UnityEngine.Logger:Log (UnityEngine.LogType,object)
07-19 11:07:36.437  6552  6583 I Unity   : UnityEngine.Debug:Log (object)
07-19 11:07:36.437  6552  6583 I Unity   : HeadsetMotionGetter:Update () (at D:/UnityProjects/natml-test/Assets/HeadsetMotionGetter.cs:36)
07-19 11:07:36.437  6552  6583 I Unity   : 
07-19 11:07:36.439  6552  6583 I Unity   : Output data: 0
07-19 11:07:36.439  6552  6583 I Unity   : UnityEngine.StackTraceUtility:ExtractStackTrace () (at /Users/bokken/buildslave/unity/build/Runtime/Export/Scripting/StackTrace.cs:37)
07-19 11:07:36.439  6552  6583 I Unity   : UnityEngine.DebugLogHandler:LogFormat (UnityEngine.LogType,UnityEngine.Object,string,object[])
07-19 11:07:36.439  6552  6583 I Unity   : UnityEngine.Logger:Log (UnityEngine.LogType,object)
07-19 11:07:36.439  6552  6583 I Unity   : UnityEngine.Debug:Log (object)
07-19 11:07:36.439  6552  6583 I Unity   : PredictDataScript:Update () (at D:/UnityProjects/natml-test/Assets/PredictDataScript.cs:56)
07-19 11:07:36.439  6552  6583 I Unity   : 
07-19 11:07:36.444  2601  2712 I GuardianSurfaceMgr: [GuardianSurfaceMgr::GetSurfaceMapData] surface 0 does not exist in map.
07-19 11:07:36.452  6552  6583 I Unity   : PX:0.0002630502
07-19 11:07:36.452  6552  6583 I Unity   : UnityEngine.StackTraceUtility:ExtractStackTrace () (at /Users/bokken/buildslave/unity/build/Runtime/Export/Scripting/StackTrace.cs:37)
07-19 11:07:36.452  6552  6583 I Unity   : UnityEngine.DebugLogHandler:LogFormat (UnityEngine.LogType,UnityEngine.Object,string,object[])
07-19 11:07:36.452  6552  6583 I Unity   : UnityEngine.Logger:Log (UnityEngine.LogType,object)
07-19 11:07:36.452  6552  6583 I Unity   : UnityEngine.Debug:Log (object)
07-19 11:07:36.452  6552  6583 I Unity   : HeadsetMotionGetter:Update () (at D:/UnityProjects/natml-test/Assets/HeadsetMotionGetter.cs:31)
07-19 11:07:36.452  6552  6583 I Unity   : 
07-19 11:07:36.452  6552  6583 I Unity   : VX:-0.007502711
07-19 11:07:36.452  6552  6583 I Unity   : UnityEngine.StackTraceUtility:ExtractStackTrace () (at /Users/bokken/buildslave/unity/build/Runtime/Export/Scripting/StackTrace.cs:37)
07-19 11:07:36.452  6552  6583 I Unity   : UnityEngine.DebugLogHandler:LogFormat (UnityEngine.LogType,UnityEngine.Object,string,object[])
07-19 11:07:36.452  6552  6583 I Unity   : UnityEngine.Logger:Log (UnityEngine.LogType,object)
07-19 11:07:36.452  6552  6583 I Unity   : UnityEngine.Debug:Log (object)
07-19 11:07:36.452  6552  6583 I Unity   : HeadsetMotionGetter:Update () (at D:/UnityProjects/natml-test/Assets/HeadsetMotionGetter.cs:35)
07-19 11:07:36.452  6552  6583 I Unity   : 
07-19 11:07:36.452  6552  6583 I Unity   : AX:0.08690757
07-19 11:07:36.452  6552  6583 I Unity   : UnityEngine.StackTraceUtility:ExtractStackTrace () (at /Users/bokken/buildslave/unity/build/Runtime/Export/Scripting/StackTrace.cs:37)
07-19 11:07:36.452  6552  6583 I Unity   : UnityEngine.DebugLogHandler:LogFormat (UnityEngine.LogType,UnityEngine.Object,string,object[])
07-19 11:07:36.452  6552  6583 I Unity   : UnityEngine.Logger:Log (UnityEngine.LogType,object)
07-19 11:07:36.452  6552  6583 I Unity   : UnityEngine.Debug:Log (object)
07-19 11:07:36.452  6552  6583 I Unity   : HeadsetMotionGetter:Update () (at D:/UnityProjects/natml-test/Assets/HeadsetMotionGetter.cs:36)
07-19 11:07:36.452  6552  6583 I Unity   : 
07-19 11:07:36.453  6552  6583 I Unity   : Output data: 0
07-19 11:07:36.453  6552  6583 I Unity   : UnityEngine.StackTraceUtility:ExtractStackTrace () (at /Users/bokken/buildslave/unity/build/Runtime/Export/Scripting/StackTrace.cs:37)
07-19 11:07:36.453  6552  6583 I Unity   : UnityEngine.DebugLogHandler:LogFormat (UnityEngine.LogType,UnityEngine.Object,string,object[])
07-19 11:07:36.453  6552  6583 I Unity   : UnityEngine.Logger:Log (UnityEngine.LogType,object)
07-19 11:07:36.453  6552  6583 I Unity   : UnityEngine.Debug:Log (object)
07-19 11:07:36.453  6552  6583 I Unity   : PredictDataScript:Update () (at D:/UnityProjects/natml-test/Assets/PredictDataScript.cs:56)
07-19 11:07:36.453  6552  6583 I Unity   : 
07-19 11:07:36.458  2601  2712 I GuardianSurfaceMgr: [GuardianSurfaceMgr::GetSurfaceMapData] surface 0 does not exist in map.
07-19 11:07:36.465  6552  6583 I Unity   : PX:0.0001638532
07-19 11:07:36.465  6552  6583 I Unity   : UnityEngine.StackTraceUtility:ExtractStackTrace () (at /Users/bokken/buildslave/unity/build/Runtime/Export/Scripting/StackTrace.cs:37)
07-19 11:07:36.465  6552  6583 I Unity   : UnityEngine.DebugLogHandler:LogFormat (UnityEngine.LogType,UnityEngine.Object,string,object[])
07-19 11:07:36.465  6552  6583 I Unity   : UnityEngine.Logger:Log (UnityEngine.LogType,object)
07-19 11:07:36.465  6552  6583 I Unity   : UnityEngine.Debug:Log (object)
07-19 11:07:36.465  6552  6583 I Unity   : HeadsetMotionGetter:Update () (at D:/UnityProjects/natml-test/Assets/HeadsetMotionGetter.cs:31)
07-19 11:07:36.465  6552  6583 I Unity   : 
07-19 11:07:36.465  6552  6583 I Unity   : VX:-0.007032471
07-19 11:07:36.465  6552  6583 I Unity   : UnityEngine.StackTraceUtility:ExtractStackTrace () (at /Users/bokken/buildslave/unity/build/Runtime/Export/Scripting/StackTrace.cs:37)
07-19 11:07:36.465  6552  6583 I Unity   : UnityEngine.DebugLogHandler:LogFormat (UnityEngine.LogType,UnityEngine.Object,string,object[])
07-19 11:07:36.465  6552  6583 I Unity   : UnityEngine.Logger:Log (UnityEngine.LogType,object)
07-19 11:07:36.465  6552  6583 I Unity   : UnityEngine.Debug:Log (object)
07-19 11:07:36.465  6552  6583 I Unity   : HeadsetMotionGetter:Update () (at D:/UnityProjects/natml-test/Assets/HeadsetMotionGetter.cs:35)
07-19 11:07:36.465  6552  6583 I Unity   : 
07-19 11:07:36.465  6552  6583 I Unity   : AX:0.03333722
07-19 11:07:36.465  6552  6583 I Unity   : UnityEngine.StackTraceUtility:ExtractStackTrace () (at /Users/bokken/buildslave/unity/build/Runtime/Export/Scripting/StackTrace.cs:37)
07-19 11:07:36.465  6552  6583 I Unity   : UnityEngine.DebugLogHandler:LogFormat (UnityEngine.LogType,UnityEngine.Object,string,object[])
07-19 11:07:36.465  6552  6583 I Unity   : UnityEngine.Logger:Log (UnityEngine.LogType,object)
07-19 11:07:36.465  6552  6583 I Unity   : UnityEngine.Debug:Log (object)
07-19 11:07:36.465  6552  6583 I Unity   : HeadsetMotionGetter:Update () (at D:/UnityProjects/natml-test/Assets/HeadsetMotionGetter.cs:36)
07-19 11:07:36.465  6552  6583 I Unity   : 
07-19 11:07:36.467  6552  6583 I Unity   : Output data: 0
07-19 11:07:36.467  6552  6583 I Unity   : UnityEngine.StackTraceUtility:ExtractStackTrace () (at /Users/bokken/buildslave/unity/build/Runtime/Export/Scripting/StackTrace.cs:37)
07-19 11:07:36.467  6552  6583 I Unity   : UnityEngine.DebugLogHandler:LogFormat (UnityEngine.LogType,UnityEngine.Object,string,object[])
07-19 11:07:36.467  6552  6583 I Unity   : UnityEngine.Logger:Log (UnityEngine.LogType,object)
07-19 11:07:36.467  6552  6583 I Unity   : UnityEngine.Debug:Log (object)
07-19 11:07:36.467  6552  6583 I Unity   : PredictDataScript:Update () (at D:/UnityProjects/natml-test/Assets/PredictDataScript.cs:56)
07-19 11:07:36.467  6552  6583 I Unity   : 
07-19 11:07:36.472  2601  2712 I GuardianSurfaceMgr: [GuardianSurfaceMgr::GetSurfaceMapData] surface 0 does not exist in map.
07-19 11:07:36.479  6552  6583 I Unity   : PX:4.519522E-05
07-19 11:07:36.479  6552  6583 I Unity   : UnityEngine.StackTraceUtility:ExtractStackTrace () (at /Users/bokken/buildslave/unity/build/Runtime/Export/Scripting/StackTrace.cs:37)
07-19 11:07:36.479  6552  6583 I Unity   : UnityEngine.DebugLogHandler:LogFormat (UnityEngine.LogType,UnityEngine.Object,string,object[])
07-19 11:07:36.479  6552  6583 I Unity   : UnityEngine.Logger:Log (UnityEngine.LogType,object)
07-19 11:07:36.479  6552  6583 I Unity   : UnityEngine.Debug:Log (object)
07-19 11:07:36.479  6552  6583 I Unity   : HeadsetMotionGetter:Update () (at D:/UnityProjects/natml-test/Assets/HeadsetMotionGetter.cs:31)
07-19 11:07:36.479  6552  6583 I Unity   : 
07-19 11:07:36.480  6552  6583 I Unity   : VX:-0.008812187
07-19 11:07:36.480  6552  6583 I Unity   : UnityEngine.StackTraceUtility:ExtractStackTrace () (at /Users/bokken/buildslave/unity/build/Runtime/Export/Scripting/StackTrace.cs:37)
07-19 11:07:36.480  6552  6583 I Unity   : UnityEngine.DebugLogHandler:LogFormat (UnityEngine.LogType,UnityEngine.Object,string,object[])
07-19 11:07:36.480  6552  6583 I Unity   : UnityEngine.Logger:Log (UnityEngine.LogType,object)
07-19 11:07:36.480  6552  6583 I Unity   : UnityEngine.Debug:Log (object)
07-19 11:07:36.480  6552  6583 I Unity   : HeadsetMotionGetter:Update () (at D:/UnityProjects/natml-test/Assets/HeadsetMotionGetter.cs:35)
07-19 11:07:36.480  6552  6583 I Unity   : 
07-19 11:07:36.480  6552  6583 I Unity   : AX:-0.1321715
07-19 11:07:36.480  6552  6583 I Unity   : UnityEngine.StackTraceUtility:ExtractStackTrace () (at /Users/bokken/buildslave/unity/build/Runtime/Export/Scripting/StackTrace.cs:37)
07-19 11:07:36.480  6552  6583 I Unity   : UnityEngine.DebugLogHandler:LogFormat (UnityEngine.LogType,UnityEngine.Object,string,object[])
07-19 11:07:36.480  6552  6583 I Unity   : UnityEngine.Logger:Log (UnityEngine.LogType,object)
07-19 11:07:36.480  6552  6583 I Unity   : UnityEngine.Debug:Log (object)
07-19 11:07:36.480  6552  6583 I Unity   : HeadsetMotionGetter:Update () (at D:/UnityProjects/natml-test/Assets/HeadsetMotionGetter.cs:36)
07-19 11:07:36.480  6552  6583 I Unity   : 
07-19 11:07:36.481  6552  6583 I Unity   : Output data: 0
07-19 11:07:36.481  6552  6583 I Unity   : UnityEngine.StackTraceUtility:ExtractStackTrace () (at /Users/bokken/buildslave/unity/build/Runtime/Export/Scripting/StackTrace.cs:37)
07-19 11:07:36.481  6552  6583 I Unity   : UnityEngine.DebugLogHandler:LogFormat (UnityEngine.LogType,UnityEngine.Object,string,object[])
07-19 11:07:36.481  6552  6583 I Unity   : UnityEngine.Logger:Log (UnityEngine.LogType,object)
07-19 11:07:36.481  6552  6583 I Unity   : UnityEngine.Debug:Log (object)
07-19 11:07:36.481  6552  6583 I Unity   : PredictDataScript:Update () (at D:/UnityProjects/natml-test/Assets/PredictDataScript.cs:56)
07-19 11:07:36.481  6552  6583 I Unity   : 
07-19 11:07:36.486  2601  2712 I GuardianSurfaceMgr: [GuardianSurfaceMgr::GetSurfaceMapData] surface 0 does not exist in map.
07-19 11:07:36.493  6552  6583 I Unity   : PX:-0.0001027584
07-19 11:07:36.493  6552  6583 I Unity   : UnityEngine.StackTraceUtility:ExtractStackTrace () (at /Users/bokken/buildslave/unity/build/Runtime/Export/Scripting/StackTrace.cs:37)
07-19 11:07:36.493  6552  6583 I Unity   : UnityEngine.DebugLogHandler:LogFormat (UnityEngine.LogType,UnityEngine.Object,string,object[])
07-19 11:07:36.493  6552  6583 I Unity   : UnityEngine.Logger:Log (UnityEngine.LogType,object)
07-19 11:07:36.493  6552  6583 I Unity   : UnityEngine.Debug:Log (object)
07-19 11:07:36.493  6552  6583 I Unity   : HeadsetMotionGetter:Update () (at D:/UnityProjects/natml-test/Assets/HeadsetMotionGetter.cs:31)
07-19 11:07:36.493  6552  6583 I Unity   : 
07-19 11:07:36.493  6552  6583 I Unity   : VX:-0.01015482
07-19 11:07:36.493  6552  6583 I Unity   : UnityEngine.StackTraceUtility:ExtractStackTrace () (at /Users/bokken/buildslave/unity/build/Runtime/Export/Scripting/StackTrace.cs:37)
07-19 11:07:36.493  6552  6583 I Unity   : UnityEngine.DebugLogHandler:LogFormat (UnityEngine.LogType,UnityEngine.Object,string,object[])
07-19 11:07:36.493  6552  6583 I Unity   : UnityEngine.Logger:Log (UnityEngine.LogType,object)
07-19 11:07:36.493  6552  6583 I Unity   : UnityEngine.Debug:Log (object)
07-19 11:07:36.493  6552  6583 I Unity   : HeadsetMotionGetter:Update () (at D:/UnityProjects/natml-test/Assets/HeadsetMotionGetter.cs:35)
07-19 11:07:36.493  6552  6583 I Unity   : 
07-19 11:07:36.493  6552  6583 I Unity   : AX:-0.09215189
07-19 11:07:36.493  6552  6583 I Unity   : UnityEngine.StackTraceUtility:ExtractStackTrace () (at /Users/bokken/buildslave/unity/build/Runtime/Export/Scripting/StackTrace.cs:37)
07-19 11:07:36.493  6552  6583 I Unity   : UnityEngine.DebugLogHandler:LogFormat (UnityEngine.LogType,UnityEngine.Object,string,object[])
07-19 11:07:36.493  6552  6583 I Unity   : UnityEngine.Logger:Log (UnityEngine.LogType,object)
07-19 11:07:36.493  6552  6583 I Unity   : UnityEngine.Debug:Log (object)
07-19 11:07:36.493  6552  6583 I Unity   : HeadsetMotionGetter:Update () (at D:/UnityProjects/natml-test/Assets/HeadsetMotionGetter.cs:36)
07-19 11:07:36.493  6552  6583 I Unity   : 
07-19 11:07:36.494  6552  6583 I Unity   : Output data: 0
07-19 11:07:36.494  6552  6583 I Unity   : UnityEngine.StackTraceUtility:ExtractStackTrace () (at /Users/bokken/buildslave/unity/build/Runtime/Export/Scripting/StackTrace.cs:37)
07-19 11:07:36.494  6552  6583 I Unity   : UnityEngine.DebugLogHandler:LogFormat (UnityEngine.LogType,UnityEngine.Object,string,object[])
07-19 11:07:36.494  6552  6583 I Unity   : UnityEngine.Logger:Log (UnityEngine.LogType,object)
07-19 11:07:36.494  6552  6583 I Unity   : UnityEngine.Debug:Log (object)
07-19 11:07:36.494  6552  6583 I Unity   : PredictDataScript:Update () (at D:/UnityProjects/natml-test/Assets/PredictDataScript.cs:56)
07-19 11:07:36.494  6552  6583 I Unity   : 
07-19 11:07:36.500  2601  2712 I GuardianSurfaceMgr: [GuardianSurfaceMgr::GetSurfaceMapData] surface 0 does not exist in map.
07-19 11:07:36.507  6552  6583 I Unity   : PX:-0.0002065897
07-19 11:07:36.507  6552  6583 I Unity   : UnityEngine.StackTraceUtility:ExtractStackTrace () (at /Users/bokken/buildslave/unity/build/Runtime/Export/Scripting/StackTrace.cs:37)
07-19 11:07:36.507  6552  6583 I Unity   : UnityEngine.DebugLogHandler:LogFormat (UnityEngine.LogType,UnityEngine.Object,string,object[])
07-19 11:07:36.507  6552  6583 I Unity   : UnityEngine.Logger:Log (UnityEngine.LogType,object)
07-19 11:07:36.507  6552  6583 I Unity   : UnityEngine.Debug:Log (object)
07-19 11:07:36.507  6552  6583 I Unity   : HeadsetMotionGetter:Update () (at D:/UnityProjects/natml-test/Assets/HeadsetMotionGetter.cs:31)
07-19 11:07:36.507  6552  6583 I Unity   : 
07-19 11:07:36.507  6552  6583 I Unity   : VX:-0.007914567
07-19 11:07:36.507  6552  6583 I Unity   : UnityEngine.StackTraceUtility:ExtractStackTrace () (at /Users/bokken/buildslave/unity/build/Runtime/Export/Scripting/StackTrace.cs:37)
07-19 11:07:36.507  6552  6583 I Unity   : UnityEngine.DebugLogHandler:LogFormat (UnityEngine.LogType,UnityEngine.Object,string,object[])
07-19 11:07:36.507  6552  6583 I Unity   : UnityEngine.Logger:Log (UnityEngine.LogType,object)
07-19 11:07:36.507  6552  6583 I Unity   : UnityEngine.Debug:Log (object)
07-19 11:07:36.507  6552  6583 I Unity   : HeadsetMotionGetter:Update () (at D:/UnityProjects/natml-test/Assets/HeadsetMotionGetter.cs:35)
07-19 11:07:36.507  6552  6583 I Unity   : 
07-19 11:07:36.507  6552  6583 I Unity   : AX:0.1707639
07-19 11:07:36.507  6552  6583 I Unity   : UnityEngine.StackTraceUtility:ExtractStackTrace () (at /Users/bokken/buildslave/unity/build/Runtime/Export/Scripting/StackTrace.cs:37)
07-19 11:07:36.507  6552  6583 I Unity   : UnityEngine.DebugLogHandler:LogFormat (UnityEngine.LogType,UnityEngine.Object,string,object[])
07-19 11:07:36.507  6552  6583 I Unity   : UnityEngine.Logger:Log (UnityEngine.LogType,object)
07-19 11:07:36.507  6552  6583 I Unity   : UnityEngine.Debug:Log (object)
07-19 11:07:36.507  6552  6583 I Unity   : HeadsetMotionGetter:Update () (at D:/UnityProjects/natml-test/Assets/HeadsetMotionGetter.cs:36)
07-19 11:07:36.507  6552  6583 I Unity   : 
07-19 11:07:36.508  6552  6583 I Unity   : Output data: 0
07-19 11:07:36.508  6552  6583 I Unity   : UnityEngine.StackTraceUtility:ExtractStackTrace () (at /Users/bokken/buildslave/unity/build/Runtime/Export/Scripting/StackTrace.cs:37)
07-19 11:07:36.508  6552  6583 I Unity   : UnityEngine.DebugLogHandler:LogFormat (UnityEngine.LogType,UnityEngine.Object,string,object[])
07-19 11:07:36.508  6552  6583 I Unity   : UnityEngine.Logger:Log (UnityEngine.LogType,object)
07-19 11:07:36.508  6552  6583 I Unity   : UnityEngine.Debug:Log (object)
07-19 11:07:36.508  6552  6583 I Unity   : PredictDataScript:Update () (at D:/UnityProjects/natml-test/Assets/PredictDataScript.cs:56)
07-19 11:07:36.508  6552  6583 I Unity   : 
07-19 11:07:36.514  2601  2712 I GuardianSurfaceMgr: [GuardianSurfaceMgr::GetSurfaceMapData] surface 0 does not exist in map.
07-19 11:07:36.521  6552  6583 I Unity   : PX:-0.0002818257
07-19 11:07:36.521  6552  6583 I Unity   : UnityEngine.StackTraceUtility:ExtractStackTrace () (at /Users/bokken/buildslave/unity/build/Runtime/Export/Scripting/StackTrace.cs:37)
07-19 11:07:36.521  6552  6583 I Unity   : UnityEngine.DebugLogHandler:LogFormat (UnityEngine.LogType,UnityEngine.Object,string,object[])
07-19 11:07:36.521  6552  6583 I Unity   : UnityEngine.Logger:Log (UnityEngine.LogType,object)
07-19 11:07:36.521  6552  6583 I Unity   : UnityEngine.Debug:Log (object)
07-19 11:07:36.521  6552  6583 I Unity   : HeadsetMotionGetter:Update () (at D:/UnityProjects/natml-test/Assets/HeadsetMotionGetter.cs:31)
07-19 11:07:36.521  6552  6583 I Unity   : 
07-19 11:07:36.521  6552  6583 I Unity   : VX:-0.005364418
07-19 11:07:36.521  6552  6583 I Unity   : UnityEngine.StackTraceUtility:ExtractStackTrace () (at /Users/bokken/buildslave/unity/build/Runtime/Export/Scripting/StackTrace.cs:37)
07-19 11:07:36.521  6552  6583 I Unity   : UnityEngine.DebugLogHandler:LogFormat (UnityEngine.LogType,UnityEngine.Object,string,object[])
07-19 11:07:36.521  6552  6583 I Unity   : UnityEngine.Logger:Log (UnityEngine.LogType,object)
07-19 11:07:36.521  6552  6583 I Unity   : UnityEngine.Debug:Log (object)
07-19 11:07:36.521  6552  6583 I Unity   : HeadsetMotionGetter:Update () (at D:/UnityProjects/natml-test/Assets/HeadsetMotionGetter.cs:35)
07-19 11:07:36.521  6552  6583 I Unity   : 
07-19 11:07:36.521  6552  6583 I Unity   : AX:0.1818288
07-19 11:07:36.521  6552  6583 I Unity   : UnityEngine.StackTraceUtility:ExtractStackTrace () (at /Users/bokken/buildslave/unity/build/Runtime/Export/Scripting/StackTrace.cs:37)
07-19 11:07:36.521  6552  6583 I Unity   : UnityEngine.DebugLogHandler:LogFormat (UnityEngine.LogType,UnityEngine.Object,string,object[])
07-19 11:07:36.521  6552  6583 I Unity   : UnityEngine.Logger:Log (UnityEngine.LogType,object)
07-19 11:07:36.521  6552  6583 I Unity   : UnityEngine.Debug:Log (object)
07-19 11:07:36.521  6552  6583 I Unity   : HeadsetMotionGetter:Update () (at D:/UnityProjects/natml-test/Assets/HeadsetMotionGetter.cs:36)
07-19 11:07:36.521  6552  6583 I Unity   : 
07-19 11:07:36.523  6552  6583 I Unity   : Output data: 0
07-19 11:07:36.523  6552  6583 I Unity   : UnityEngine.StackTraceUtility:ExtractStackTrace () (at /Users/bokken/buildslave/unity/build/Runtime/Export/Scripting/StackTrace.cs:37)
07-19 11:07:36.523  6552  6583 I Unity   : UnityEngine.DebugLogHandler:LogFormat (UnityEngine.LogType,UnityEngine.Object,string,object[])
07-19 11:07:36.523  6552  6583 I Unity   : UnityEngine.Logger:Log (UnityEngine.LogType,object)
07-19 11:07:36.523  6552  6583 I Unity   : UnityEngine.Debug:Log (object)
07-19 11:07:36.523  6552  6583 I Unity   : PredictDataScript:Update () (at D:/UnityProjects/natml-test/Assets/PredictDataScript.cs:56)
07-19 11:07:36.523  6552  6583 I Unity   : 
07-19 11:07:36.528  2601  2712 I GuardianSurfaceMgr: [GuardianSurfaceMgr::GetSurfaceMapData] surface 0 does not exist in map.
07-19 11:07:36.535  6552  6583 I Unity   : PX:-0.0004156977
